<html>
<body>
<pre>
<h1>µVision Build Log</h1>
<h2>Tool Versions:</h2>
IDE-Version: ¦ÌVision V5.28.0.0
Copyright (C) 2019 ARM Ltd and ARM Germany GmbH. All rights reserved.
License Information: 1 1, 1, LIC=UJWP0-BVAPZ-GKCBG-VG4P8-34TUG-ABS7V
 
Tool Versions:
Toolchain:       MDK-ARM Plus  Version: 5.28.0.0
Toolchain Path:  C:\Keil_v5\ARM\ARMCC\Bin
C Compiler:      Armcc.exe V5.06 update 6 (build 750)
Assembler:       Armasm.exe V5.06 update 6 (build 750)
Linker/Locator:  ArmLink.exe V5.06 update 6 (build 750)
Library Manager: ArmAr.exe V5.06 update 6 (build 750)
Hex Converter:   FromElf.exe V5.06 update 6 (build 750)
CPU DLL:         SARMCM3.DLL V5.28.0.0
Dialog DLL:      DCM.DLL V1.17.3.0
Target DLL:      CMSIS_AGDI.dll V1.31.18.0
Dialog DLL:      TCM.DLL V1.36.2.0
 
<h2>Project:</h2>
C:\studyword\UAV\10_improve_part\ProjectSTM32F407\ANO_LX_STM32F407.uvprojx
Project File Date:  07/20/2024

<h2>Output:</h2>
*** Using Compiler 'V5.06 update 6 (build 750)', folder: 'C:\Keil_v5\ARM\ARMCC\Bin'
Build target 'Ano_LX'
compiling control.c...
compiling mode.c...
compiling pid.c...
compiling key.c...
compiling main.c...
compiling my_uart.c...
compiling User_Task.c...
compiling ANO_DT_LX.c...
compiling Ano_Scheduler.c...
compiling LX_FC_EXT_Sensor.c...
compiling NiMing_UpperConputer.c...
compiling ANO_LX.c...
compiling get_data.c...
compiling LX_FC_State.c...
compiling LX_FC_Fun.c...
compiling mbotLinuxUsart.c...
compiling buzzer.c...
compiling oled.c...
assembling startup_stm32f4xx.s...
compiling Drv_UbloxGPS.c...
compiling Drv_AnoOf.c...
compiling Drv_BSP.c...
compiling Drv_adc.c...
compiling Drv_PwmOut.c...
compiling stm32f4xx_it.c...
compiling misc.c...
compiling Drv_Timer.c...
compiling Drv_led.c...
compiling Ano_Math.c...
compiling Drv_Sys.c...
compiling system_stm32f4xx.c...
compiling Drv_RcIn.c...
compiling Drv_Uart.c...
compiling stm32f4xx_adc.c...
compiling stm32f4xx_exti.c...
compiling stm32f4xx_gpio.c...
compiling stm32f4xx_usart.c...
compiling stm32f4xx_dma.c...
compiling stm32f4xx_rcc.c...
compiling stm32f4xx_flash.c...
compiling stm32f4xx_spi.c...
compiling stm32f4xx_tim.c...
linking...
Program Size: Code=58784 RO-data=4188 RW-data=1664 ZI-data=6272  
FromELF: creating hex file...
After Build - User command #1: fromelf.exe --bin -o ./ANO-LX.bin ./build/Ano_LX.axf
".\build\ANO_LX.axf" - 0 Error(s), 0 Warning(s).

<h2>Software Packages used:</h2>

Package Vendor: Keil
                http://www.keil.com/pack/Keil.STM32F4xx_DFP.2.5.0.pack
                Keil.STM32F4xx_DFP.2.5.0
                STMicroelectronics STM32F4 Series Device Support, Drivers and Examples

<h2>Collection of Component include folders:</h2>
  .\RTE\_Ano_LX
  C:\Keil_v5\Local\Arm\Packs\Keil\STM32F4xx_DFP\2.5.0\Drivers\CMSIS\Device\ST\STM32F4xx\Include

<h2>Collection of Component Files used:</h2>
Build Time Elapsed:  00:00:03
</pre>
</body>
</html>
