Component: ARM Compiler 5.06 update 7 (build 960) Tool: armlink [4d3601]

==============================================================================

Section Cross References

    main.o(.text) refers to drv_bsp.o(.text) for All_Init
    main.o(.text) refers to ano_scheduler.o(.text) for Scheduler_Setup
    ano_scheduler.o(.text) refers to get_data.o(.text) for get_data
    ano_scheduler.o(.text) refers to niming_upperconputer.o(.text) for ANODT_SendF4
    ano_scheduler.o(.text) refers to pid.o(.text) for PID
    ano_scheduler.o(.text) refers to key.o(.text) for KEY_Scan_1
    ano_scheduler.o(.text) refers to oled.o(.text) for OLED_Clear
    ano_scheduler.o(.text) refers to mbotlinuxusart.o(.text) for usartSendData
    ano_scheduler.o(.text) refers to my_uart.o(.text) for MY_urst2_Send
    ano_scheduler.o(.text) refers to user_task.o(.text) for UserTask_OneKeyCmd
    ano_scheduler.o(.text) refers to buzzer.o(.text) for beep_bsp
    ano_scheduler.o(.text) refers to drv_sys.o(.text) for GetSysRunTimeMs
    ano_scheduler.o(.text) refers to mbotlinuxusart.o(.data) for radar_data_2
    ano_scheduler.o(.text) refers to mode.o(.data) for dis_y_fix
    ano_scheduler.o(.text) refers to control.o(.data) for time_cnt_ms
    ano_scheduler.o(.text) refers to key.o(.data) for KEY_1
    ano_scheduler.o(.text) refers to my_uart.o(.data) for to_OpenMV_data_0
    ano_scheduler.o(.text) refers to buzzer.o(.data) for beep_flag
    ano_scheduler.o(.text) refers to ano_scheduler.o(.data) for cnt
    ano_scheduler.o(.data) refers to ano_scheduler.o(.text) for Loop_1000Hz
    user_task.o(.text) refers to lx_fc_fun.o(.text) for OneKey_Land
    user_task.o(.text) refers to control.o(.text) for all_data_init
    user_task.o(.text) refers to mode.o(.text) for mode_select
    user_task.o(.text) refers to get_data.o(.text) for set_dis_zero
    user_task.o(.text) refers to dfixi.o(.text) for __aeabi_d2iz
    user_task.o(.text) refers to drv_bsp.o(.bss) for rc_in
    user_task.o(.text) refers to user_task.o(.data) for one_key_land_f
    user_task.o(.text) refers to control.o(.data) for mission_step
    user_task.o(.text) refers to mode.o(.data) for dis_x_target
    user_task.o(.text) refers to get_data.o(.data) for yaw
    user_task.o(.text) refers to key.o(.data) for KEY_1
    user_task.o(.text) refers to mbotlinuxusart.o(.data) for radar_wait_time
    user_task.o(.text) refers to my_uart.o(.data) for to_OpenMV_data_0
    ano_dt_lx.o(.text) refers to drv_uart.o(.text) for DrvUart5SendBuf
    ano_dt_lx.o(.text) refers to ano_dt_lx.o(.bss) for dt
    ano_dt_lx.o(.text) refers to ano_lx.o(.bss) for pwm_to_esc
    ano_dt_lx.o(.text) refers to drv_led.o(.data) for led
    ano_dt_lx.o(.text) refers to lx_fc_state.o(.bss) for fc_sta
    ano_dt_lx.o(.text) refers to ano_lx.o(.data) for fc_vel
    ano_dt_lx.o(.text) refers to ano_dt_lx.o(.data) for rxstate
    ano_dt_lx.o(.text) refers to lx_fc_ext_sensor.o(.bss) for ext_sens
    ano_dt_lx.o(.text) refers to drv_bsp.o(.bss) for rc_in
    ano_lx.o(.text) refers to lx_fc_fun.o(.text) for LX_Change_Mode
    ano_lx.o(.text) refers to ano_math.o(.text) for my_deadzone
    ano_lx.o(.text) refers to drv_pwmout.o(.text) for DrvMotorPWMSet
    ano_lx.o(.text) refers to drv_bsp.o(.bss) for rc_in
    ano_lx.o(.text) refers to control.o(.data) for my_code_control_flag
    ano_lx.o(.text) refers to lx_fc_state.o(.data) for sti_fun
    ano_lx.o(.text) refers to ano_lx.o(.bss) for rt_tar
    ano_lx.o(.text) refers to ano_dt_lx.o(.bss) for dt
    ano_lx.o(.text) refers to ano_lx.o(.data) for fail_safe_change_mod
    ano_lx.o(.text) refers to lx_fc_state.o(.bss) for fc_sta
    ano_lx.o(.text) refers to drv_adc.o(.text) for Drv_AdcGetBatVot
    ano_lx.o(.text) refers to drv_bsp.o(.text) for DrvRcInputTask
    ano_lx.o(.text) refers to lx_fc_state.o(.text) for LX_FC_State_Task
    ano_lx.o(.text) refers to drv_anoof.o(.text) for AnoOF_Check_State
    ano_lx.o(.text) refers to drv_uart.o(.text) for DrvUartDataCheck
    ano_lx.o(.text) refers to drv_ubloxgps.o(.text) for GPS_Data_Prepare_Task
    ano_lx.o(.text) refers to lx_fc_ext_sensor.o(.text) for LX_FC_EXT_Sensor_Task
    ano_lx.o(.text) refers to ano_dt_lx.o(.text) for ANO_LX_Data_Exchange_Task
    ano_lx.o(.text) refers to drv_led.o(.text) for LED_1ms_DRV
    lx_fc_ext_sensor.o(.text) refers to drv_anoof.o(.bss) for ano_of
    lx_fc_ext_sensor.o(.text) refers to lx_fc_ext_sensor.o(.data) for of_alt_update_cnt
    lx_fc_ext_sensor.o(.text) refers to lx_fc_ext_sensor.o(.bss) for ext_sens
    lx_fc_ext_sensor.o(.text) refers to ano_dt_lx.o(.bss) for dt
    lx_fc_fun.o(.text) refers to ano_dt_lx.o(.text) for CMD_Send
    lx_fc_fun.o(.text) refers to lx_fc_state.o(.bss) for fc_sta
    lx_fc_fun.o(.text) refers to ano_dt_lx.o(.bss) for dt
    lx_fc_fun.o(.text) refers to lx_fc_fun.o(.data) for old_mode
    lx_fc_state.o(.text) refers to lx_fc_fun.o(.text) for FC_Unlock
    lx_fc_state.o(.text) refers to drv_bsp.o(.bss) for rc_in
[...]
    .data                                    0x20000470   Section       56  mbotlinuxusart.o(.data)
    checkSum                                 0x2000049a   Data           1  mbotlinuxusart.o(.data)
    USARTBufferIndex                         0x2000049b   Data           1  mbotlinuxusart.o(.data)
    j                                        0x2000049c   Data           2  mbotlinuxusart.o(.data)
    k                                        0x2000049e   Data           2  mbotlinuxusart.o(.data)
    USARTReceiverFront                       0x200004a0   Data           1  mbotlinuxusart.o(.data)
    Start_Flag                               0x200004a1   Data           1  mbotlinuxusart.o(.data)
    dataLength                               0x200004a2   Data           2  mbotlinuxusart.o(.data)
    length                                   0x200004a4   Data           4  mbotlinuxusart.o(.data)
    .data                                    0x200004a8   Section       19  drv_bsp.o(.data)
    ch_sta                                   0x200004a8   Data           1  drv_bsp.o(.data)
    sbus_time                                0x200004ac   Data           8  drv_bsp.o(.data)
    cnt                                      0x200004b4   Data           1  drv_bsp.o(.data)
    frame_cnt                                0x200004b5   Data           1  drv_bsp.o(.data)
    cnt_tmp                                  0x200004b6   Data           1  drv_bsp.o(.data)
    time_dly                                 0x200004b8   Data           2  drv_bsp.o(.data)
    failsafe                                 0x200004ba   Data           1  drv_bsp.o(.data)
    .data                                    0x200004bb   Section        3  drv_anoof.o(.data)
    _data_len                                0x200004bb   Data           1  drv_anoof.o(.data)
    _data_cnt                                0x200004bc   Data           1  drv_anoof.o(.data)
    rxstate                                  0x200004bd   Data           1  drv_anoof.o(.data)
    .data                                    0x200004be   Section      182  drv_ubloxgps.o(.data)
    protocol_class                           0x2000056d   Data           1  drv_ubloxgps.o(.data)
    protocol_id                              0x2000056e   Data           1  drv_ubloxgps.o(.data)
    protocol_length_t                        0x2000056f   Data           1  drv_ubloxgps.o(.data)
    protocol_length                          0x20000570   Data           2  drv_ubloxgps.o(.data)
    state                                    0x20000573   Data           1  drv_ubloxgps.o(.data)
    .data                                    0x20000578   Section        8  drv_sys.o(.data)
    SysRunTimeMs                             0x20000578   Data           8  drv_sys.o(.data)
    .data                                    0x20000580   Section       12  drv_led.o(.data)
    led_cnt                                  0x20000584   Data           8  drv_led.o(.data)
    .data                                    0x2000058c   Section        4  drv_rcin.o(.data)
    temp_cnt                                 0x2000058c   Data           4  drv_rcin.o(.data)
    .data                                    0x20000590   Section       20  drv_uart.o(.data)
    .data                                    0x200005a4   Section       20  system_stm32f4xx.o(.data)
    .data                                    0x200005b8   Section       16  stm32f4xx_rcc.o(.data)
    APBAHBPrescTable                         0x200005b8   Data          16  stm32f4xx_rcc.o(.data)
    .bss                                     0x200005c8   Section     1872  ano_dt_lx.o(.bss)
    DT_RxBuffer                              0x20000c18   Data         256  ano_dt_lx.o(.bss)
    .bss                                     0x20000d18   Section       64  ano_lx.o(.bss)
    pwm                                      0x20000d48   Data          16  ano_lx.o(.bss)
    .bss                                     0x20000d58   Section       48  lx_fc_ext_sensor.o(.bss)
    .bss                                     0x20000d88   Section       11  lx_fc_state.o(.bss)
    .bss                                     0x20000d93   Section       30  niming_upperconputer.o(.bss)
    .bss                                     0x20000db1   Section       16  mbotlinuxusart.o(.bss)
    .bss                                     0x20000dc2   Section      107  drv_bsp.o(.bss)
    datatmp                                  0x20000e14   Data          25  drv_bsp.o(.bss)
    .bss                                     0x20000e30   Section      124  drv_anoof.o(.bss)
    _datatemp                                0x20000e6c   Data          50  drv_anoof.o(.bss)
    check_time_ms                            0x20000ea0   Data          12  drv_anoof.o(.bss)
    .bss                                     0x20000eac   Section      100  drv_ubloxgps.o(.bss)
    .bss                                     0x20000f10   Section      100  drv_adc.o(.bss)
    .bss                                     0x20000f74   Section     1780  drv_uart.o(.bss)
    STACK                                    0x20001668   Section     2048  startup_stm32f4xx.o(STACK)

    Global Symbols

    Symbol Name                              Value     Ov Type        Size  Object(Section)

    BuildAttributes$$THM_ISAv4$E$P$D$K$B$S$7EM$VFPi3$EXTD16$VFPS$VFMA$PE$A:L22UL41UL21$X:L11$S22US41US21$IEEE1$IW$USESV6$~STKCKD$USESV7$~SHL$OTIME$ROPI$EBA8$MICROLIB$REQ8$PRES8$EABIv2 0x00000000   Number         0  anon$$obj.o ABSOLUTE
    __ARM_use_no_argv                        0x00000000   Number         0  main.o ABSOLUTE
    __arm_fini_                               - Undefined Weak Reference
    __cpp_initialize__aeabi_                  - Undefined Weak Reference
    __cxa_finalize                            - Undefined Weak Reference
    _clock_init                               - Undefined Weak Reference
    _microlib_exit                            - Undefined Weak Reference
    __Vectors_Size                           0x00000188   Number         0  startup_stm32f4xx.o ABSOLUTE
    __Vectors                                0x08000000   Data           4  startup_stm32f4xx.o(RESET)
    __Vectors_End                            0x08000188   Data           0  startup_stm32f4xx.o(RESET)
    __main                                   0x08000189   Thumb Code     0  entry.o(.ARM.Collect$$$$00000000)
    _main_stk                                0x08000189   Thumb Code     0  entry2.o(.ARM.Collect$$$$00000001)
    _main_scatterload                        0x0800018d   Thumb Code     0  entry5.o(.ARM.Collect$$$$00000004)
    __main_after_scatterload                 0x08000191   Thumb Code     0  entry5.o(.ARM.Collect$$$$00000004)
    _main_clock                              0x08000191   Thumb Code     0  entry7b.o(.ARM.Collect$$$$00000008)
    _main_cpp_init                           0x08000191   Thumb Code     0  entry8b.o(.ARM.Collect$$$$0000000A)
    _main_init                               0x08000191   Thumb Code     0  entry9a.o(.ARM.Collect$$$$0000000B)
    __rt_lib_shutdown_fini                   0x08000199   Thumb Code     0  entry12b.o(.ARM.Collect$$$$0000000E)
    __rt_final_cpp                           0x0800019d   Thumb Code     0  entry10a.o(.ARM.Collect$$$$0000000F)
    __rt_final_exit                          0x0800019d   Thumb Code     0  entry11a.o(.ARM.Collect$$$$00000011)
    assert_failed                            0x080001a1   Thumb Code     4  main.o(.text)
    main                                     0x080001a5   Thumb Code    16  main.o(.text)
    Scheduler_Setup                          0x08000309   Thumb Code    76  ano_scheduler.o(.text)
    Scheduler_Run                            0x08000355   Thumb Code    76  ano_scheduler.o(.text)
    UserTask_OneKeyCmd                       0x080003e5   Thumb Code   420  user_task.o(.text)
    ANO_DT_Init                              0x080005c1   Thumb Code   166  ano_dt_lx.o(.text)
    CK_Back                                  0x08000677   Thumb Code    12  ano_dt_lx.o(.text)
    PAR_Back                                 0x08000683   Thumb Code    14  ano_dt_lx.o(.text)
    ANO_DT_LX_Data_Receive_Prepare           0x080008af   Thumb Code   314  ano_dt_lx.o(.text)
    CMD_Send                                 0x08000cb7   Thumb Code    22  ano_dt_lx.o(.text)
    ANO_LX_Data_Exchange_Task                0x08000ccd   Thumb Code    68  ano_dt_lx.o(.text)
    ANO_LX_Task                              0x08001203   Thumb Code   144  ano_lx.o(.text)
    LX_FC_EXT_Sensor_Task                    0x080012a9   Thumb Code    78  lx_fc_ext_sensor.o(.text)
    FC_Unlock                                0x0800138d   Thumb Code    56  lx_fc_fun.o(.text)
    FC_Lock                                  0x080013c5   Thumb Code    56  lx_fc_fun.o(.text)
    LX_Change_Mode                           0x080013fd   Thumb Code    80  lx_fc_fun.o(.text)
    OneKey_Return_Home                       0x0800144d   Thumb Code    50  lx_fc_fun.o(.text)
    OneKey_Takeoff                           0x0800147f   Thumb Code    66  lx_fc_fun.o(.text)
    OneKey_Land                              0x080014c1   Thumb Code    50  lx_fc_fun.o(.text)
    Horizontal_Move                          0x080014f3   Thumb Code    98  lx_fc_fun.o(.text)
    Horizontal_Calibrate                     0x08001555   Thumb Code    50  lx_fc_fun.o(.text)
    Mag_Calibrate                            0x08001587   Thumb Code    50  lx_fc_fun.o(.text)
    ACC_Calibrate                            0x080015b9   Thumb Code    50  lx_fc_fun.o(.text)
    GYR_Calibrate                            0x080015eb   Thumb Code    50  lx_fc_fun.o(.text)
    LX_Cali_Trig_Check                       0x080017df   Thumb Code   150  lx_fc_state.o(.text)
    LX_FC_State_Task                         0x08001875   Thumb Code    26  lx_fc_state.o(.text)
    get_data                                 0x080018ad   Thumb Code   570  get_data.o(.text)
    set_dis_zero                             0x08001ae7   Thumb Code    20  get_data.o(.text)
    all_data_init                            0x08001b91   Thumb Code    12  control.o(.text)
    User_Task_Delay                          0x08001b9d   Thumb Code    38  control.o(.text)
    square_wave                              0x08001bc3   Thumb Code    60  control.o(.text)
    triangualr_wave                          0x08001bff   Thumb Code   222  control.o(.text)
    MY_urst1_Receive                         0x08001cf9   Thumb Code   174  my_uart.o(.text)
    MY_urst2_Send                            0x08001da7   Thumb Code    26  my_uart.o(.text)
    MY_urst2_Receive                         0x08001dc1   Thumb Code   534  my_uart.o(.text)
    ANODT_SendF4                             0x08002055   Thumb Code   208  niming_upperconputer.o(.text)
    ANODT_SendF1                             0x08002125   Thumb Code   128  niming_upperconputer.o(.text)
    Limit_max_int                            0x080021a9   Thumb Code    18  pid.o(.text)
    keep_hight                               0x080021bb   Thumb Code    32  pid.o(.text)
    keep_dis_x                               0x080021db   Thumb Code   182  pid.o(.text)
    keep_dis_y                               0x08002291   Thumb Code   182  pid.o(.text)
    keep_yaw                                 0x08002347   Thumb Code    30  pid.o(.text)
    PID                                      0x08002365   Thumb Code   264  pid.o(.text)
    mode_select                              0x080024f9   Thumb Code   136  mode.o(.text)
    KEY_Init                                 0x080025a1   Thumb Code    60  key.o(.text)
    KEY_Scan_1                               0x080025dd   Thumb Code    70  key.o(.text)
    KEY_Scan_2                               0x08002623   Thumb Code    70  key.o(.text)
    KEY_Scan_3                               0x08002669   Thumb Code    70  key.o(.text)
    sda_pin_mode                             0x080026c1   Thumb Code    34  oled.o(.text)
    IIC_Start                                0x080026e3   Thumb Code    56  oled.o(.text)
    IIC_Stop                                 0x0800271b   Thumb Code    44  oled.o(.text)
    IIC_Wait_Ack                             0x08002747   Thumb Code    52  oled.o(.text)
    Write_IIC_Byte                           0x0800277b   Thumb Code    98  oled.o(.text)
    Write_IIC_Command                        0x080027dd   Thumb Code    44  oled.o(.text)
    Write_IIC_Data                           0x08002809   Thumb Code    44  oled.o(.text)
    OLED_WR_Byte                             0x08002835   Thumb Code    24  oled.o(.text)
    fill_picture                             0x0800284d   Thumb Code    64  oled.o(.text)
    Delay_50ms                               0x0800288d   Thumb Code    22  oled.o(.text)
    Delay_1ms                                0x080028a3   Thumb Code    26  oled.o(.text)
    OLED_Set_Pos                             0x080028bd   Thumb Code    40  oled.o(.text)
    OLED_Display_On                          0x080028e5   Thumb Code    28  oled.o(.text)
    OLED_Display_Off                         0x08002901   Thumb Code    28  oled.o(.text)
    OLED_Clear                               0x0800291d   Thumb Code    62  oled.o(.text)
    OLED_On                                  0x0800295b   Thumb Code    62  oled.o(.text)
    OLED_ShowChar                            0x08002999   Thumb Code   154  oled.o(.text)
    oled_pow                                 0x08002a33   Thumb Code    22  oled.o(.text)
    OLED_ShowNum                             0x08002a49   Thumb Code   148  oled.o(.text)
    OLED_ShowString                          0x08002add   Thumb Code    58  oled.o(.text)
    OLED_ShowCHinese                         0x08002b17   Thumb Code    98  oled.o(.text)
    OLED_DrawBMP                             0x08002b79   Thumb Code   118  oled.o(.text)
    OLED_Init                                0x08002bef   Thumb Code   274  oled.o(.text)
    my_oled_show_0                           0x08002d01   Thumb Code   248  oled.o(.text)
    my_oled_show_1                           0x08002df9   Thumb Code   462  oled.o(.text)
    my_oled_show_2                           0x08002fc7   Thumb Code   290  oled.o(.text)
    my_oled_show_3                           0x080030e9   Thumb Code   330  oled.o(.text)
    beep_init                                0x08003271   Thumb Code    56  buzzer.o(.text)
    beep_bsp                                 0x080032a9   Thumb Code    32  buzzer.o(.text)
    beep_delay                               0x080032c9   Thumb Code    42  buzzer.o(.text)
    getCrc8                                  0x080032f9   Thumb Code    56  mbotlinuxusart.o(.text)
    usartReceiveOneData                      0x08003331   Thumb Code   492  mbotlinuxusart.o(.text)
    USART_Send_String                        0x0800351d   Thumb Code    52  mbotlinuxusart.o(.text)
    usartSendData                            0x08003551   Thumb Code   156  mbotlinuxusart.o(.text)
    DrvRcInputInit                           0x08003649   Thumb Code    20  drv_bsp.o(.text)
    All_Init                                 0x0800365d   Thumb Code   126  drv_bsp.o(.text)
    DrvPpmGetOneCh                           0x080036db   Thumb Code    92  drv_bsp.o(.text)
    DrvSbusGetOneByte                        0x08003737   Thumb Code   560  drv_bsp.o(.text)
    DrvRcInputTask                           0x08003a0f   Thumb Code   288  drv_bsp.o(.text)
    my_abs                                   0x08003b41   Thumb Code    26  ano_math.o(.text)
    fast_atan2                               0x08003b5b   Thumb Code   350  ano_math.o(.text)
    my_atan                                  0x08003cb9   Thumb Code    24  ano_math.o(.text)
    my_sqrt_reciprocal                       0x08003cd1   Thumb Code    76  ano_math.o(.text)
    my_sqrt                                  0x08003d1d   Thumb Code    20  ano_math.o(.text)
    mx_sin                                   0x08003d31   Thumb Code   292  ano_math.o(.text)
    my_sin                                   0x08003e55   Thumb Code   108  ano_math.o(.text)
    my_cos                                   0x08003ec1   Thumb Code   136  ano_math.o(.text)
    my_deadzone                              0x08003f49   Thumb Code   152  ano_math.o(.text)
    my_deadzone_2                            0x08003fe1   Thumb Code    48  ano_math.o(.text)
    my_HPF                                   0x08004011   Thumb Code   346  ano_math.o(.text)
    To_180_degrees_db                        0x0800416b   Thumb Code   108  ano_math.o(.text)
    length_limit                             0x080041d7   Thumb Code   140  ano_math.o(.text)
    fifo                                     0x08004263   Thumb Code    42  ano_math.o(.text)
    rot_vec_2                                0x0800428d   Thumb Code    84  ano_math.o(.text)
    vec_2_cross_product                      0x080042e1   Thumb Code    26  ano_math.o(.text)
    vec_2_dot_product                        0x080042fb   Thumb Code    26  ano_math.o(.text)
    vec_3_cross_product_err_sinx             0x08004315   Thumb Code    86  ano_math.o(.text)
    vec_3_dot_product                        0x0800436b   Thumb Code    38  ano_math.o(.text)
    AnoOF_Check_State                        0x080043bd   Thumb Code   180  drv_anoof.o(.text)
    AnoOF_GetOneByte                         0x080045dd   Thumb Code   252  drv_anoof.o(.text)
    GPS_Data_Prepare_Task                    0x080046fd   Thumb Code   306  drv_ubloxgps.o(.text)
    GPS_Rate_H                               0x0800482f   Thumb Code    12  drv_ubloxgps.o(.text)
    GPS_Rate_L                               0x0800483b   Thumb Code    12  drv_ubloxgps.o(.text)
    Init_GPS                                 0x08004847   Thumb Code   196  drv_ubloxgps.o(.text)
    UBLOX_M8_GPS_Data_Receive                0x0800490b   Thumb Code   328  drv_ubloxgps.o(.text)
    NMI_Handler                              0x08004aa5   Thumb Code     2  stm32f4xx_it.o(.text)
    MemManage_Handler                        0x08004aa7   Thumb Code     4  stm32f4xx_it.o(.text)
    BusFault_Handler                         0x08004aab   Thumb Code     4  stm32f4xx_it.o(.text)
    UsageFault_Handler                       0x08004aaf   Thumb Code     4  stm32f4xx_it.o(.text)
    SVC_Handler                              0x08004ab3   Thumb Code     2  stm32f4xx_it.o(.text)
    DebugMon_Handler                         0x08004ab5   Thumb Code     2  stm32f4xx_it.o(.text)
    EXTI9_5_IRQHandler                       0x08004ab7   Thumb Code    18  stm32f4xx_it.o(.text)
    TIM3_IRQHandler                          0x08004ac9   Thumb Code     8  stm32f4xx_it.o(.text)
    TIM4_IRQHandler                          0x08004ad1   Thumb Code     2  stm32f4xx_it.o(.text)
    TIM7_IRQHandler                          0x08004ad3   Thumb Code    26  stm32f4xx_it.o(.text)
    USART1_IRQHandler                        0x08004aed   Thumb Code     8  stm32f4xx_it.o(.text)
    USART2_IRQHandler                        0x08004af5   Thumb Code     8  stm32f4xx_it.o(.text)
    USART3_IRQHandler                        0x08004afd   Thumb Code    30  stm32f4xx_it.o(.text)
    UART4_IRQHandler                         0x08004b1b   Thumb Code     8  stm32f4xx_it.o(.text)
    UART5_IRQHandler                         0x08004b23   Thumb Code     8  stm32f4xx_it.o(.text)
    USART6_IRQHandler                        0x08004b2b   Thumb Code     8  stm32f4xx_it.o(.text)
    SysTick_Init                             0x08004b3d   Thumb Code   100  drv_sys.o(.text)
    SysTick_Handler                          0x08004ba1   Thumb Code    20  drv_sys.o(.text)
    GetSysRunTimeMs                          0x08004bb5   Thumb Code     6  drv_sys.o(.text)
    GetSysRunTimeUs                          0x08004bbb   Thumb Code    62  drv_sys.o(.text)
    MyDelayUs                                0x08004bf9   Thumb Code    24  drv_sys.o(.text)
    MyDelayMs                                0x08004c11   Thumb Code    24  drv_sys.o(.text)
    DrvSysInit                               0x08004c29   Thumb Code    16  drv_sys.o(.text)
    DrvAdcInit                               0x08004cb1   Thumb Code   168  drv_adc.o(.text)
    Drv_AdcGetBatVot                         0x08004d59   Thumb Code    92  drv_adc.o(.text)
    DvrLedInit                               0x08004dd9   Thumb Code   112  drv_led.o(.text)
    LED_On_Off                               0x08004e49   Thumb Code    82  drv_led.o(.text)
    LED_1ms_DRV                              0x08004e9b   Thumb Code    78  drv_led.o(.text)
    DrvPwmOutInit                            0x08004ef5   Thumb Code   742  drv_pwmout.o(.text)
    DrvMotorPWMSet                           0x080051db   Thumb Code   112  drv_pwmout.o(.text)
    DrvRcPpmInit                             0x08005271   Thumb Code   176  drv_rcin.o(.text)
    PPM_IRQH                                 0x08005321   Thumb Code    82  drv_rcin.o(.text)
    DrvRcSbusInit                            0x08005373   Thumb Code   166  drv_rcin.o(.text)
    Sbus_IRQH                                0x08005419   Thumb Code    40  drv_rcin.o(.text)
    TIM_CONF                                 0x08005455   Thumb Code    80  drv_timer.o(.text)
    TIM_NVIC                                 0x080054a5   Thumb Code    32  drv_timer.o(.text)
    DrvTimerFcInit                           0x080054c5   Thumb Code    24  drv_timer.o(.text)
    NoUse                                    0x080054e1   Thumb Code     2  drv_uart.o(.text)
    DrvUart1Init                             0x080054e3   Thumb Code   246  drv_uart.o(.text)
    DrvUart1SendBuf                          0x080055d9   Thumb Code    60  drv_uart.o(.text)
    drvU1GetByte                             0x08005615   Thumb Code    32  drv_uart.o(.text)
    drvU1DataCheck                           0x08005635   Thumb Code    52  drv_uart.o(.text)
    Usart1_IRQ                               0x08005669   Thumb Code   110  drv_uart.o(.text)
    DrvUart2Init                             0x080056d7   Thumb Code   234  drv_uart.o(.text)
    DrvUart2SendBuf                          0x080057c1   Thumb Code    62  drv_uart.o(.text)
    drvU2GetByte                             0x080057ff   Thumb Code    32  drv_uart.o(.text)
    drvU2DataCheck                           0x0800581f   Thumb Code    52  drv_uart.o(.text)
    Usart2_IRQ                               0x08005853   Thumb Code   120  drv_uart.o(.text)
    DrvUart3Init                             0x080058cb   Thumb Code   312  drv_uart.o(.text)
    DrvUart3SendBuf                          0x08005a03   Thumb Code    62  drv_uart.o(.text)
    drvU3GetByte                             0x08005a41   Thumb Code    32  drv_uart.o(.text)
    drvU3DataCheck                           0x08005a61   Thumb Code    52  drv_uart.o(.text)
    Usart3_IRQ                               0x08005a95   Thumb Code   120  drv_uart.o(.text)
    DrvUart4Init                             0x08005b0d   Thumb Code   200  drv_uart.o(.text)
    DrvUart4SendBuf                          0x08005bd5   Thumb Code    62  drv_uart.o(.text)
    drvU4GetByte                             0x08005c13   Thumb Code    32  drv_uart.o(.text)
    drvU4DataCheck                           0x08005c33   Thumb Code    52  drv_uart.o(.text)
    Uart4_IRQ                                0x08005c67   Thumb Code   120  drv_uart.o(.text)
    DrvUart5Init                             0x08005cdf   Thumb Code   288  drv_uart.o(.text)
    DrvUart5SendBuf                          0x08005dff   Thumb Code    60  drv_uart.o(.text)
    drvU5GetByte                             0x08005e3b   Thumb Code    32  drv_uart.o(.text)
    drvU5DataCheck                           0x08005e5b   Thumb Code    52  drv_uart.o(.text)
    Uart5_IRQ                                0x08005e8f   Thumb Code   110  drv_uart.o(.text)
    DrvUartDataCheck                         0x08005efd   Thumb Code    24  drv_uart.o(.text)
    Reset_Handler                            0x08005f31   Thumb Code     8  startup_stm32f4xx.o(.text)
    HardFault_Handler                        0x08005f3b   Thumb Code     2  startup_stm32f4xx.o(.text)
    PendSV_Handler                           0x08005f47   Thumb Code     2  startup_stm32f4xx.o(.text)
    ADC_IRQHandler                           0x08005f4b   Thumb Code     0  startup_stm32f4xx.o(.text)
    CAN1_RX0_IRQHandler                      0x08005f4b   Thumb Code     0  startup_stm32f4xx.o(.text)
    CAN1_RX1_IRQHandler                      0x08005f4b   Thumb Code     0  startup_stm32f4xx.o(.text)
    CAN1_SCE_IRQHandler                      0x08005f4b   Thumb Code     0  startup_stm32f4xx.o(.text)
    CAN1_TX_IRQHandler                       0x08005f4b   Thumb Code     0  startup_stm32f4xx.o(.text)
    CAN2_RX0_IRQHandler                      0x08005f4b   Thumb Code     0  startup_stm32f4xx.o(.text)
    CAN2_RX1_IRQHandler                      0x08005f4b   Thumb Code     0  startup_stm32f4xx.o(.text)
    CAN2_SCE_IRQHandler                      0x08005f4b   Thumb Code     0  startup_stm32f4xx.o(.text)
    CAN2_TX_IRQHandler                       0x08005f4b   Thumb Code     0  startup_stm32f4xx.o(.text)
    CRYP_IRQHandler                          0x08005f4b   Thumb Code     0  startup_stm32f4xx.o(.text)
    DCMI_IRQHandler                          0x08005f4b   Thumb Code     0  startup_stm32f4xx.o(.text)
    DMA1_Stream0_IRQHandler                  0x08005f4b   Thumb Code     0  startup_stm32f4xx.o(.text)
    DMA1_Stream1_IRQHandler                  0x08005f4b   Thumb Code     0  startup_stm32f4xx.o(.text)
    DMA1_Stream2_IRQHandler                  0x08005f4b   Thumb Code     0  startup_stm32f4xx.o(.text)
    DMA1_Stream3_IRQHandler                  0x08005f4b   Thumb Code     0  startup_stm32f4xx.o(.text)
    DMA1_Stream4_IRQHandler                  0x08005f4b   Thumb Code     0  startup_stm32f4xx.o(.text)
    DMA1_Stream5_IRQHandler                  0x08005f4b   Thumb Code     0  startup_stm32f4xx.o(.text)
    DMA1_Stream6_IRQHandler                  0x08005f4b   Thumb Code     0  startup_stm32f4xx.o(.text)
    DMA1_Stream7_IRQHandler                  0x08005f4b   Thumb Code     0  startup_stm32f4xx.o(.text)
    DMA2_Stream0_IRQHandler                  0x08005f4b   Thumb Code     0  startup_stm32f4xx.o(.text)
    DMA2_Stream1_IRQHandler                  0x08005f4b   Thumb Code     0  startup_stm32f4xx.o(.text)
    DMA2_Stream2_IRQHandler                  0x08005f4b   Thumb Code     0  startup_stm32f4xx.o(.text)
    DMA2_Stream3_IRQHandler                  0x08005f4b   Thumb Code     0  startup_stm32f4xx.o(.text)
    DMA2_Stream4_IRQHandler                  0x08005f4b   Thumb Code     0  startup_stm32f4xx.o(.text)
    DMA2_Stream5_IRQHandler                  0x08005f4b   Thumb Code     0  startup_stm32f4xx.o(.text)
    DMA2_Stream6_IRQHandler                  0x08005f4b   Thumb Code     0  startup_stm32f4xx.o(.text)
    DMA2_Stream7_IRQHandler                  0x08005f4b   Thumb Code     0  startup_stm32f4xx.o(.text)
    ETH_IRQHandler                           0x08005f4b   Thumb Code     0  startup_stm32f4xx.o(.text)
    ETH_WKUP_IRQHandler                      0x08005f4b   Thumb Code     0  startup_stm32f4xx.o(.text)
    EXTI0_IRQHandler                         0x08005f4b   Thumb Code     0  startup_stm32f4xx.o(.text)
    EXTI15_10_IRQHandler                     0x08005f4b   Thumb Code     0  startup_stm32f4xx.o(.text)
    EXTI1_IRQHandler                         0x08005f4b   Thumb Code     0  startup_stm32f4xx.o(.text)
    EXTI2_IRQHandler                         0x08005f4b   Thumb Code     0  startup_stm32f4xx.o(.text)
    EXTI3_IRQHandler                         0x08005f4b   Thumb Code     0  startup_stm32f4xx.o(.text)
    EXTI4_IRQHandler                         0x08005f4b   Thumb Code     0  startup_stm32f4xx.o(.text)
    FLASH_IRQHandler                         0x08005f4b   Thumb Code     0  startup_stm32f4xx.o(.text)
    FPU_IRQHandler                           0x08005f4b   Thumb Code     0  startup_stm32f4xx.o(.text)
    FSMC_IRQHandler                          0x08005f4b   Thumb Code     0  startup_stm32f4xx.o(.text)
    HASH_RNG_IRQHandler                      0x08005f4b   Thumb Code     0  startup_stm32f4xx.o(.text)
    I2C1_ER_IRQHandler                       0x08005f4b   Thumb Code     0  startup_stm32f4xx.o(.text)
    I2C1_EV_IRQHandler                       0x08005f4b   Thumb Code     0  startup_stm32f4xx.o(.text)
    I2C2_ER_IRQHandler                       0x08005f4b   Thumb Code     0  startup_stm32f4xx.o(.text)
    I2C2_EV_IRQHandler                       0x08005f4b   Thumb Code     0  startup_stm32f4xx.o(.text)
    I2C3_ER_IRQHandler                       0x08005f4b   Thumb Code     0  startup_stm32f4xx.o(.text)
    I2C3_EV_IRQHandler                       0x08005f4b   Thumb Code     0  startup_stm32f4xx.o(.text)
    OTG_FS_IRQHandler                        0x08005f4b   Thumb Code     0  startup_stm32f4xx.o(.text)
    OTG_FS_WKUP_IRQHandler                   0x08005f4b   Thumb Code     0  startup_stm32f4xx.o(.text)
    OTG_HS_EP1_IN_IRQHandler                 0x08005f4b   Thumb Code     0  startup_stm32f4xx.o(.text)
    OTG_HS_EP1_OUT_IRQHandler                0x08005f4b   Thumb Code     0  startup_stm32f4xx.o(.text)
    OTG_HS_IRQHandler                        0x08005f4b   Thumb Code     0  startup_stm32f4xx.o(.text)
    OTG_HS_WKUP_IRQHandler                   0x08005f4b   Thumb Code     0  startup_stm32f4xx.o(.text)
    PVD_IRQHandler                           0x08005f4b   Thumb Code     0  startup_stm32f4xx.o(.text)
    RCC_IRQHandler                           0x08005f4b   Thumb Code     0  startup_stm32f4xx.o(.text)
    RTC_Alarm_IRQHandler                     0x08005f4b   Thumb Code     0  startup_stm32f4xx.o(.text)
    RTC_WKUP_IRQHandler                      0x08005f4b   Thumb Code     0  startup_stm32f4xx.o(.text)
    SDIO_IRQHandler                          0x08005f4b   Thumb Code     0  startup_stm32f4xx.o(.text)
    SPI1_IRQHandler                          0x08005f4b   Thumb Code     0  startup_stm32f4xx.o(.text)
    SPI2_IRQHandler                          0x08005f4b   Thumb Code     0  startup_stm32f4xx.o(.text)
    SPI3_IRQHandler                          0x08005f4b   Thumb Code     0  startup_stm32f4xx.o(.text)
    TAMP_STAMP_IRQHandler                    0x08005f4b   Thumb Code     0  startup_stm32f4xx.o(.text)
    TIM1_BRK_TIM9_IRQHandler                 0x08005f4b   Thumb Code     0  startup_stm32f4xx.o(.text)
    TIM1_CC_IRQHandler                       0x08005f4b   Thumb Code     0  startup_stm32f4xx.o(.text)
    TIM1_TRG_COM_TIM11_IRQHandler            0x08005f4b   Thumb Code     0  startup_stm32f4xx.o(.text)
    TIM1_UP_TIM10_IRQHandler                 0x08005f4b   Thumb Code     0  startup_stm32f4xx.o(.text)
    TIM2_IRQHandler                          0x08005f4b   Thumb Code     0  startup_stm32f4xx.o(.text)
    TIM5_IRQHandler                          0x08005f4b   Thumb Code     0  startup_stm32f4xx.o(.text)
    TIM6_DAC_IRQHandler                      0x08005f4b   Thumb Code     0  startup_stm32f4xx.o(.text)
    TIM8_BRK_TIM12_IRQHandler                0x08005f4b   Thumb Code     0  startup_stm32f4xx.o(.text)
    TIM8_CC_IRQHandler                       0x08005f4b   Thumb Code     0  startup_stm32f4xx.o(.text)
    TIM8_TRG_COM_TIM14_IRQHandler            0x08005f4b   Thumb Code     0  startup_stm32f4xx.o(.text)
    TIM8_UP_TIM13_IRQHandler                 0x08005f4b   Thumb Code     0  startup_stm32f4xx.o(.text)
    WWDG_IRQHandler                          0x08005f4b   Thumb Code     0  startup_stm32f4xx.o(.text)
    SystemInit                               0x08006031   Thumb Code    88  system_stm32f4xx.o(.text)
    SystemCoreClockUpdate                    0x08006089   Thumb Code   174  system_stm32f4xx.o(.text)
    NVIC_PriorityGroupConfig                 0x08006165   Thumb Code    54  misc.o(.text)
    NVIC_Init                                0x0800619b   Thumb Code   164  misc.o(.text)
    NVIC_SetVectorTable                      0x0800623f   Thumb Code    60  misc.o(.text)
    NVIC_SystemLPConfig                      0x0800627b   Thumb Code    78  misc.o(.text)
    SysTick_CLKSourceConfig                  0x080062c9   Thumb Code    62  misc.o(.text)
    ADC_DeInit                               0x08006325   Thumb Code    22  stm32f4xx_adc.o(.text)
    ADC_Init                                 0x0800633b   Thumb Code   402  stm32f4xx_adc.o(.text)
    ADC_StructInit                           0x080064cd   Thumb Code    20  stm32f4xx_adc.o(.text)
    ADC_CommonInit                           0x080064e1   Thumb Code   342  stm32f4xx_adc.o(.text)
    ADC_CommonStructInit                     0x08006637   Thumb Code    12  stm32f4xx_adc.o(.text)
    ADC_Cmd                                  0x08006643   Thumb Code    76  stm32f4xx_adc.o(.text)
    ADC_AnalogWatchdogCmd                    0x0800668f   Thumb Code   102  stm32f4xx_adc.o(.text)
    ADC_AnalogWatchdogThresholdsConfig       0x080066f5   Thumb Code   126  stm32f4xx_adc.o(.text)
    ADC_AnalogWatchdogSingleChannelConfig    0x08006773   Thumb Code   136  stm32f4xx_adc.o(.text)
    ADC_TempSensorVrefintCmd                 0x080067fb   Thumb Code    56  stm32f4xx_adc.o(.text)
    ADC_VBATCmd                              0x08006833   Thumb Code    56  stm32f4xx_adc.o(.text)
    ADC_RegularChannelConfig                 0x0800686b   Thumb Code   408  stm32f4xx_adc.o(.text)
    ADC_SoftwareStartConv                    0x08006a03   Thumb Code    44  stm32f4xx_adc.o(.text)
    ADC_GetSoftwareStartConvStatus           0x08006a2f   Thumb Code    54  stm32f4xx_adc.o(.text)
    ADC_EOCOnEachRegularChannelCmd           0x08006a65   Thumb Code    76  stm32f4xx_adc.o(.text)
    ADC_ContinuousModeCmd                    0x08006ab1   Thumb Code    76  stm32f4xx_adc.o(.text)
    ADC_DiscModeChannelCountConfig           0x08006afd   Thumb Code   100  stm32f4xx_adc.o(.text)
    ADC_DiscModeCmd                          0x08006b61   Thumb Code    76  stm32f4xx_adc.o(.text)
    ADC_GetConversionValue                   0x08006bad   Thumb Code    40  stm32f4xx_adc.o(.text)
    ADC_GetMultiModeConversionValue          0x08006bd5   Thumb Code     6  stm32f4xx_adc.o(.text)
    ADC_DMACmd                               0x08006bdb   Thumb Code    76  stm32f4xx_adc.o(.text)
    ADC_DMARequestAfterLastTransferCmd       0x08006c27   Thumb Code    76  stm32f4xx_adc.o(.text)
    ADC_MultiModeDMARequestAfterLastTransferCmd 0x08006c73   Thumb Code    60  stm32f4xx_adc.o(.text)
    ADC_InjectedChannelConfig                0x08006caf   Thumb Code   332  stm32f4xx_adc.o(.text)
    ADC_InjectedSequencerLengthConfig        0x08006dfb   Thumb Code    80  stm32f4xx_adc.o(.text)
    ADC_SetInjectedOffset                    0x08006e4b   Thumb Code   102  stm32f4xx_adc.o(.text)
    ADC_ExternalTrigInjectedConvConfig       0x08006eb1   Thumb Code   176  stm32f4xx_adc.o(.text)
    ADC_ExternalTrigInjectedConvEdgeConfig   0x08006f61   Thumb Code    82  stm32f4xx_adc.o(.text)
    ADC_SoftwareStartInjectedConv            0x08006fb3   Thumb Code    44  stm32f4xx_adc.o(.text)
    ADC_GetSoftwareStartInjectedConvCmdStatus 0x08006fdf   Thumb Code    54  stm32f4xx_adc.o(.text)
    ADC_AutoInjectedConvCmd                  0x08007015   Thumb Code    76  stm32f4xx_adc.o(.text)
    ADC_InjectedDiscModeCmd                  0x08007061   Thumb Code    76  stm32f4xx_adc.o(.text)
    ADC_GetInjectedConversionValue           0x080070ad   Thumb Code    88  stm32f4xx_adc.o(.text)
    ADC_ITConfig                             0x08007105   Thumb Code   130  stm32f4xx_adc.o(.text)
    ADC_GetFlagStatus                        0x08007187   Thumb Code    90  stm32f4xx_adc.o(.text)
    ADC_ClearFlag                            0x080071e1   Thumb Code    62  stm32f4xx_adc.o(.text)
    ADC_GetITStatus                          0x0800721f   Thumb Code   122  stm32f4xx_adc.o(.text)
    ADC_ClearITPendingBit                    0x08007299   Thumb Code    88  stm32f4xx_adc.o(.text)
    DMA_DeInit                               0x08007301   Thumb Code   462  stm32f4xx_dma.o(.text)
    DMA_Init                                 0x080074cf   Thumb Code   684  stm32f4xx_dma.o(.text)
    DMA_StructInit                           0x0800777b   Thumb Code    34  stm32f4xx_dma.o(.text)
    DMA_Cmd                                  0x0800779d   Thumb Code   182  stm32f4xx_dma.o(.text)
    DMA_PeriphIncOffsetSizeConfig            0x08007853   Thumb Code   184  stm32f4xx_dma.o(.text)
    DMA_FlowControllerConfig                 0x0800790b   Thumb Code   182  stm32f4xx_dma.o(.text)
    DMA_SetCurrDataCounter                   0x080079c1   Thumb Code   146  stm32f4xx_dma.o(.text)
    DMA_GetCurrDataCounter                   0x08007a53   Thumb Code   146  stm32f4xx_dma.o(.text)
    DMA_DoubleBufferModeConfig               0x08007ae5   Thumb Code   204  stm32f4xx_dma.o(.text)
    DMA_DoubleBufferModeCmd                  0x08007bb1   Thumb Code   182  stm32f4xx_dma.o(.text)
    DMA_MemoryTargetConfig                   0x08007c67   Thumb Code   174  stm32f4xx_dma.o(.text)
    DMA_GetCurrentMemoryTarget               0x08007d15   Thumb Code   160  stm32f4xx_dma.o(.text)
    DMA_GetCmdStatus                         0x08007db5   Thumb Code   160  stm32f4xx_dma.o(.text)
    DMA_GetFIFOStatus                        0x08007e55   Thumb Code   152  stm32f4xx_dma.o(.text)
    DMA_GetFlagStatus                        0x08007eed   Thumb Code   486  stm32f4xx_dma.o(.text)
    DMA_ClearFlag                            0x080080d3   Thumb Code   216  stm32f4xx_dma.o(.text)
    DMA_ITConfig                             0x080081ab   Thumb Code   238  stm32f4xx_dma.o(.text)
    DMA_GetITStatus                          0x08008299   Thumb Code   590  stm32f4xx_dma.o(.text)
    DMA_ClearITPendingBit                    0x080084e7   Thumb Code   216  stm32f4xx_dma.o(.text)
    EXTI_DeInit                              0x08008669   Thumb Code    28  stm32f4xx_exti.o(.text)
    EXTI_Init                                0x08008685   Thumb Code   236  stm32f4xx_exti.o(.text)
    EXTI_StructInit                          0x08008771   Thumb Code    16  stm32f4xx_exti.o(.text)
    EXTI_GenerateSWInterrupt                 0x08008781   Thumb Code    38  stm32f4xx_exti.o(.text)
    EXTI_GetFlagStatus                       0x080087a7   Thumb Code   158  stm32f4xx_exti.o(.text)
    EXTI_ClearFlag                           0x08008845   Thumb Code    30  stm32f4xx_exti.o(.text)
    EXTI_GetITStatus                         0x08008863   Thumb Code   172  stm32f4xx_exti.o(.text)
    EXTI_ClearITPendingBit                   0x0800890f   Thumb Code    32  stm32f4xx_exti.o(.text)
    GPIO_DeInit                              0x0800893d   Thumb Code   284  stm32f4xx_gpio.o(.text)
    GPIO_Init                                0x08008a59   Thumb Code   342  stm32f4xx_gpio.o(.text)
    GPIO_StructInit                          0x08008baf   Thumb Code    18  stm32f4xx_gpio.o(.text)
    GPIO_PinLockConfig                       0x08008bc1   Thumb Code   122  stm32f4xx_gpio.o(.text)
    GPIO_ReadInputDataBit                    0x08008c3b   Thumb Code   182  stm32f4xx_gpio.o(.text)
    GPIO_ReadInputData                       0x08008cf1   Thumb Code   116  stm32f4xx_gpio.o(.text)
    GPIO_ReadOutputDataBit                   0x08008d65   Thumb Code   182  stm32f4xx_gpio.o(.text)
    GPIO_ReadOutputData                      0x08008e1b   Thumb Code    76  stm32f4xx_gpio.o(.text)
    GPIO_SetBits                             0x08008e67   Thumb Code    94  stm32f4xx_gpio.o(.text)
    GPIO_ResetBits                           0x08008ec5   Thumb Code    94  stm32f4xx_gpio.o(.text)
    GPIO_WriteBit                            0x08008f23   Thumb Code   194  stm32f4xx_gpio.o(.text)
    GPIO_Write                               0x08008fe5   Thumb Code    76  stm32f4xx_gpio.o(.text)
    GPIO_ToggleBits                          0x08009031   Thumb Code    80  stm32f4xx_gpio.o(.text)
    GPIO_PinAFConfig                         0x08009081   Thumb Code   382  stm32f4xx_gpio.o(.text)
    RCC_DeInit                               0x08009205   Thumb Code    60  stm32f4xx_rcc.o(.text)
    RCC_HSEConfig                            0x08009241   Thumb Code    38  stm32f4xx_rcc.o(.text)
    RCC_GetFlagStatus                        0x08009267   Thumb Code   130  stm32f4xx_rcc.o(.text)
    RCC_WaitForHSEStartUp                    0x080092e9   Thumb Code    56  stm32f4xx_rcc.o(.text)
    RCC_AdjustHSICalibrationValue            0x08009321   Thumb Code    38  stm32f4xx_rcc.o(.text)
    RCC_HSICmd                               0x08009347   Thumb Code    28  stm32f4xx_rcc.o(.text)
    RCC_LSEConfig                            0x08009363   Thumb Code    72  stm32f4xx_rcc.o(.text)
    RCC_LSICmd                               0x080093ab   Thumb Code    28  stm32f4xx_rcc.o(.text)
    RCC_PLLConfig                            0x080093c7   Thumb Code   156  stm32f4xx_rcc.o(.text)
    RCC_PLLCmd                               0x08009463   Thumb Code    28  stm32f4xx_rcc.o(.text)
    RCC_PLLI2SConfig                         0x0800947f   Thumb Code    62  stm32f4xx_rcc.o(.text)
    RCC_PLLI2SCmd                            0x080094bd   Thumb Code    28  stm32f4xx_rcc.o(.text)
    RCC_ClockSecuritySystemCmd               0x080094d9   Thumb Code    28  stm32f4xx_rcc.o(.text)
    RCC_MCO1Config                           0x080094f5   Thumb Code   102  stm32f4xx_rcc.o(.text)
    RCC_MCO2Config                           0x0800955b   Thumb Code   102  stm32f4xx_rcc.o(.text)
    RCC_SYSCLKConfig                         0x080095c1   Thumb Code    68  stm32f4xx_rcc.o(.text)
    RCC_GetSYSCLKSource                      0x08009605   Thumb Code    10  stm32f4xx_rcc.o(.text)
    RCC_HCLKConfig                           0x0800960f   Thumb Code    66  stm32f4xx_rcc.o(.text)
    RCC_PCLK1Config                          0x08009651   Thumb Code    58  stm32f4xx_rcc.o(.text)
    RCC_PCLK2Config                          0x0800968b   Thumb Code    60  stm32f4xx_rcc.o(.text)
    RCC_GetClocksFreq                        0x080096c7   Thumb Code   214  stm32f4xx_rcc.o(.text)
    RCC_RTCCLKConfig                         0x0800979d   Thumb Code   260  stm32f4xx_rcc.o(.text)
    RCC_RTCCLKCmd                            0x080098a1   Thumb Code    28  stm32f4xx_rcc.o(.text)
    RCC_BackupResetCmd                       0x080098bd   Thumb Code    30  stm32f4xx_rcc.o(.text)
    RCC_I2SCLKConfig                         0x080098db   Thumb Code    28  stm32f4xx_rcc.o(.text)
    RCC_AHB1PeriphClockCmd                   0x080098f7   Thumb Code    78  stm32f4xx_rcc.o(.text)
    RCC_AHB2PeriphClockCmd                   0x08009945   Thumb Code    78  stm32f4xx_rcc.o(.text)
    RCC_AHB3PeriphClockCmd                   0x08009993   Thumb Code   234  stm32f4xx_rcc.o(.text)
    RCC_APB1PeriphClockCmd                   0x08009a7d   Thumb Code    70  stm32f4xx_rcc.o(.text)
    RCC_APB2PeriphClockCmd                   0x08009ac3   Thumb Code    78  stm32f4xx_rcc.o(.text)
    RCC_AHB1PeriphResetCmd                   0x08009b11   Thumb Code    78  stm32f4xx_rcc.o(.text)
    RCC_AHB2PeriphResetCmd                   0x08009b5f   Thumb Code    78  stm32f4xx_rcc.o(.text)
    RCC_AHB3PeriphResetCmd                   0x08009bad   Thumb Code    78  stm32f4xx_rcc.o(.text)
    RCC_APB1PeriphResetCmd                   0x08009bfb   Thumb Code    78  stm32f4xx_rcc.o(.text)
    RCC_APB2PeriphResetCmd                   0x08009c49   Thumb Code    78  stm32f4xx_rcc.o(.text)
    RCC_AHB1PeriphClockLPModeCmd             0x08009c97   Thumb Code    78  stm32f4xx_rcc.o(.text)
    RCC_AHB2PeriphClockLPModeCmd             0x08009ce5   Thumb Code    78  stm32f4xx_rcc.o(.text)
    RCC_AHB3PeriphClockLPModeCmd             0x08009d33   Thumb Code    78  stm32f4xx_rcc.o(.text)
    RCC_APB1PeriphClockLPModeCmd             0x08009d81   Thumb Code    78  stm32f4xx_rcc.o(.text)
    RCC_APB2PeriphClockLPModeCmd             0x08009dcf   Thumb Code    78  stm32f4xx_rcc.o(.text)
    RCC_ITConfig                             0x08009e1d   Thumb Code   108  stm32f4xx_rcc.o(.text)
    RCC_ClearFlag                            0x08009e89   Thumb Code    14  stm32f4xx_rcc.o(.text)
    RCC_GetITStatus                          0x08009e97   Thumb Code    66  stm32f4xx_rcc.o(.text)
    RCC_ClearITPendingBit                    0x08009ed9   Thumb Code    32  stm32f4xx_rcc.o(.text)
    TIM_DeInit                               0x08009f01   Thumb Code   440  stm32f4xx_tim.o(.text)
    TIM_TimeBaseInit                         0x0800a0b9   Thumb Code   278  stm32f4xx_tim.o(.text)
    TIM_TimeBaseStructInit                   0x0800a1cf   Thumb Code    18  stm32f4xx_tim.o(.text)
    TIM_PrescalerConfig                      0x0800a1e1   Thumb Code   128  stm32f4xx_tim.o(.text)
    TIM_CounterModeConfig                    0x0800a261   Thumb Code   100  stm32f4xx_tim.o(.text)
    TIM_SetCounter                           0x0800a2c5   Thumb Code   164  stm32f4xx_tim.o(.text)
    TIM_SetAutoreload                        0x0800a369   Thumb Code   106  stm32f4xx_tim.o(.text)
    TIM_GetCounter                           0x0800a3d3   Thumb Code   104  stm32f4xx_tim.o(.text)
    TIM_GetPrescaler                         0x0800a43b   Thumb Code   104  stm32f4xx_tim.o(.text)
    TIM_UpdateDisableConfig                  0x0800a4a3   Thumb Code   144  stm32f4xx_tim.o(.text)
    TIM_UpdateRequestConfig                  0x0800a533   Thumb Code   144  stm32f4xx_tim.o(.text)
    TIM_ARRPreloadConfig                     0x0800a5c3   Thumb Code   144  stm32f4xx_tim.o(.text)
    TIM_SelectOnePulseMode                   0x0800a653   Thumb Code   138  stm32f4xx_tim.o(.text)
    TIM_SetClockDivision                     0x0800a6dd   Thumb Code   190  stm32f4xx_tim.o(.text)
    TIM_Cmd                                  0x0800a79b   Thumb Code   144  stm32f4xx_tim.o(.text)
    TIM_OC1Init                              0x0800a82b   Thumb Code   400  stm32f4xx_tim.o(.text)
    TIM_OC2Init                              0x0800a9bb   Thumb Code   474  stm32f4xx_tim.o(.text)
    TIM_OC3Init                              0x0800ab95   Thumb Code   400  stm32f4xx_tim.o(.text)
    TIM_OC4Init                              0x0800ad25   Thumb Code   290  stm32f4xx_tim.o(.text)
    TIM_OCStructInit                         0x0800ae47   Thumb Code    20  stm32f4xx_tim.o(.text)
    TIM_SelectOCxM                           0x0800ae5b   Thumb Code   250  stm32f4xx_tim.o(.text)
    TIM_SetCompare1                          0x0800af55   Thumb Code   144  stm32f4xx_tim.o(.text)
    TIM_SetCompare2                          0x0800afe5   Thumb Code    70  stm32f4xx_tim.o(.text)
    TIM_SetCompare3                          0x0800b02b   Thumb Code    58  stm32f4xx_tim.o(.text)
    TIM_SetCompare4                          0x0800b065   Thumb Code    58  stm32f4xx_tim.o(.text)
    TIM_ForcedOC1Config                      0x0800b09f   Thumb Code   126  stm32f4xx_tim.o(.text)
    TIM_ForcedOC2Config                      0x0800b11d   Thumb Code   110  stm32f4xx_tim.o(.text)
    TIM_ForcedOC3Config                      0x0800b18b   Thumb Code    90  stm32f4xx_tim.o(.text)
    TIM_ForcedOC4Config                      0x0800b1e5   Thumb Code    98  stm32f4xx_tim.o(.text)
    TIM_OC1PreloadConfig                     0x0800b247   Thumb Code   124  stm32f4xx_tim.o(.text)
    TIM_OC2PreloadConfig                     0x0800b2c3   Thumb Code   108  stm32f4xx_tim.o(.text)
    TIM_OC3PreloadConfig                     0x0800b32f   Thumb Code    88  stm32f4xx_tim.o(.text)
    TIM_OC4PreloadConfig                     0x0800b387   Thumb Code   146  stm32f4xx_tim.o(.text)
    TIM_OC1FastConfig                        0x0800b419   Thumb Code   124  stm32f4xx_tim.o(.text)
    TIM_OC2FastConfig                        0x0800b495   Thumb Code   108  stm32f4xx_tim.o(.text)
    TIM_OC3FastConfig                        0x0800b501   Thumb Code    88  stm32f4xx_tim.o(.text)
    TIM_OC4FastConfig                        0x0800b559   Thumb Code    96  stm32f4xx_tim.o(.text)
    TIM_ClearOC1Ref                          0x0800b5b9   Thumb Code   124  stm32f4xx_tim.o(.text)
    TIM_ClearOC2Ref                          0x0800b635   Thumb Code   106  stm32f4xx_tim.o(.text)
    TIM_ClearOC3Ref                          0x0800b69f   Thumb Code    88  stm32f4xx_tim.o(.text)
    TIM_ClearOC4Ref                          0x0800b6f7   Thumb Code    94  stm32f4xx_tim.o(.text)
    TIM_OC1PolarityConfig                    0x0800b755   Thumb Code   124  stm32f4xx_tim.o(.text)
    TIM_OC1NPolarityConfig                   0x0800b7d1   Thumb Code   114  stm32f4xx_tim.o(.text)
    TIM_OC2PolarityConfig                    0x0800b843   Thumb Code   108  stm32f4xx_tim.o(.text)
    TIM_OC2NPolarityConfig                   0x0800b8af   Thumb Code    72  stm32f4xx_tim.o(.text)
    TIM_OC3PolarityConfig                    0x0800b8f7   Thumb Code    96  stm32f4xx_tim.o(.text)
    TIM_OC3NPolarityConfig                   0x0800b957   Thumb Code    72  stm32f4xx_tim.o(.text)
    TIM_OC4PolarityConfig                    0x0800b99f   Thumb Code    96  stm32f4xx_tim.o(.text)
    TIM_CCxCmd                               0x0800b9ff   Thumb Code   168  stm32f4xx_tim.o(.text)
    TIM_CCxNCmd                              0x0800baa7   Thumb Code   104  stm32f4xx_tim.o(.text)
    TIM_SetIC4Prescaler                      0x0800bb0f   Thumb Code   106  stm32f4xx_tim.o(.text)
    TIM_SetIC3Prescaler                      0x0800bbc9   Thumb Code   148  stm32f4xx_tim.o(.text)
    TIM_SetIC2Prescaler                      0x0800bca5   Thumb Code   118  stm32f4xx_tim.o(.text)
    TIM_SetIC1Prescaler                      0x0800bd6b   Thumb Code   134  stm32f4xx_tim.o(.text)
    TIM_ICInit                               0x0800be2b   Thumb Code   460  stm32f4xx_tim.o(.text)
    TIM_ICStructInit                         0x0800bff7   Thumb Code    18  stm32f4xx_tim.o(.text)
    TIM_PWMIConfig                           0x0800c009   Thumb Code   234  stm32f4xx_tim.o(.text)
    TIM_GetCapture1                          0x0800c0f3   Thumb Code    92  stm32f4xx_tim.o(.text)
    TIM_GetCapture2                          0x0800c14f   Thumb Code    68  stm32f4xx_tim.o(.text)
    TIM_GetCapture3                          0x0800c193   Thumb Code    56  stm32f4xx_tim.o(.text)
    TIM_GetCapture4                          0x0800c1cb   Thumb Code    56  stm32f4xx_tim.o(.text)
    TIM_BDTRConfig                           0x0800c203   Thumb Code   222  stm32f4xx_tim.o(.text)
    TIM_BDTRStructInit                       0x0800c2e1   Thumb Code    18  stm32f4xx_tim.o(.text)
    TIM_CtrlPWMOutputs                       0x0800c2f3   Thumb Code    78  stm32f4xx_tim.o(.text)
    TIM_SelectCOM                            0x0800c341   Thumb Code    72  stm32f4xx_tim.o(.text)
    TIM_CCPreloadControl                     0x0800c389   Thumb Code    72  stm32f4xx_tim.o(.text)
    TIM_ITConfig                             0x0800c3d1   Thumb Code   216  stm32f4xx_tim.o(.text)
    TIM_GenerateEvent                        0x0800c4a9   Thumb Code   126  stm32f4xx_tim.o(.text)
    TIM_GetFlagStatus                        0x0800c527   Thumb Code   188  stm32f4xx_tim.o(.text)
    TIM_ClearFlag                            0x0800c5e3   Thumb Code   108  stm32f4xx_tim.o(.text)
    TIM_GetITStatus                          0x0800c64f   Thumb Code   186  stm32f4xx_tim.o(.text)
    TIM_ClearITPendingBit                    0x0800c709   Thumb Code   108  stm32f4xx_tim.o(.text)
    TIM_DMAConfig                            0x0800c775   Thumb Code   328  stm32f4xx_tim.o(.text)
    TIM_DMACmd                               0x0800c8bd   Thumb Code   126  stm32f4xx_tim.o(.text)
    TIM_SelectCCDMA                          0x0800c93b   Thumb Code    96  stm32f4xx_tim.o(.text)
    TIM_InternalClockConfig                  0x0800c99b   Thumb Code    76  stm32f4xx_tim.o(.text)
    TIM_SelectInputTrigger                   0x0800c9e7   Thumb Code   148  stm32f4xx_tim.o(.text)
    TIM_ITRxExternalClockConfig              0x0800ca7b   Thumb Code   110  stm32f4xx_tim.o(.text)
    TIM_TIxExternalClockConfig               0x0800cae9   Thumb Code   184  stm32f4xx_tim.o(.text)
    TIM_ETRConfig                            0x0800cba1   Thumb Code   164  stm32f4xx_tim.o(.text)
    TIM_ETRClockMode1Config                  0x0800cc45   Thumb Code   228  stm32f4xx_tim.o(.text)
    TIM_ETRClockMode2Config                  0x0800cd29   Thumb Code   152  stm32f4xx_tim.o(.text)
    TIM_SelectOutputTrigger                  0x0800cdc1   Thumb Code   126  stm32f4xx_tim.o(.text)
    TIM_SelectSlaveMode                      0x0800ce3f   Thumb Code   112  stm32f4xx_tim.o(.text)
    TIM_SelectMasterSlaveMode                0x0800ceaf   Thumb Code   102  stm32f4xx_tim.o(.text)
    TIM_EncoderInterfaceConfig               0x0800cf15   Thumb Code   226  stm32f4xx_tim.o(.text)
    TIM_SelectHallSensor                     0x0800cff7   Thumb Code   108  stm32f4xx_tim.o(.text)
    TIM_RemapConfig                          0x0800d063   Thumb Code   138  stm32f4xx_tim.o(.text)
    USART_DeInit                             0x0800d0ed   Thumb Code   202  stm32f4xx_usart.o(.text)
    USART_Init                               0x0800d1b7   Thumb Code   456  stm32f4xx_usart.o(.text)
    USART_StructInit                         0x0800d37f   Thumb Code    24  stm32f4xx_usart.o(.text)
    USART_ClockInit                          0x0800d397   Thumb Code   166  stm32f4xx_usart.o(.text)
    USART_ClockStructInit                    0x0800d43d   Thumb Code    12  stm32f4xx_usart.o(.text)
    USART_Cmd                                0x0800d449   Thumb Code    96  stm32f4xx_usart.o(.text)
    USART_SetPrescaler                       0x0800d4a9   Thumb Code   102  stm32f4xx_usart.o(.text)
    USART_OverSampling8Cmd                   0x0800d50f   Thumb Code    94  stm32f4xx_usart.o(.text)
    USART_OneBitMethodCmd                    0x0800d56d   Thumb Code    96  stm32f4xx_usart.o(.text)
    USART_SendData                           0x0800d5cd   Thumb Code    80  stm32f4xx_usart.o(.text)
    USART_ReceiveData                        0x0800d61d   Thumb Code    60  stm32f4xx_usart.o(.text)
    USART_SetAddress                         0x0800d659   Thumb Code    88  stm32f4xx_usart.o(.text)
    USART_ReceiverWakeUpCmd                  0x0800d6b1   Thumb Code    96  stm32f4xx_usart.o(.text)
    USART_WakeUpConfig                       0x0800d711   Thumb Code    92  stm32f4xx_usart.o(.text)
    USART_LINBreakDetectLengthConfig         0x0800d76d   Thumb Code    90  stm32f4xx_usart.o(.text)
    USART_LINCmd                             0x0800d7c7   Thumb Code    96  stm32f4xx_usart.o(.text)
    USART_SendBreak                          0x0800d827   Thumb Code    62  stm32f4xx_usart.o(.text)
    USART_HalfDuplexCmd                      0x0800d865   Thumb Code    96  stm32f4xx_usart.o(.text)
    USART_SetGuardTime                       0x0800d8c5   Thumb Code    86  stm32f4xx_usart.o(.text)
    USART_SmartCardCmd                       0x0800d91b   Thumb Code    84  stm32f4xx_usart.o(.text)
    USART_SmartCardNACKCmd                   0x0800d96f   Thumb Code    84  stm32f4xx_usart.o(.text)
    USART_IrDAConfig                         0x0800d9c3   Thumb Code    90  stm32f4xx_usart.o(.text)
    USART_IrDACmd                            0x0800da1d   Thumb Code    96  stm32f4xx_usart.o(.text)
    USART_DMACmd                             0x0800da7d   Thumb Code   114  stm32f4xx_usart.o(.text)
    USART_ITConfig                           0x0800daef   Thumb Code   260  stm32f4xx_usart.o(.text)
    USART_GetFlagStatus                      0x0800dbf3   Thumb Code   170  stm32f4xx_usart.o(.text)
    USART_ClearFlag                          0x0800dc9d   Thumb Code   158  stm32f4xx_usart.o(.text)
    USART_GetITStatus                        0x0800dd3b   Thumb Code   278  stm32f4xx_usart.o(.text)
    USART_ClearITPendingBit                  0x0800de51   Thumb Code   164  stm32f4xx_usart.o(.text)
    __aeabi_dadd                             0x0800df11   Thumb Code   322  dadd.o(.text)
    __aeabi_dsub                             0x0800e053   Thumb Code     6  dadd.o(.text)
    __aeabi_drsub                            0x0800e059   Thumb Code     6  dadd.o(.text)
    __aeabi_dmul                             0x0800e05f   Thumb Code   228  dmul.o(.text)
    __aeabi_ddiv                             0x0800e143   Thumb Code   222  ddiv.o(.text)
    __aeabi_i2d                              0x0800e221   Thumb Code    34  dflti.o(.text)
    __aeabi_d2iz                             0x0800e243   Thumb Code    62  dfixi.o(.text)
    __aeabi_cdcmpeq                          0x0800e281   Thumb Code     0  cdcmple.o(.text)
    __aeabi_cdcmple                          0x0800e281   Thumb Code    48  cdcmple.o(.text)
    __aeabi_cdrcmple                         0x0800e2b1   Thumb Code    48  cdrcmple.o(.text)
    __aeabi_d2f                              0x0800e2e1   Thumb Code    56  d2f.o(.text)
    __aeabi_llsl                             0x0800e319   Thumb Code    30  llshl.o(.text)
    _ll_shift_l                              0x0800e319   Thumb Code     0  llshl.o(.text)
    __aeabi_llsr                             0x0800e337   Thumb Code    32  llushr.o(.text)
    _ll_ushift_r                             0x0800e337   Thumb Code     0  llushr.o(.text)
    __aeabi_lasr                             0x0800e357   Thumb Code    36  llsshr.o(.text)
    _ll_sshift_r                             0x0800e357   Thumb Code     0  llsshr.o(.text)
    __I$use$fp                               0x0800e37b   Thumb Code     0  iusefp.o(.text)
    _float_round                             0x0800e37b   Thumb Code    18  fepilogue.o(.text)
    _float_epilogue                          0x0800e38d   Thumb Code    92  fepilogue.o(.text)
    _double_round                            0x0800e3e9   Thumb Code    30  depilogue.o(.text)
    _double_epilogue                         0x0800e407   Thumb Code   156  depilogue.o(.text)
    __scatterload                            0x0800e4a5   Thumb Code    28  init.o(.text)
    __scatterload_rt2                        0x0800e4a5   Thumb Code     0  init.o(.text)
    __decompress                             0x0800e4c9   Thumb Code     0  __dczerorl2.o(.text)
    __decompress1                            0x0800e4c9   Thumb Code    86  __dczerorl2.o(.text)
    __scatterload_copy                       0x0800e51f   Thumb Code    14  handlers.o(i.__scatterload_copy)
    __scatterload_null                       0x0800e52d   Thumb Code     2  handlers.o(i.__scatterload_null)
    __scatterload_zeroinit                   0x0800e52f   Thumb Code    14  handlers.o(i.__scatterload_zeroinit)
    F6x8                                     0x0800e53c   Data         552  oled.o(.constdata)
    F8X16                                    0x0800e764   Data        1520  oled.o(.constdata)
    header                                   0x0800ed54   Data           2  mbotlinuxusart.o(.constdata)
    ender                                    0x0800ed56   Data           2  mbotlinuxusart.o(.constdata)
    fast_atan_table                          0x0800ed58   Data        1028  ano_math.o(.constdata)
    Region$$Table$$Base                      0x0800f3f0   Number         0  anon$$obj.o(Region$$Table)
    Region$$Table$$Limit                     0x0800f410   Number         0  anon$$obj.o(Region$$Table)
    cnt                                      0x20000000   Data           4  ano_scheduler.o(.data)
    fc_bat                                   0x20000060   Data           4  ano_lx.o(.data)
    fc_att                                   0x20000064   Data           7  ano_lx.o(.data)
    fc_vel                                   0x2000006b   Data           6  ano_lx.o(.data)
    fc_dis                                   0x20000071   Data           8  ano_lx.o(.data)
    sti_fun                                  0x20000086   Data           2  lx_fc_state.o(.data)
    rol                                      0x20000090   Data           8  get_data.o(.data)
    pit                                      0x20000098   Data           8  get_data.o(.data)
    yaw                                      0x200000a0   Data           8  get_data.o(.data)
    yaw_part                                 0x200000a8   Data           8  get_data.o(.data)
    yaw_last                                 0x200000b0   Data           8  get_data.o(.data)
    yaw_round                                0x200000b8   Data           8  get_data.o(.data)
    vel_x                                    0x200000c0   Data           2  get_data.o(.data)
    vel_y                                    0x200000c2   Data           2  get_data.o(.data)
    hight                                    0x200000c4   Data           4  get_data.o(.data)
    dis_x                                    0x200000c8   Data           4  get_data.o(.data)
    dis_y                                    0x200000cc   Data           4  get_data.o(.data)
    dis_x___                                 0x200000d0   Data           4  get_data.o(.data)
    dis_y___                                 0x200000d4   Data           4  get_data.o(.data)
    dx_fix_intergral                         0x200000d8   Data           4  get_data.o(.data)
    dy_fix_intergral                         0x200000dc   Data           4  get_data.o(.data)
    my_code_control_flag                     0x200000e0   Data           4  control.o(.data)
    my_give_vel_x                            0x200000e4   Data           4  control.o(.data)
    my_give_vel_y                            0x200000e8   Data           4  control.o(.data)
    my_give_vel_z                            0x200000ec   Data           4  control.o(.data)
    my_give_vel_yaw                          0x200000f0   Data           4  control.o(.data)
    Task_time_dly_cnt_ms                     0x200000f4   Data           4  control.o(.data)
    time_cnt_ms                              0x200000f8   Data           4  control.o(.data)
    mission_step                             0x200000fc   Data           4  control.o(.data)
    test_data_1                              0x20000100   Data           2  my_uart.o(.data)
    test_data_2                              0x20000102   Data           2  my_uart.o(.data)
    OpenMV_data_0                            0x20000104   Data           2  my_uart.o(.data)
    OpenMV_data_1                            0x20000106   Data           2  my_uart.o(.data)
    OpenMV_data_2                            0x20000108   Data           2  my_uart.o(.data)
    to_OpenMV_data_0                         0x2000010a   Data           1  my_uart.o(.data)
    KP_xy                                    0x20000120   Data           8  pid.o(.data)
    KI_xy                                    0x20000128   Data           8  pid.o(.data)
    KD_xy                                    0x20000130   Data           8  pid.o(.data)
    intrgrate_max                            0x20000138   Data           8  pid.o(.data)
    KP_radar                                 0x20000140   Data           8  pid.o(.data)
    KI_radar                                 0x20000148   Data           8  pid.o(.data)
    KD_radar                                 0x20000150   Data           8  pid.o(.data)
    KP_MV                                    0x20000158   Data           8  pid.o(.data)
    KI_MV                                    0x20000160   Data           8  pid.o(.data)
    KD_MV                                    0x20000168   Data           8  pid.o(.data)
    my_mode                                  0x20000180   Data           4  mode.o(.data)
    hight_target                             0x20000184   Data           4  mode.o(.data)
    dis_x_target                             0x20000188   Data           4  mode.o(.data)
    dis_y_target                             0x2000018c   Data           4  mode.o(.data)
    yaw_target                               0x20000190   Data           4  mode.o(.data)
    dis_x_zore_fix                           0x20000194   Data           4  mode.o(.data)
    dis_y_zore_fix                           0x20000198   Data           4  mode.o(.data)
    dis_x_fix                                0x2000019c   Data           4  mode.o(.data)
    dis_y_fix                                0x200001a0   Data           4  mode.o(.data)
    yaw_zore                                 0x200001a8   Data           8  mode.o(.data)
    yaw_fix                                  0x200001b0   Data           8  mode.o(.data)
    keep_hight_flag                          0x200001b8   Data           4  mode.o(.data)
    keep_dis_x_flag                          0x200001bc   Data           4  mode.o(.data)
    keep_dis_y_flag                          0x200001c0   Data           4  mode.o(.data)
    keep_yaw_flag                            0x200001c4   Data           4  mode.o(.data)
    keep_OpenMV_data_1                       0x200001c8   Data           4  mode.o(.data)
    keep_OpenMV_data_2                       0x200001cc   Data           4  mode.o(.data)
    keep_radar_x_flag                        0x200001d0   Data           4  mode.o(.data)
    keep_radar_y_flag                        0x200001d4   Data           4  mode.o(.data)
    KEY_1                                    0x200001d8   Data           1  key.o(.data)
    KEY_2                                    0x200001d9   Data           1  key.o(.data)
    KEY_3                                    0x200001da   Data           1  key.o(.data)
    KEY_1_last                               0x200001db   Data           1  key.o(.data)
    KEY_2_last                               0x200001dc   Data           1  key.o(.data)
    KEY_3_last                               0x200001dd   Data           1  key.o(.data)
    Hzk                                      0x200001e4   Data         640  oled.o(.data)
    beep_flag                                0x2000046c   Data           4  buzzer.o(.data)
    to_radar_data_1                          0x20000470   Data           2  mbotlinuxusart.o(.data)
    to_radar_data_2                          0x20000472   Data           2  mbotlinuxusart.o(.data)
    to_radar_data_3                          0x20000474   Data           2  mbotlinuxusart.o(.data)
    to_radar_data_4                          0x20000476   Data           1  mbotlinuxusart.o(.data)
    radar_data_1                             0x20000478   Data           4  mbotlinuxusart.o(.data)
    radar_data_2                             0x2000047c   Data           4  mbotlinuxusart.o(.data)
    radar_data_1_last                        0x20000480   Data           4  mbotlinuxusart.o(.data)
    radar_data_2_last                        0x20000484   Data           4  mbotlinuxusart.o(.data)
    radar_data_3                             0x20000488   Data           1  mbotlinuxusart.o(.data)
    radar_wait_time                          0x2000048c   Data           4  mbotlinuxusart.o(.data)
    leftVelNow                               0x20000490   Data           2  mbotlinuxusart.o(.data)
    rightVelNow                              0x20000492   Data           2  mbotlinuxusart.o(.data)
    angleNow                                 0x20000494   Data           2  mbotlinuxusart.o(.data)
    leftVelSet                               0x20000496   Data           2  mbotlinuxusart.o(.data)
    rightVelSet                              0x20000498   Data           2  mbotlinuxusart.o(.data)
    pvt_receive_updata                       0x200004be   Data           1  drv_ubloxgps.o(.data)
    fre_test_cnt                             0x200004c0   Data           2  drv_ubloxgps.o(.data)
    Period_Out_H                             0x200004c2   Data          14  drv_ubloxgps.o(.data)
    Period_Out_L                             0x200004d0   Data          14  drv_ubloxgps.o(.data)
    Pulse_Period                             0x200004de   Data          28  drv_ubloxgps.o(.data)
    Baud115200                               0x200004fa   Data          28  drv_ubloxgps.o(.data)
    Save_Con                                 0x20000516   Data          21  drv_ubloxgps.o(.data)
    POLLSH_SET                               0x2000052b   Data          11  drv_ubloxgps.o(.data)
    SOL_SET                                  0x20000536   Data          11  drv_ubloxgps.o(.data)
    VELNED_SET                               0x20000541   Data          11  drv_ubloxgps.o(.data)
    TIMEUTC_SET                              0x2000054c   Data          11  drv_ubloxgps.o(.data)
    DOP_SET                                  0x20000557   Data          11  drv_ubloxgps.o(.data)
    PVT_SET                                  0x20000562   Data          11  drv_ubloxgps.o(.data)
    pvt_recerve_ok_cnt                       0x20000572   Data           1  drv_ubloxgps.o(.data)
    led                                      0x20000580   Data           4  drv_led.o(.data)
    Tx1Counter                               0x20000590   Data           1  drv_uart.o(.data)
    count1                                   0x20000591   Data           1  drv_uart.o(.data)
    U1RxInCnt                                0x20000592   Data           1  drv_uart.o(.data)
    U1RxoutCnt                               0x20000593   Data           1  drv_uart.o(.data)
    TxCounter                                0x20000594   Data           1  drv_uart.o(.data)
    count                                    0x20000595   Data           1  drv_uart.o(.data)
    U2RxInCnt                                0x20000596   Data           1  drv_uart.o(.data)
    U2RxoutCnt                               0x20000597   Data           1  drv_uart.o(.data)
    Tx3Counter                               0x20000598   Data           1  drv_uart.o(.data)
    count3                                   0x20000599   Data           1  drv_uart.o(.data)
    U3RxInCnt                                0x2000059a   Data           1  drv_uart.o(.data)
    U3RxoutCnt                               0x2000059b   Data           1  drv_uart.o(.data)
    Tx4Counter                               0x2000059c   Data           1  drv_uart.o(.data)
    count4                                   0x2000059d   Data           1  drv_uart.o(.data)
    U4RxInCnt                                0x2000059e   Data           1  drv_uart.o(.data)
    U4RxoutCnt                               0x2000059f   Data           1  drv_uart.o(.data)
    Tx5Counter                               0x200005a0   Data           1  drv_uart.o(.data)
    count5                                   0x200005a1   Data           1  drv_uart.o(.data)
    U5RxInCnt                                0x200005a2   Data           1  drv_uart.o(.data)
    U5RxoutCnt                               0x200005a3   Data           1  drv_uart.o(.data)
    SystemCoreClock                          0x200005a4   Data           4  system_stm32f4xx.o(.data)
    AHBPrescTable                            0x200005a8   Data          16  system_stm32f4xx.o(.data)
    send_buffer                              0x200005c8   Data          50  ano_dt_lx.o(.bss)
    dt                                       0x200005fc   Data        1564  ano_dt_lx.o(.bss)
    rt_tar                                   0x20000d18   Data          14  ano_lx.o(.bss)
    pwm_to_esc                               0x20000d26   Data          16  ano_lx.o(.bss)
    fc_att_qua                               0x20000d36   Data           9  ano_lx.o(.bss)
    fc_hight                                 0x20000d3f   Data           9  ano_lx.o(.bss)
    ext_sens                                 0x20000d58   Data          48  lx_fc_ext_sensor.o(.bss)
    fc_sta                                   0x20000d88   Data          11  lx_fc_state.o(.bss)
    DataSend                                 0x20000d93   Data          30  niming_upperconputer.o(.bss)
    receiveBuff                              0x20000db1   Data          16  mbotlinuxusart.o(.bss)
    rc_in                                    0x20000dc2   Data          82  drv_bsp.o(.bss)
    ano_of                                   0x20000e30   Data          60  drv_anoof.o(.bss)
    ubx                                      0x20000eac   Data         100  drv_ubloxgps.o(.bss)
    AdcValue                                 0x20000f10   Data         100  drv_adc.o(.bss)
    Tx1Buffer                                0x20000f74   Data         256  drv_uart.o(.bss)
    U1RxDataTmp                              0x20001074   Data         100  drv_uart.o(.bss)
    TxBuffer                                 0x200010d8   Data         256  drv_uart.o(.bss)
    U2RxDataTmp                              0x200011d8   Data         100  drv_uart.o(.bss)
    Tx3Buffer                                0x2000123c   Data         256  drv_uart.o(.bss)
    U3RxDataTmp                              0x2000133c   Data         100  drv_uart.o(.bss)
    Tx4Buffer                                0x200013a0   Data         256  drv_uart.o(.bss)
    U4RxDataTmp                              0x200014a0   Data         100  drv_uart.o(.bss)
    Tx5Buffer                                0x20001504   Data         256  drv_uart.o(.bss)
    U5RxDataTmp                              0x20001604   Data         100  drv_uart.o(.bss)
    __initial_sp                             0x20001e68   Data           0  startup_stm32f4xx.o(STACK)



==============================================================================

Memory Map of the image

  Image Entry point : 0x08000189

  Load Region LR_IROM1 (Base: 0x08000000, Size: 0x0000f9d8, Max: 0x00100000, ABSOLUTE, COMPRESSED[0x0000f604])

    Execution Region ER_IROM1 (Exec base: 0x08000000, Load base: 0x08000000, Size: 0x0000f410, Max: 0x00100000, ABSOLUTE)

    Exec Addr    Load Addr    Size         Type   Attr      Idx    E Section Name        Object

    0x08000000   0x08000000   0x00000188   Data   RO          878    RESET               startup_stm32f4xx.o
    0x08000188   0x08000188   0x00000000   Code   RO         1077  * .ARM.Collect$$$$00000000  mc_w.l(entry.o)
    0x08000188   0x08000188   0x00000004   Code   RO         1096    .ARM.Collect$$$$00000001  mc_w.l(entry2.o)
    0x0800018c   0x0800018c   0x00000004   Code   RO         1099    .ARM.Collect$$$$00000004  mc_w.l(entry5.o)
    0x08000190   0x08000190   0x00000000   Code   RO         1101    .ARM.Collect$$$$00000008  mc_w.l(entry7b.o)
    0x08000190   0x08000190   0x00000000   Code   RO         1103    .ARM.Collect$$$$0000000A  mc_w.l(entry8b.o)
    0x08000190   0x08000190   0x00000008   Code   RO         1104    .ARM.Collect$$$$0000000B  mc_w.l(entry9a.o)
    0x08000198   0x08000198   0x00000004   Code   RO         1111    .ARM.Collect$$$$0000000E  mc_w.l(entry12b.o)
    0x0800019c   0x0800019c   0x00000000   Code   RO         1106    .ARM.Collect$$$$0000000F  mc_w.l(entry10a.o)
    0x0800019c   0x0800019c   0x00000000   Code   RO         1108    .ARM.Collect$$$$00000011  mc_w.l(entry11a.o)
    0x0800019c   0x0800019c   0x00000004   Code   RO         1097    .ARM.Collect$$$$00002712  mc_w.l(entry2.o)
    0x080001a0   0x080001a0   0x00000014   Code   RO            2    .text               main.o
    0x080001b4   0x080001b4   0x00000230   Code   RO          122    .text               ano_scheduler.o
    0x080003e4   0x080003e4   0x000001dc   Code   RO          185    .text               user_task.o
    0x080005c0   0x080005c0   0x000007d4   Code   RO          208    .text               ano_dt_lx.o
    0x08000d94   0x08000d94   0x00000514   Code   RO          247    .text               ano_lx.o
    0x080012a8   0x080012a8   0x000000e4   Code   RO          294    .text               lx_fc_ext_sensor.o
    0x0800138c   0x0800138c   0x0000029c   Code   RO          317    .text               lx_fc_fun.o
    0x08001628   0x08001628   0x00000284   Code   RO          334    .text               lx_fc_state.o
    0x080018ac   0x080018ac   0x000002e4   Code   RO          357    .text               get_data.o
    0x08001b90   0x08001b90   0x00000168   Code   RO          379    .text               control.o
    0x08001cf8   0x08001cf8   0x0000035c   Code   RO          398    .text               my_uart.o
    0x08002054   0x08002054   0x00000154   Code   RO          426    .text               niming_upperconputer.o
    0x080021a8   0x080021a8   0x00000350   Code   RO          444    .text               pid.o
    0x080024f8   0x080024f8   0x000000a8   Code   RO          459    .text               mode.o
    0x080025a0   0x080025a0   0x00000120   Code   RO          478    .text               key.o
    0x080026c0   0x080026c0   0x00000bb0   Code   RO          554    .text               oled.o
    0x08003270   0x08003270   0x00000088   Code   RO          581    .text               buzzer.o
    0x080032f8   0x080032f8   0x00000350   Code   RO          606    .text               mbotlinuxusart.o
    0x08003648   0x08003648   0x000004f8   Code   RO          630    .text               drv_bsp.o
    0x08003b40   0x08003b40   0x0000087c   Code   RO          656    .text               ano_math.o
    0x080043bc   0x080043bc   0x00000340   Code   RO          678    .text               drv_anoof.o
    0x080046fc   0x080046fc   0x000003a8   Code   RO          701    .text               drv_ubloxgps.o
    0x08004aa4   0x08004aa4   0x00000098   Code   RO          721    .text               stm32f4xx_it.o
    0x08004b3c   0x08004b3c   0x00000108   Code   RO          737    .text               drv_sys.o
    0x08004c44   0x08004c44   0x00000194   Code   RO          759    .text               drv_adc.o
    0x08004dd8   0x08004dd8   0x0000011c   Code   RO          778    .text               drv_led.o
    0x08004ef4   0x08004ef4   0x0000037c   Code   RO          800    .text               drv_pwmout.o
    0x08005270   0x08005270   0x000001e4   Code   RO          816    .text               drv_rcin.o
    0x08005454   0x08005454   0x0000008c   Code   RO          833    .text               drv_timer.o
    0x080054e0   0x080054e0   0x00000a50   Code   RO          853    .text               drv_uart.o
    0x08005f30   0x08005f30   0x00000024   Code   RO          879    .text               startup_stm32f4xx.o
    0x08005f54   0x08005f54   0x00000210   Code   RO          884    .text               system_stm32f4xx.o
    0x08006164   0x08006164   0x000001c0   Code   RO          906    .text               misc.o
    0x08006324   0x08006324   0x00000fdc   Code   RO          923    .text               stm32f4xx_adc.o
    0x08007300   0x08007300   0x00001368   Code   RO          940    .text               stm32f4xx_dma.o
    0x08008668   0x08008668   0x000002d4   Code   RO          957    .text               stm32f4xx_exti.o
    0x0800893c   0x0800893c   0x000008c8   Code   RO          991    .text               stm32f4xx_gpio.o
    0x08009204   0x08009204   0x00000cfc   Code   RO         1008    .text               stm32f4xx_rcc.o
    0x08009f00   0x08009f00   0x000031ec   Code   RO         1044    .text               stm32f4xx_tim.o
    0x0800d0ec   0x0800d0ec   0x00000e24   Code   RO         1061    .text               stm32f4xx_usart.o
    0x0800df10   0x0800df10   0x0000014e   Code   RO         1080    .text               mf_w.l(dadd.o)
    0x0800e05e   0x0800e05e   0x000000e4   Code   RO         1082    .text               mf_w.l(dmul.o)
    0x0800e142   0x0800e142   0x000000de   Code   RO         1084    .text               mf_w.l(ddiv.o)
    0x0800e220   0x0800e220   0x00000022   Code   RO         1086    .text               mf_w.l(dflti.o)
    0x0800e242   0x0800e242   0x0000003e   Code   RO         1088    .text               mf_w.l(dfixi.o)
    0x0800e280   0x0800e280   0x00000030   Code   RO         1090    .text               mf_w.l(cdcmple.o)
    0x0800e2b0   0x0800e2b0   0x00000030   Code   RO         1092    .text               mf_w.l(cdrcmple.o)
    0x0800e2e0   0x0800e2e0   0x00000038   Code   RO         1094    .text               mf_w.l(d2f.o)
    0x0800e318   0x0800e318   0x0000001e   Code   RO         1112    .text               mc_w.l(llshl.o)
    0x0800e336   0x0800e336   0x00000020   Code   RO         1114    .text               mc_w.l(llushr.o)
    0x0800e356   0x0800e356   0x00000024   Code   RO         1116    .text               mc_w.l(llsshr.o)
    0x0800e37a   0x0800e37a   0x00000000   Code   RO         1118    .text               mc_w.l(iusefp.o)
    0x0800e37a   0x0800e37a   0x0000006e   Code   RO         1119    .text               mf_w.l(fepilogue.o)
    0x0800e3e8   0x0800e3e8   0x000000ba   Code   RO         1121    .text               mf_w.l(depilogue.o)
    0x0800e4a2   0x0800e4a2   0x00000002   PAD
    0x0800e4a4   0x0800e4a4   0x00000024   Code   RO         1123    .text               mc_w.l(init.o)
    0x0800e4c8   0x0800e4c8   0x00000056   Code   RO         1133    .text               mc_w.l(__dczerorl2.o)
    0x0800e51e   0x0800e51e   0x0000000e   Code   RO         1127    i.__scatterload_copy  mc_w.l(handlers.o)
    0x0800e52c   0x0800e52c   0x00000002   Code   RO         1128    i.__scatterload_null  mc_w.l(handlers.o)
    0x0800e52e   0x0800e52e   0x0000000e   Code   RO         1129    i.__scatterload_zeroinit  mc_w.l(handlers.o)
    0x0800e53c   0x0800e53c   0x00000818   Data   RO          555    .constdata          oled.o
    0x0800ed54   0x0800ed54   0x00000004   Data   RO          608    .constdata          mbotlinuxusart.o
    0x0800ed58   0x0800ed58   0x00000404   Data   RO          657    .constdata          ano_math.o
    0x0800f15c   0x0800f15c   0x00000048   Data   RO          907    .conststring        misc.o
    0x0800f1a4   0x0800f1a4   0x00000051   Data   RO          924    .conststring        stm32f4xx_adc.o
    0x0800f1f5   0x0800f1f5   0x00000003   PAD
    0x0800f1f8   0x0800f1f8   0x00000051   Data   RO          941    .conststring        stm32f4xx_dma.o
    0x0800f249   0x0800f249   0x00000003   PAD
    0x0800f24c   0x0800f24c   0x00000052   Data   RO          958    .conststring        stm32f4xx_exti.o
    0x0800f29e   0x0800f29e   0x00000002   PAD
    0x0800f2a0   0x0800f2a0   0x00000052   Data   RO          992    .conststring        stm32f4xx_gpio.o
    0x0800f2f2   0x0800f2f2   0x00000002   PAD
    0x0800f2f4   0x0800f2f4   0x00000051   Data   RO         1009    .conststring        stm32f4xx_rcc.o
    0x0800f345   0x0800f345   0x00000003   PAD
    0x0800f348   0x0800f348   0x00000051   Data   RO         1045    .conststring        stm32f4xx_tim.o
    0x0800f399   0x0800f399   0x00000003   PAD
    0x0800f39c   0x0800f39c   0x00000053   Data   RO         1062    .conststring        stm32f4xx_usart.o
    0x0800f3ef   0x0800f3ef   0x00000001   PAD
    0x0800f3f0   0x0800f3f0   0x00000020   Data   RO         1125    Region$$Table       anon$$obj.o


    Execution Region RW_IRAM1 (Exec base: 0x20000000, Load base: 0x0800f410, Size: 0x00001e68, Max: 0x00020000, ABSOLUTE, COMPRESSED[0x000001f4])

    Exec Addr    Load Addr    Size         Type   Attr      Idx    E Section Name        Object

    0x20000000   COMPRESSED   0x00000058   Data   RW          123    .data               ano_scheduler.o
    0x20000058   COMPRESSED   0x00000002   Data   RW          186    .data               user_task.o
    0x2000005a   COMPRESSED   0x00000006   Data   RW          210    .data               ano_dt_lx.o
    0x20000060   COMPRESSED   0x00000020   Data   RW          249    .data               ano_lx.o
    0x20000080   COMPRESSED   0x00000004   Data   RW          296    .data               lx_fc_ext_sensor.o
    0x20000084   COMPRESSED   0x00000001   Data   RW          318    .data               lx_fc_fun.o
    0x20000085   COMPRESSED   0x00000001   PAD
    0x20000086   COMPRESSED   0x00000006   Data   RW          336    .data               lx_fc_state.o
    0x2000008c   COMPRESSED   0x00000004   PAD
    0x20000090   COMPRESSED   0x00000050   Data   RW          358    .data               get_data.o
    0x200000e0   COMPRESSED   0x00000020   Data   RW          380    .data               control.o
    0x20000100   COMPRESSED   0x0000001d   Data   RW          399    .data               my_uart.o
    0x2000011d   COMPRESSED   0x00000003   PAD
    0x20000120   COMPRESSED   0x00000060   Data   RW          445    .data               pid.o
    0x20000180   COMPRESSED   0x00000058   Data   RW          460    .data               mode.o
    0x200001d8   COMPRESSED   0x00000009   Data   RW          479    .data               key.o
    0x200001e1   COMPRESSED   0x00000003   PAD
    0x200001e4   COMPRESSED   0x00000288   Data   RW          556    .data               oled.o
    0x2000046c   COMPRESSED   0x00000004   Data   RW          582    .data               buzzer.o
    0x20000470   COMPRESSED   0x00000038   Data   RW          609    .data               mbotlinuxusart.o
    0x200004a8   COMPRESSED   0x00000013   Data   RW          632    .data               drv_bsp.o
    0x200004bb   COMPRESSED   0x00000003   Data   RW          680    .data               drv_anoof.o
    0x200004be   COMPRESSED   0x000000b6   Data   RW          703    .data               drv_ubloxgps.o
    0x20000574   COMPRESSED   0x00000004   PAD
    0x20000578   COMPRESSED   0x00000008   Data   RW          738    .data               drv_sys.o
    0x20000580   COMPRESSED   0x0000000c   Data   RW          779    .data               drv_led.o
    0x2000058c   COMPRESSED   0x00000004   Data   RW          817    .data               drv_rcin.o
    0x20000590   COMPRESSED   0x00000014   Data   RW          855    .data               drv_uart.o
    0x200005a4   COMPRESSED   0x00000014   Data   RW          885    .data               system_stm32f4xx.o
    0x200005b8   COMPRESSED   0x00000010   Data   RW         1010    .data               stm32f4xx_rcc.o
    0x200005c8        -       0x00000750   Zero   RW          209    .bss                ano_dt_lx.o
    0x20000d18        -       0x00000040   Zero   RW          248    .bss                ano_lx.o
    0x20000d58        -       0x00000030   Zero   RW          295    .bss                lx_fc_ext_sensor.o
    0x20000d88        -       0x0000000b   Zero   RW          335    .bss                lx_fc_state.o
    0x20000d93        -       0x0000001e   Zero   RW          427    .bss                niming_upperconputer.o
    0x20000db1        -       0x00000010   Zero   RW          607    .bss                mbotlinuxusart.o
    0x20000dc1   COMPRESSED   0x00000001   PAD
    0x20000dc2        -       0x0000006b   Zero   RW          631    .bss                drv_bsp.o
    0x20000e2d   COMPRESSED   0x00000003   PAD
    0x20000e30        -       0x0000007c   Zero   RW          679    .bss                drv_anoof.o
    0x20000eac        -       0x00000064   Zero   RW          702    .bss                drv_ubloxgps.o
    0x20000f10        -       0x00000064   Zero   RW          760    .bss                drv_adc.o
    0x20000f74        -       0x000006f4   Zero   RW          854    .bss                drv_uart.o
    0x20001668        -       0x00000800   Zero   RW          876    STACK               startup_stm32f4xx.o


==============================================================================

Image component sizes


      Code (inc. data)   RO Data    RW Data    ZI Data      Debug   Object Name

      2004         98          0          6       1872       6790   ano_dt_lx.o
      1300        114          0         32         64       6082   ano_lx.o
      2172        142       1028          0          0       8082   ano_math.o
       560         68          0         88          0       3278   ano_scheduler.o
       136          6          0          4          0       1268   buzzer.o
       360         28          0         32          0       2211   control.o
       404         36          0          0        100       2209   drv_adc.o
       832         36          0          3        124       3510   drv_anoof.o
      1272         62          0         19        107       4058   drv_bsp.o
       284         12          0         12          0       2830   drv_led.o
       892         38          0          0          0       2035   drv_pwmout.o
       484         20          0          4          0       1556   drv_rcin.o
       264         12          0          8          0      20661   drv_sys.o
       140          4          0          0          0       1031   drv_timer.o
      2640        170          0         20       1780       9343   drv_uart.o
       936         82          0        182        100       3735   drv_ubloxgps.o
       740        150          0         80          0       1748   get_data.o
       288         18          0          9          0     224509   key.o
       228         30          0          4         48       3047   lx_fc_ext_sensor.o
       668         12          0          1          0       2840   lx_fc_fun.o
       644         30          0          6         11       2351   lx_fc_state.o
        20          0          0          0          0     300733   main.o
       848         92          4         56         16       4003   mbotlinuxusart.o
       448         30         72          0          0       2501   misc.o
       168         32          0         88          0       1893   mode.o
       860        126          0         29          0       2163   my_uart.o
       340          4          0          0         30       1955   niming_upperconputer.o
      2992        230       2072        648          0       9944   oled.o
       848        140          0         96          0       3245   pid.o
        36          8        392          0       2048       1032   startup_stm32f4xx.o
      4060        104         81          0          0      13814   stm32f4xx_adc.o
      4968        316         81          0          0       9429   stm32f4xx_dma.o
       724         14         82          0          0       3175   stm32f4xx_exti.o
      2248         86         82          0          0       5877   stm32f4xx_gpio.o
       152         10          0          0          0       2446   stm32f4xx_it.o
      3324        218         81         16          0      14127   stm32f4xx_rcc.o
     12780        628         81          0          0      31672   stm32f4xx_tim.o
      3620        116         83          0          0      10544   stm32f4xx_usart.o
       528         46          0         20          0       2523   system_stm32f4xx.o
       476         62          0          2          0        933   user_task.o

    ----------------------------------------------------------------------
     56688       3430       4188       1480       6304     735183   Object Totals
         0          0         32          0          0          0   (incl. Generated)
         0          0         17         15          4          0   (incl. Padding)

    ----------------------------------------------------------------------

      Code (inc. data)   RO Data    RW Data    ZI Data      Debug   Library Member Name

        86          0          0          0          0          0   __dczerorl2.o
         0          0          0          0          0          0   entry.o
         0          0          0          0          0          0   entry10a.o
         0          0          0          0          0          0   entry11a.o
         4          0          0          0          0          0   entry12b.o
         8          4          0          0          0          0   entry2.o
         4          0          0          0          0          0   entry5.o
         0          0          0          0          0          0   entry7b.o
         0          0          0          0          0          0   entry8b.o
         8          4          0          0          0          0   entry9a.o
        30          0          0          0          0          0   handlers.o
        36          8          0          0          0         68   init.o
         0          0          0          0          0          0   iusefp.o
        30          0          0          0          0         68   llshl.o
        36          0          0          0          0         68   llsshr.o
        32          0          0          0          0         68   llushr.o
        48          0          0          0          0         68   cdcmple.o
        48          0          0          0          0         68   cdrcmple.o
        56          0          0          0          0         88   d2f.o
       334          0          0          0          0        148   dadd.o
       222          0          0          0          0        100   ddiv.o
       186          0          0          0          0        176   depilogue.o
        62          0          0          0          0         80   dfixi.o
        34          0          0          0          0         76   dflti.o
       228          0          0          0          0         96   dmul.o
       110          0          0          0          0        168   fepilogue.o

    ----------------------------------------------------------------------
      1604         16          0          0          0       1340   Library Totals
         2          0          0          0          0          0   (incl. Padding)

    ----------------------------------------------------------------------

      Code (inc. data)   RO Data    RW Data    ZI Data      Debug   Library Name

       274         16          0          0          0        272   mc_w.l
      1328          0          0          0          0       1068   mf_w.l

    ----------------------------------------------------------------------
      1604         16          0          0          0       1340   Library Totals

    ----------------------------------------------------------------------

==============================================================================


      Code (inc. data)   RO Data    RW Data    ZI Data      Debug   

     58292       3446       4188       1480       6304     729183   Grand Totals
     58292       3446       4188        500       6304     729183   ELF Image Totals (compressed)
     58292       3446       4188        500          0          0   ROM Totals

==============================================================================

    Total RO  Size (Code + RO Data)                62480 (  61.02kB)
    Total RW  Size (RW Data + ZI Data)              7784 (   7.60kB)
    Total ROM Size (Code + RO Data + RW Data)      62980 (  61.50kB)

==============================================================================

