Component: ARM Compiler 5.06 update 7 (build 960) Tool: armlink [4d3601]

==============================================================================

Section Cross References

    main.o(.text) refers to drv_bsp.o(.text) for All_Init
    main.o(.text) refers to ano_scheduler.o(.text) for Scheduler_Setup
    ano_scheduler.o(.text) refers to get_data.o(.text) for get_data
    ano_scheduler.o(.text) refers to pid.o(.text) for PID
    ano_scheduler.o(.text) refers to key.o(.text) for KEY_Scan_1
    ano_scheduler.o(.text) refers to oled.o(.text) for OLED_Clear
    ano_scheduler.o(.text) refers to mbotlinuxusart.o(.text) for usartSendData
    ano_scheduler.o(.text) refers to my_uart.o(.text) for MY_urst2_Send
    ano_scheduler.o(.text) refers to user_task.o(.text) for UserTask_OneKeyCmd
    ano_scheduler.o(.text) refers to stm32f4xx_tim.o(.text) for TIM_SetCompare1
    ano_scheduler.o(.text) refers to drv_sys.o(.text) for GetSysRunTimeMs
    ano_scheduler.o(.text) refers to control.o(.data) for time_cnt_ms
    ano_scheduler.o(.text) refers to mbotlinuxusart.o(.data) for radar_wait_time
    ano_scheduler.o(.text) refers to key.o(.data) for KEY_1
    ano_scheduler.o(.text) refers to mode.o(.data) for dis_group
    ano_scheduler.o(.text) refers to ano_scheduler.o(.data) for urst2_Send_data
    ano_scheduler.o(.text) refers to my_uart.o(.data) for new_fire_x
    ano_scheduler.o(.text) refers to drv_led.o(.data) for led
    ano_scheduler.o(.data) refers to ano_scheduler.o(.text) for Loop_1000Hz
    user_task.o(.text) refers to lx_fc_fun.o(.text) for OneKey_Land
    user_task.o(.text) refers to control.o(.text) for all_data_init
    user_task.o(.text) refers to mode.o(.text) for mode_select
    user_task.o(.text) refers to get_data.o(.text) for set_dis_zero
    user_task.o(.text) refers to dfixi.o(.text) for __aeabi_d2iz
    user_task.o(.text) refers to buzzer.o(.text) for beep_bsp
    user_task.o(.text) refers to drv_bsp.o(.bss) for rc_in
    user_task.o(.text) refers to user_task.o(.data) for one_key_land_f
    user_task.o(.text) refers to my_uart.o(.data) for car_data_0
    user_task.o(.text) refers to control.o(.data) for mission_step
    user_task.o(.text) refers to mode.o(.data) for dis_x_target
    user_task.o(.text) refers to get_data.o(.data) for yaw
    user_task.o(.text) refers to mbotlinuxusart.o(.data) for radar_data_1
    user_task.o(.text) refers to ano_scheduler.o(.data) for cnt
    ano_dt_lx.o(.text) refers to drv_uart.o(.text) for DrvUart5SendBuf
    ano_dt_lx.o(.text) refers to ano_dt_lx.o(.bss) for dt
    ano_dt_lx.o(.text) refers to ano_lx.o(.bss) for pwm_to_esc
    ano_dt_lx.o(.text) refers to drv_led.o(.data) for led
    ano_dt_lx.o(.text) refers to lx_fc_state.o(.bss) for fc_sta
    ano_dt_lx.o(.text) refers to ano_lx.o(.data) for fc_vel
    ano_dt_lx.o(.text) refers to ano_dt_lx.o(.data) for rxstate
    ano_dt_lx.o(.text) refers to lx_fc_ext_sensor.o(.bss) for ext_sens
    ano_dt_lx.o(.text) refers to drv_bsp.o(.bss) for rc_in
    ano_lx.o(.text) refers to lx_fc_fun.o(.text) for LX_Change_Mode
    ano_lx.o(.text) refers to ano_math.o(.text) for my_deadzone
    ano_lx.o(.text) refers to drv_pwmout.o(.text) for DrvMotorPWMSet
    ano_lx.o(.text) refers to drv_bsp.o(.bss) for rc_in
    ano_lx.o(.text) refers to control.o(.data) for my_code_control_flag
    ano_lx.o(.text) refers to lx_fc_state.o(.data) for sti_fun
    ano_lx.o(.text) refers to ano_lx.o(.bss) for rt_tar
    ano_lx.o(.text) refers to ano_dt_lx.o(.bss) for dt
    ano_lx.o(.text) refers to ano_lx.o(.data) for fail_safe_change_mod
    ano_lx.o(.text) refers to lx_fc_state.o(.bss) for fc_sta
    ano_lx.o(.text) refers to drv_adc.o(.text) for Drv_AdcGetBatVot
    ano_lx.o(.text) refers to drv_bsp.o(.text) for DrvRcInputTask
    ano_lx.o(.text) refers to lx_fc_state.o(.text) for LX_FC_State_Task
    ano_lx.o(.text) refers to drv_anoof.o(.text) for AnoOF_Check_State
    ano_lx.o(.text) refers to drv_uart.o(.text) for DrvUartDataCheck
    ano_lx.o(.text) refers to drv_ubloxgps.o(.text) for GPS_Data_Prepare_Task
    ano_lx.o(.text) refers to lx_fc_ext_sensor.o(.text) for LX_FC_EXT_Sensor_Task
    ano_lx.o(.text) refers to ano_dt_lx.o(.text) for ANO_LX_Data_Exchange_Task
    ano_lx.o(.text) refers to drv_led.o(.text) for LED_1ms_DRV
    lx_fc_ext_sensor.o(.text) refers to drv_anoof.o(.bss) for ano_of
    lx_fc_ext_sensor.o(.text) refers to lx_fc_ext_sensor.o(.data) for of_alt_update_cnt
    lx_fc_ext_sensor.o(.text) refers to lx_fc_ext_sensor.o(.bss) for ext_sens
    lx_fc_ext_sensor.o(.text) refers to ano_dt_lx.o(.bss) for dt
    lx_fc_fun.o(.text) refers to ano_dt_lx.o(.text) for CMD_Send
    lx_fc_fun.o(.text) refers to lx_fc_state.o(.bss) for fc_sta
    lx_fc_fun.o(.text) refers to ano_dt_lx.o(.bss) for dt
    lx_fc_fun.o(.text) refers to lx_fc_fun.o(.data) for old_mode
    lx_fc_state.o(.text) refers to lx_fc_fun.o(.text) for FC_Unlock
    lx_fc_state.o(.text) refers to drv_bsp.o(.bss) for rc_in
[...]
    .data                                    0x20000593   Section        3  drv_anoof.o(.data)
    _data_len                                0x20000593   Data           1  drv_anoof.o(.data)
    _data_cnt                                0x20000594   Data           1  drv_anoof.o(.data)
    rxstate                                  0x20000595   Data           1  drv_anoof.o(.data)
    .data                                    0x20000596   Section      182  drv_ubloxgps.o(.data)
    protocol_class                           0x20000645   Data           1  drv_ubloxgps.o(.data)
    protocol_id                              0x20000646   Data           1  drv_ubloxgps.o(.data)
    protocol_length_t                        0x20000647   Data           1  drv_ubloxgps.o(.data)
    protocol_length                          0x20000648   Data           2  drv_ubloxgps.o(.data)
    state                                    0x2000064b   Data           1  drv_ubloxgps.o(.data)
    .data                                    0x20000650   Section        8  drv_sys.o(.data)
    SysRunTimeMs                             0x20000650   Data           8  drv_sys.o(.data)
    .data                                    0x20000658   Section       12  drv_led.o(.data)
    led_cnt                                  0x2000065c   Data           8  drv_led.o(.data)
    .data                                    0x20000664   Section        4  drv_rcin.o(.data)
    temp_cnt                                 0x20000664   Data           4  drv_rcin.o(.data)
    .data                                    0x20000668   Section       20  drv_uart.o(.data)
    .data                                    0x2000067c   Section       20  system_stm32f4xx.o(.data)
    .data                                    0x20000690   Section       16  stm32f4xx_rcc.o(.data)
    APBAHBPrescTable                         0x20000690   Data          16  stm32f4xx_rcc.o(.data)
    .bss                                     0x200006a0   Section     1872  ano_dt_lx.o(.bss)
    DT_RxBuffer                              0x20000cf0   Data         256  ano_dt_lx.o(.bss)
    .bss                                     0x20000df0   Section       64  ano_lx.o(.bss)
    pwm                                      0x20000e20   Data          16  ano_lx.o(.bss)
    .bss                                     0x20000e30   Section       48  lx_fc_ext_sensor.o(.bss)
    .bss                                     0x20000e60   Section       11  lx_fc_state.o(.bss)
    .bss                                     0x20000e6b   Section       16  mbotlinuxusart.o(.bss)
    .bss                                     0x20000e7c   Section      107  drv_bsp.o(.bss)
    datatmp                                  0x20000ece   Data          25  drv_bsp.o(.bss)
    .bss                                     0x20000ee8   Section      124  drv_anoof.o(.bss)
    _datatemp                                0x20000f24   Data          50  drv_anoof.o(.bss)
    check_time_ms                            0x20000f58   Data          12  drv_anoof.o(.bss)
    .bss                                     0x20000f64   Section      100  drv_ubloxgps.o(.bss)
    .bss                                     0x20000fc8   Section      100  drv_adc.o(.bss)
    .bss                                     0x2000102c   Section     1780  drv_uart.o(.bss)
    STACK                                    0x20001720   Section     2048  startup_stm32f4xx.o(STACK)

    Global Symbols

    Symbol Name                              Value     Ov Type        Size  Object(Section)

    BuildAttributes$$THM_ISAv4$E$P$D$K$B$S$7EM$VFPi3$EXTD16$VFPS$VFMA$PE$A:L22UL41UL21$X:L11$S22US41US21$IEEE1$IW$USESV6$~STKCKD$USESV7$~SHL$OTIME$ROPI$EBA8$MICROLIB$REQ8$PRES8$EABIv2 0x00000000   Number         0  anon$$obj.o ABSOLUTE
    __ARM_use_no_argv                        0x00000000   Number         0  main.o ABSOLUTE
    __arm_fini_                               - Undefined Weak Reference
    __cpp_initialize__aeabi_                  - Undefined Weak Reference
    __cxa_finalize                            - Undefined Weak Reference
    _clock_init                               - Undefined Weak Reference
    _microlib_exit                            - Undefined Weak Reference
    __Vectors_Size                           0x00000188   Number         0  startup_stm32f4xx.o ABSOLUTE
    __Vectors                                0x08000000   Data           4  startup_stm32f4xx.o(RESET)
    __Vectors_End                            0x08000188   Data           0  startup_stm32f4xx.o(RESET)
    __main                                   0x08000189   Thumb Code     0  entry.o(.ARM.Collect$$$$00000000)
    _main_stk                                0x08000189   Thumb Code     0  entry2.o(.ARM.Collect$$$$00000001)
    _main_scatterload                        0x0800018d   Thumb Code     0  entry5.o(.ARM.Collect$$$$00000004)
    __main_after_scatterload                 0x08000191   Thumb Code     0  entry5.o(.ARM.Collect$$$$00000004)
    _main_clock                              0x08000191   Thumb Code     0  entry7b.o(.ARM.Collect$$$$00000008)
    _main_cpp_init                           0x08000191   Thumb Code     0  entry8b.o(.ARM.Collect$$$$0000000A)
    _main_init                               0x08000191   Thumb Code     0  entry9a.o(.ARM.Collect$$$$0000000B)
    __rt_lib_shutdown_fini                   0x08000199   Thumb Code     0  entry12b.o(.ARM.Collect$$$$0000000E)
    __rt_final_cpp                           0x0800019d   Thumb Code     0  entry10a.o(.ARM.Collect$$$$0000000F)
    __rt_final_exit                          0x0800019d   Thumb Code     0  entry11a.o(.ARM.Collect$$$$00000011)
    assert_failed                            0x080001a1   Thumb Code     4  main.o(.text)
    main                                     0x080001a5   Thumb Code    16  main.o(.text)
    Scheduler_Setup                          0x0800037b   Thumb Code    76  ano_scheduler.o(.text)
    Scheduler_Run                            0x080003c7   Thumb Code    76  ano_scheduler.o(.text)
    UserTask_OneKeyCmd                       0x08000471   Thumb Code   978  user_task.o(.text)
    ANO_DT_Init                              0x080008ad   Thumb Code   166  ano_dt_lx.o(.text)
    CK_Back                                  0x08000963   Thumb Code    12  ano_dt_lx.o(.text)
    PAR_Back                                 0x0800096f   Thumb Code    14  ano_dt_lx.o(.text)
    ANO_DT_LX_Data_Receive_Prepare           0x08000b9b   Thumb Code   314  ano_dt_lx.o(.text)
    CMD_Send                                 0x08000fa3   Thumb Code    22  ano_dt_lx.o(.text)
    ANO_LX_Data_Exchange_Task                0x08000fb9   Thumb Code    68  ano_dt_lx.o(.text)
    ANO_LX_Task                              0x080014ef   Thumb Code   144  ano_lx.o(.text)
    LX_FC_EXT_Sensor_Task                    0x08001595   Thumb Code    78  lx_fc_ext_sensor.o(.text)
    FC_Unlock                                0x08001679   Thumb Code    56  lx_fc_fun.o(.text)
    FC_Lock                                  0x080016b1   Thumb Code    56  lx_fc_fun.o(.text)
    LX_Change_Mode                           0x080016e9   Thumb Code    80  lx_fc_fun.o(.text)
    OneKey_Return_Home                       0x08001739   Thumb Code    50  lx_fc_fun.o(.text)
    OneKey_Takeoff                           0x0800176b   Thumb Code    66  lx_fc_fun.o(.text)
    OneKey_Land                              0x080017ad   Thumb Code    50  lx_fc_fun.o(.text)
    Horizontal_Move                          0x080017df   Thumb Code    98  lx_fc_fun.o(.text)
    Horizontal_Calibrate                     0x08001841   Thumb Code    50  lx_fc_fun.o(.text)
    Mag_Calibrate                            0x08001873   Thumb Code    50  lx_fc_fun.o(.text)
    ACC_Calibrate                            0x080018a5   Thumb Code    50  lx_fc_fun.o(.text)
    GYR_Calibrate                            0x080018d7   Thumb Code    50  lx_fc_fun.o(.text)
    LX_Cali_Trig_Check                       0x08001acb   Thumb Code   150  lx_fc_state.o(.text)
    LX_FC_State_Task                         0x08001b61   Thumb Code    26  lx_fc_state.o(.text)
    get_data                                 0x08001b99   Thumb Code   570  get_data.o(.text)
    set_dis_zero                             0x08001dd3   Thumb Code    20  get_data.o(.text)
    all_data_init                            0x08001e7d   Thumb Code    12  control.o(.text)
    User_Task_Delay                          0x08001e89   Thumb Code    38  control.o(.text)
    square_wave                              0x08001eaf   Thumb Code    60  control.o(.text)
    triangualr_wave                          0x08001eeb   Thumb Code   222  control.o(.text)
    MY_urst1_Receive                         0x08001fe5   Thumb Code   174  my_uart.o(.text)
    MY_urst1_car_Receive                     0x08002093   Thumb Code   186  my_uart.o(.text)
    MY_urst1_Send_xy                         0x0800214d   Thumb Code    80  my_uart.o(.text)
    MY_urst1_Send_fire                       0x0800219d   Thumb Code    88  my_uart.o(.text)
    MY_urst2_Send                            0x080021f5   Thumb Code    26  my_uart.o(.text)
    MY_urst2_Receive                         0x0800220f   Thumb Code   400  my_uart.o(.text)
    Limit_max_int                            0x08002431   Thumb Code    18  pid.o(.text)
    keep_hight                               0x08002443   Thumb Code    32  pid.o(.text)
    keep_dis_x                               0x08002463   Thumb Code   176  pid.o(.text)
    keep_dis_y                               0x08002513   Thumb Code   176  pid.o(.text)
    keep_yaw                                 0x080025c3   Thumb Code    30  pid.o(.text)
    PID                                      0x080025e1   Thumb Code   264  pid.o(.text)
    mode_select                              0x08002775   Thumb Code   150  mode.o(.text)
    dis_target_select                        0x0800280b   Thumb Code   234  mode.o(.text)
    KEY_Init                                 0x08002921   Thumb Code    60  key.o(.text)
    KEY_Scan_1                               0x0800295d   Thumb Code    70  key.o(.text)
    KEY_Scan_2                               0x080029a3   Thumb Code    70  key.o(.text)
    KEY_Scan_3                               0x080029e9   Thumb Code    70  key.o(.text)
    sda_pin_mode                             0x08002a41   Thumb Code    34  oled.o(.text)
    IIC_Start                                0x08002a63   Thumb Code    56  oled.o(.text)
    IIC_Stop                                 0x08002a9b   Thumb Code    44  oled.o(.text)
    IIC_Wait_Ack                             0x08002ac7   Thumb Code    52  oled.o(.text)
    Write_IIC_Byte                           0x08002afb   Thumb Code    98  oled.o(.text)
    Write_IIC_Command                        0x08002b5d   Thumb Code    44  oled.o(.text)
    Write_IIC_Data                           0x08002b89   Thumb Code    44  oled.o(.text)
    OLED_WR_Byte                             0x08002bb5   Thumb Code    24  oled.o(.text)
    fill_picture                             0x08002bcd   Thumb Code    64  oled.o(.text)
    Delay_50ms                               0x08002c0d   Thumb Code    22  oled.o(.text)
    Delay_1ms                                0x08002c23   Thumb Code    26  oled.o(.text)
    OLED_Set_Pos                             0x08002c3d   Thumb Code    40  oled.o(.text)
    OLED_Display_On                          0x08002c65   Thumb Code    28  oled.o(.text)
    OLED_Display_Off                         0x08002c81   Thumb Code    28  oled.o(.text)
    OLED_Clear                               0x08002c9d   Thumb Code    62  oled.o(.text)
    OLED_On                                  0x08002cdb   Thumb Code    62  oled.o(.text)
    OLED_ShowChar                            0x08002d19   Thumb Code   154  oled.o(.text)
    oled_pow                                 0x08002db3   Thumb Code    22  oled.o(.text)
    OLED_ShowNum                             0x08002dc9   Thumb Code   148  oled.o(.text)
    OLED_ShowString                          0x08002e5d   Thumb Code    58  oled.o(.text)
    OLED_ShowCHinese                         0x08002e97   Thumb Code    98  oled.o(.text)
    OLED_DrawBMP                             0x08002ef9   Thumb Code   118  oled.o(.text)
    OLED_Init                                0x08002f6f   Thumb Code   274  oled.o(.text)
    my_oled_show_0                           0x08003081   Thumb Code   248  oled.o(.text)
    my_oled_show_1                           0x08003179   Thumb Code   466  oled.o(.text)
    my_oled_show_2                           0x0800334b   Thumb Code   290  oled.o(.text)
    my_oled_show_3                           0x0800346d   Thumb Code   330  oled.o(.text)
    my_oled_show_4                           0x080035b7   Thumb Code   144  oled.o(.text)
    beep_init                                0x080036a9   Thumb Code    56  buzzer.o(.text)
    beep_bsp                                 0x080036e1   Thumb Code    32  buzzer.o(.text)
    beep_delay                               0x08003701   Thumb Code    42  buzzer.o(.text)
    getCrc8                                  0x08003731   Thumb Code    56  mbotlinuxusart.o(.text)
    usartReceiveOneData                      0x08003769   Thumb Code   524  mbotlinuxusart.o(.text)
    USART_Send_String                        0x08003975   Thumb Code    52  mbotlinuxusart.o(.text)
    usartSendData                            0x080039a9   Thumb Code   156  mbotlinuxusart.o(.text)
    TIM4_PWM_Init                            0x08003ab1   Thumb Code   156  pwm.o(.text)
    DrvRcInputInit                           0x08003b55   Thumb Code    20  drv_bsp.o(.text)
    All_Init                                 0x08003b69   Thumb Code   154  drv_bsp.o(.text)
    DrvPpmGetOneCh                           0x08003c03   Thumb Code    92  drv_bsp.o(.text)
    DrvSbusGetOneByte                        0x08003c5f   Thumb Code   560  drv_bsp.o(.text)
    DrvRcInputTask                           0x08003f37   Thumb Code   288  drv_bsp.o(.text)
    my_abs                                   0x08004069   Thumb Code    26  ano_math.o(.text)
    fast_atan2                               0x08004083   Thumb Code   350  ano_math.o(.text)
    my_atan                                  0x080041e1   Thumb Code    24  ano_math.o(.text)
    my_sqrt_reciprocal                       0x080041f9   Thumb Code    76  ano_math.o(.text)
    my_sqrt                                  0x08004245   Thumb Code    20  ano_math.o(.text)
    mx_sin                                   0x08004259   Thumb Code   292  ano_math.o(.text)
    my_sin                                   0x0800437d   Thumb Code   108  ano_math.o(.text)
    my_cos                                   0x080043e9   Thumb Code   136  ano_math.o(.text)
    my_deadzone                              0x08004471   Thumb Code   152  ano_math.o(.text)
    my_deadzone_2                            0x08004509   Thumb Code    48  ano_math.o(.text)
    my_HPF                                   0x08004539   Thumb Code   346  ano_math.o(.text)
    To_180_degrees_db                        0x08004693   Thumb Code   108  ano_math.o(.text)
    length_limit                             0x080046ff   Thumb Code   140  ano_math.o(.text)
    fifo                                     0x0800478b   Thumb Code    42  ano_math.o(.text)
    rot_vec_2                                0x080047b5   Thumb Code    84  ano_math.o(.text)
    vec_2_cross_product                      0x08004809   Thumb Code    26  ano_math.o(.text)
    vec_2_dot_product                        0x08004823   Thumb Code    26  ano_math.o(.text)
    vec_3_cross_product_err_sinx             0x0800483d   Thumb Code    86  ano_math.o(.text)
    vec_3_dot_product                        0x08004893   Thumb Code    38  ano_math.o(.text)
    AnoOF_Check_State                        0x080048e5   Thumb Code   180  drv_anoof.o(.text)
    AnoOF_GetOneByte                         0x08004b05   Thumb Code   252  drv_anoof.o(.text)
    GPS_Data_Prepare_Task                    0x08004c25   Thumb Code   306  drv_ubloxgps.o(.text)
    GPS_Rate_H                               0x08004d57   Thumb Code    12  drv_ubloxgps.o(.text)
    GPS_Rate_L                               0x08004d63   Thumb Code    12  drv_ubloxgps.o(.text)
    Init_GPS                                 0x08004d6f   Thumb Code   196  drv_ubloxgps.o(.text)
    UBLOX_M8_GPS_Data_Receive                0x08004e33   Thumb Code   328  drv_ubloxgps.o(.text)
    NMI_Handler                              0x08004fcd   Thumb Code     2  stm32f4xx_it.o(.text)
    MemManage_Handler                        0x08004fcf   Thumb Code     4  stm32f4xx_it.o(.text)
    BusFault_Handler                         0x08004fd3   Thumb Code     4  stm32f4xx_it.o(.text)
    UsageFault_Handler                       0x08004fd7   Thumb Code     4  stm32f4xx_it.o(.text)
    SVC_Handler                              0x08004fdb   Thumb Code     2  stm32f4xx_it.o(.text)
    DebugMon_Handler                         0x08004fdd   Thumb Code     2  stm32f4xx_it.o(.text)
    EXTI9_5_IRQHandler                       0x08004fdf   Thumb Code    18  stm32f4xx_it.o(.text)
    TIM3_IRQHandler                          0x08004ff1   Thumb Code     8  stm32f4xx_it.o(.text)
    TIM4_IRQHandler                          0x08004ff9   Thumb Code     2  stm32f4xx_it.o(.text)
    TIM7_IRQHandler                          0x08004ffb   Thumb Code    26  stm32f4xx_it.o(.text)
    USART1_IRQHandler                        0x08005015   Thumb Code     8  stm32f4xx_it.o(.text)
    USART2_IRQHandler                        0x0800501d   Thumb Code     8  stm32f4xx_it.o(.text)
    USART3_IRQHandler                        0x08005025   Thumb Code    30  stm32f4xx_it.o(.text)
    UART4_IRQHandler                         0x08005043   Thumb Code     8  stm32f4xx_it.o(.text)
    UART5_IRQHandler                         0x0800504b   Thumb Code     8  stm32f4xx_it.o(.text)
    USART6_IRQHandler                        0x08005053   Thumb Code     8  stm32f4xx_it.o(.text)
    SysTick_Init                             0x08005065   Thumb Code   100  drv_sys.o(.text)
    SysTick_Handler                          0x080050c9   Thumb Code    20  drv_sys.o(.text)
    GetSysRunTimeMs                          0x080050dd   Thumb Code     6  drv_sys.o(.text)
    GetSysRunTimeUs                          0x080050e3   Thumb Code    62  drv_sys.o(.text)
    MyDelayUs                                0x08005121   Thumb Code    24  drv_sys.o(.text)
    MyDelayMs                                0x08005139   Thumb Code    24  drv_sys.o(.text)
    DrvSysInit                               0x08005151   Thumb Code    16  drv_sys.o(.text)
    DrvAdcInit                               0x080051d9   Thumb Code   168  drv_adc.o(.text)
    Drv_AdcGetBatVot                         0x08005281   Thumb Code    92  drv_adc.o(.text)
    DvrLedInit                               0x08005301   Thumb Code   112  drv_led.o(.text)
    LED_On_Off                               0x08005371   Thumb Code    82  drv_led.o(.text)
    LED_1ms_DRV                              0x080053c3   Thumb Code    78  drv_led.o(.text)
    DrvPwmOutInit                            0x0800541d   Thumb Code   742  drv_pwmout.o(.text)
    DrvMotorPWMSet                           0x08005703   Thumb Code   112  drv_pwmout.o(.text)
    DrvRcPpmInit                             0x08005799   Thumb Code   176  drv_rcin.o(.text)
    PPM_IRQH                                 0x08005849   Thumb Code    82  drv_rcin.o(.text)
    DrvRcSbusInit                            0x0800589b   Thumb Code   166  drv_rcin.o(.text)
    Sbus_IRQH                                0x08005941   Thumb Code    40  drv_rcin.o(.text)
    TIM_CONF                                 0x0800597d   Thumb Code    80  drv_timer.o(.text)
    TIM_NVIC                                 0x080059cd   Thumb Code    32  drv_timer.o(.text)
    DrvTimerFcInit                           0x080059ed   Thumb Code    24  drv_timer.o(.text)
    NoUse                                    0x08005a09   Thumb Code     2  drv_uart.o(.text)
    DrvUart1Init                             0x08005a0b   Thumb Code   246  drv_uart.o(.text)
    DrvUart1SendBuf                          0x08005b01   Thumb Code    60  drv_uart.o(.text)
    drvU1GetByte                             0x08005b3d   Thumb Code    32  drv_uart.o(.text)
    drvU1DataCheck                           0x08005b5d   Thumb Code    52  drv_uart.o(.text)
    Usart1_IRQ                               0x08005b91   Thumb Code   110  drv_uart.o(.text)
    DrvUart2Init                             0x08005bff   Thumb Code   234  drv_uart.o(.text)
    DrvUart2SendBuf                          0x08005ce9   Thumb Code    62  drv_uart.o(.text)
    drvU2GetByte                             0x08005d27   Thumb Code    32  drv_uart.o(.text)
    drvU2DataCheck                           0x08005d47   Thumb Code    52  drv_uart.o(.text)
    Usart2_IRQ                               0x08005d7b   Thumb Code   120  drv_uart.o(.text)
    DrvUart3Init                             0x08005df3   Thumb Code   312  drv_uart.o(.text)
    DrvUart3SendBuf                          0x08005f2b   Thumb Code    62  drv_uart.o(.text)
    drvU3GetByte                             0x08005f69   Thumb Code    32  drv_uart.o(.text)
    drvU3DataCheck                           0x08005f89   Thumb Code    52  drv_uart.o(.text)
    Usart3_IRQ                               0x08005fbd   Thumb Code   120  drv_uart.o(.text)
    DrvUart4Init                             0x08006035   Thumb Code   200  drv_uart.o(.text)
    DrvUart4SendBuf                          0x080060fd   Thumb Code    62  drv_uart.o(.text)
    drvU4GetByte                             0x0800613b   Thumb Code    32  drv_uart.o(.text)
    drvU4DataCheck                           0x0800615b   Thumb Code    52  drv_uart.o(.text)
    Uart4_IRQ                                0x0800618f   Thumb Code   120  drv_uart.o(.text)
    DrvUart5Init                             0x08006207   Thumb Code   288  drv_uart.o(.text)
    DrvUart5SendBuf                          0x08006327   Thumb Code    60  drv_uart.o(.text)
    drvU5GetByte                             0x08006363   Thumb Code    32  drv_uart.o(.text)
    drvU5DataCheck                           0x08006383   Thumb Code    52  drv_uart.o(.text)
    Uart5_IRQ                                0x080063b7   Thumb Code   110  drv_uart.o(.text)
    DrvUartDataCheck                         0x08006425   Thumb Code    24  drv_uart.o(.text)
    Reset_Handler                            0x08006459   Thumb Code     8  startup_stm32f4xx.o(.text)
    HardFault_Handler                        0x08006463   Thumb Code     2  startup_stm32f4xx.o(.text)
    PendSV_Handler                           0x0800646f   Thumb Code     2  startup_stm32f4xx.o(.text)
    ADC_IRQHandler                           0x08006473   Thumb Code     0  startup_stm32f4xx.o(.text)
    CAN1_RX0_IRQHandler                      0x08006473   Thumb Code     0  startup_stm32f4xx.o(.text)
    CAN1_RX1_IRQHandler                      0x08006473   Thumb Code     0  startup_stm32f4xx.o(.text)
    CAN1_SCE_IRQHandler                      0x08006473   Thumb Code     0  startup_stm32f4xx.o(.text)
    CAN1_TX_IRQHandler                       0x08006473   Thumb Code     0  startup_stm32f4xx.o(.text)
    CAN2_RX0_IRQHandler                      0x08006473   Thumb Code     0  startup_stm32f4xx.o(.text)
    CAN2_RX1_IRQHandler                      0x08006473   Thumb Code     0  startup_stm32f4xx.o(.text)
    CAN2_SCE_IRQHandler                      0x08006473   Thumb Code     0  startup_stm32f4xx.o(.text)
    CAN2_TX_IRQHandler                       0x08006473   Thumb Code     0  startup_stm32f4xx.o(.text)
    CRYP_IRQHandler                          0x08006473   Thumb Code     0  startup_stm32f4xx.o(.text)
    DCMI_IRQHandler                          0x08006473   Thumb Code     0  startup_stm32f4xx.o(.text)
    DMA1_Stream0_IRQHandler                  0x08006473   Thumb Code     0  startup_stm32f4xx.o(.text)
    DMA1_Stream1_IRQHandler                  0x08006473   Thumb Code     0  startup_stm32f4xx.o(.text)
    DMA1_Stream2_IRQHandler                  0x08006473   Thumb Code     0  startup_stm32f4xx.o(.text)
    DMA1_Stream3_IRQHandler                  0x08006473   Thumb Code     0  startup_stm32f4xx.o(.text)
    DMA1_Stream4_IRQHandler                  0x08006473   Thumb Code     0  startup_stm32f4xx.o(.text)
    DMA1_Stream5_IRQHandler                  0x08006473   Thumb Code     0  startup_stm32f4xx.o(.text)
    DMA1_Stream6_IRQHandler                  0x08006473   Thumb Code     0  startup_stm32f4xx.o(.text)
    DMA1_Stream7_IRQHandler                  0x08006473   Thumb Code     0  startup_stm32f4xx.o(.text)
    DMA2_Stream0_IRQHandler                  0x08006473   Thumb Code     0  startup_stm32f4xx.o(.text)
    DMA2_Stream1_IRQHandler                  0x08006473   Thumb Code     0  startup_stm32f4xx.o(.text)
    DMA2_Stream2_IRQHandler                  0x08006473   Thumb Code     0  startup_stm32f4xx.o(.text)
    DMA2_Stream3_IRQHandler                  0x08006473   Thumb Code     0  startup_stm32f4xx.o(.text)
    DMA2_Stream4_IRQHandler                  0x08006473   Thumb Code     0  startup_stm32f4xx.o(.text)
    DMA2_Stream5_IRQHandler                  0x08006473   Thumb Code     0  startup_stm32f4xx.o(.text)
    DMA2_Stream6_IRQHandler                  0x08006473   Thumb Code     0  startup_stm32f4xx.o(.text)
    DMA2_Stream7_IRQHandler                  0x08006473   Thumb Code     0  startup_stm32f4xx.o(.text)
    ETH_IRQHandler                           0x08006473   Thumb Code     0  startup_stm32f4xx.o(.text)
    ETH_WKUP_IRQHandler                      0x08006473   Thumb Code     0  startup_stm32f4xx.o(.text)
    EXTI0_IRQHandler                         0x08006473   Thumb Code     0  startup_stm32f4xx.o(.text)
    EXTI15_10_IRQHandler                     0x08006473   Thumb Code     0  startup_stm32f4xx.o(.text)
    EXTI1_IRQHandler                         0x08006473   Thumb Code     0  startup_stm32f4xx.o(.text)
    EXTI2_IRQHandler                         0x08006473   Thumb Code     0  startup_stm32f4xx.o(.text)
    EXTI3_IRQHandler                         0x08006473   Thumb Code     0  startup_stm32f4xx.o(.text)
    EXTI4_IRQHandler                         0x08006473   Thumb Code     0  startup_stm32f4xx.o(.text)
    FLASH_IRQHandler                         0x08006473   Thumb Code     0  startup_stm32f4xx.o(.text)
    FPU_IRQHandler                           0x08006473   Thumb Code     0  startup_stm32f4xx.o(.text)
    FSMC_IRQHandler                          0x08006473   Thumb Code     0  startup_stm32f4xx.o(.text)
    HASH_RNG_IRQHandler                      0x08006473   Thumb Code     0  startup_stm32f4xx.o(.text)
    I2C1_ER_IRQHandler                       0x08006473   Thumb Code     0  startup_stm32f4xx.o(.text)
    I2C1_EV_IRQHandler                       0x08006473   Thumb Code     0  startup_stm32f4xx.o(.text)
    I2C2_ER_IRQHandler                       0x08006473   Thumb Code     0  startup_stm32f4xx.o(.text)
    I2C2_EV_IRQHandler                       0x08006473   Thumb Code     0  startup_stm32f4xx.o(.text)
    I2C3_ER_IRQHandler                       0x08006473   Thumb Code     0  startup_stm32f4xx.o(.text)
    I2C3_EV_IRQHandler                       0x08006473   Thumb Code     0  startup_stm32f4xx.o(.text)
    OTG_FS_IRQHandler                        0x08006473   Thumb Code     0  startup_stm32f4xx.o(.text)
    OTG_FS_WKUP_IRQHandler                   0x08006473   Thumb Code     0  startup_stm32f4xx.o(.text)
    OTG_HS_EP1_IN_IRQHandler                 0x08006473   Thumb Code     0  startup_stm32f4xx.o(.text)
    OTG_HS_EP1_OUT_IRQHandler                0x08006473   Thumb Code     0  startup_stm32f4xx.o(.text)
    OTG_HS_IRQHandler                        0x08006473   Thumb Code     0  startup_stm32f4xx.o(.text)
    OTG_HS_WKUP_IRQHandler                   0x08006473   Thumb Code     0  startup_stm32f4xx.o(.text)
    PVD_IRQHandler                           0x08006473   Thumb Code     0  startup_stm32f4xx.o(.text)
    RCC_IRQHandler                           0x08006473   Thumb Code     0  startup_stm32f4xx.o(.text)
    RTC_Alarm_IRQHandler                     0x08006473   Thumb Code     0  startup_stm32f4xx.o(.text)
    RTC_WKUP_IRQHandler                      0x08006473   Thumb Code     0  startup_stm32f4xx.o(.text)
    SDIO_IRQHandler                          0x08006473   Thumb Code     0  startup_stm32f4xx.o(.text)
    SPI1_IRQHandler                          0x08006473   Thumb Code     0  startup_stm32f4xx.o(.text)
    SPI2_IRQHandler                          0x08006473   Thumb Code     0  startup_stm32f4xx.o(.text)
    SPI3_IRQHandler                          0x08006473   Thumb Code     0  startup_stm32f4xx.o(.text)
    TAMP_STAMP_IRQHandler                    0x08006473   Thumb Code     0  startup_stm32f4xx.o(.text)
    TIM1_BRK_TIM9_IRQHandler                 0x08006473   Thumb Code     0  startup_stm32f4xx.o(.text)
    TIM1_CC_IRQHandler                       0x08006473   Thumb Code     0  startup_stm32f4xx.o(.text)
    TIM1_TRG_COM_TIM11_IRQHandler            0x08006473   Thumb Code     0  startup_stm32f4xx.o(.text)
    TIM1_UP_TIM10_IRQHandler                 0x08006473   Thumb Code     0  startup_stm32f4xx.o(.text)
    TIM2_IRQHandler                          0x08006473   Thumb Code     0  startup_stm32f4xx.o(.text)
    TIM5_IRQHandler                          0x08006473   Thumb Code     0  startup_stm32f4xx.o(.text)
    TIM6_DAC_IRQHandler                      0x08006473   Thumb Code     0  startup_stm32f4xx.o(.text)
    TIM8_BRK_TIM12_IRQHandler                0x08006473   Thumb Code     0  startup_stm32f4xx.o(.text)
    TIM8_CC_IRQHandler                       0x08006473   Thumb Code     0  startup_stm32f4xx.o(.text)
    TIM8_TRG_COM_TIM14_IRQHandler            0x08006473   Thumb Code     0  startup_stm32f4xx.o(.text)
    TIM8_UP_TIM13_IRQHandler                 0x08006473   Thumb Code     0  startup_stm32f4xx.o(.text)
    WWDG_IRQHandler                          0x08006473   Thumb Code     0  startup_stm32f4xx.o(.text)
    SystemInit                               0x08006559   Thumb Code    88  system_stm32f4xx.o(.text)
    SystemCoreClockUpdate                    0x080065b1   Thumb Code   174  system_stm32f4xx.o(.text)
    NVIC_PriorityGroupConfig                 0x0800668d   Thumb Code    54  misc.o(.text)
    NVIC_Init                                0x080066c3   Thumb Code   164  misc.o(.text)
    NVIC_SetVectorTable                      0x08006767   Thumb Code    60  misc.o(.text)
    NVIC_SystemLPConfig                      0x080067a3   Thumb Code    78  misc.o(.text)
    SysTick_CLKSourceConfig                  0x080067f1   Thumb Code    62  misc.o(.text)
    ADC_DeInit                               0x0800684d   Thumb Code    22  stm32f4xx_adc.o(.text)
    ADC_Init                                 0x08006863   Thumb Code   402  stm32f4xx_adc.o(.text)
    ADC_StructInit                           0x080069f5   Thumb Code    20  stm32f4xx_adc.o(.text)
    ADC_CommonInit                           0x08006a09   Thumb Code   342  stm32f4xx_adc.o(.text)
    ADC_CommonStructInit                     0x08006b5f   Thumb Code    12  stm32f4xx_adc.o(.text)
    ADC_Cmd                                  0x08006b6b   Thumb Code    76  stm32f4xx_adc.o(.text)
    ADC_AnalogWatchdogCmd                    0x08006bb7   Thumb Code   102  stm32f4xx_adc.o(.text)
    ADC_AnalogWatchdogThresholdsConfig       0x08006c1d   Thumb Code   126  stm32f4xx_adc.o(.text)
    ADC_AnalogWatchdogSingleChannelConfig    0x08006c9b   Thumb Code   136  stm32f4xx_adc.o(.text)
    ADC_TempSensorVrefintCmd                 0x08006d23   Thumb Code    56  stm32f4xx_adc.o(.text)
    ADC_VBATCmd                              0x08006d5b   Thumb Code    56  stm32f4xx_adc.o(.text)
    ADC_RegularChannelConfig                 0x08006d93   Thumb Code   408  stm32f4xx_adc.o(.text)
    ADC_SoftwareStartConv                    0x08006f2b   Thumb Code    44  stm32f4xx_adc.o(.text)
    ADC_GetSoftwareStartConvStatus           0x08006f57   Thumb Code    54  stm32f4xx_adc.o(.text)
    ADC_EOCOnEachRegularChannelCmd           0x08006f8d   Thumb Code    76  stm32f4xx_adc.o(.text)
    ADC_ContinuousModeCmd                    0x08006fd9   Thumb Code    76  stm32f4xx_adc.o(.text)
    ADC_DiscModeChannelCountConfig           0x08007025   Thumb Code   100  stm32f4xx_adc.o(.text)
    ADC_DiscModeCmd                          0x08007089   Thumb Code    76  stm32f4xx_adc.o(.text)
    ADC_GetConversionValue                   0x080070d5   Thumb Code    40  stm32f4xx_adc.o(.text)
    ADC_GetMultiModeConversionValue          0x080070fd   Thumb Code     6  stm32f4xx_adc.o(.text)
    ADC_DMACmd                               0x08007103   Thumb Code    76  stm32f4xx_adc.o(.text)
    ADC_DMARequestAfterLastTransferCmd       0x0800714f   Thumb Code    76  stm32f4xx_adc.o(.text)
    ADC_MultiModeDMARequestAfterLastTransferCmd 0x0800719b   Thumb Code    60  stm32f4xx_adc.o(.text)
    ADC_InjectedChannelConfig                0x080071d7   Thumb Code   332  stm32f4xx_adc.o(.text)
    ADC_InjectedSequencerLengthConfig        0x08007323   Thumb Code    80  stm32f4xx_adc.o(.text)
    ADC_SetInjectedOffset                    0x08007373   Thumb Code   102  stm32f4xx_adc.o(.text)
    ADC_ExternalTrigInjectedConvConfig       0x080073d9   Thumb Code   176  stm32f4xx_adc.o(.text)
    ADC_ExternalTrigInjectedConvEdgeConfig   0x08007489   Thumb Code    82  stm32f4xx_adc.o(.text)
    ADC_SoftwareStartInjectedConv            0x080074db   Thumb Code    44  stm32f4xx_adc.o(.text)
    ADC_GetSoftwareStartInjectedConvCmdStatus 0x08007507   Thumb Code    54  stm32f4xx_adc.o(.text)
    ADC_AutoInjectedConvCmd                  0x0800753d   Thumb Code    76  stm32f4xx_adc.o(.text)
    ADC_InjectedDiscModeCmd                  0x08007589   Thumb Code    76  stm32f4xx_adc.o(.text)
    ADC_GetInjectedConversionValue           0x080075d5   Thumb Code    88  stm32f4xx_adc.o(.text)
    ADC_ITConfig                             0x0800762d   Thumb Code   130  stm32f4xx_adc.o(.text)
    ADC_GetFlagStatus                        0x080076af   Thumb Code    90  stm32f4xx_adc.o(.text)
    ADC_ClearFlag                            0x08007709   Thumb Code    62  stm32f4xx_adc.o(.text)
    ADC_GetITStatus                          0x08007747   Thumb Code   122  stm32f4xx_adc.o(.text)
    ADC_ClearITPendingBit                    0x080077c1   Thumb Code    88  stm32f4xx_adc.o(.text)
    DMA_DeInit                               0x08007829   Thumb Code   462  stm32f4xx_dma.o(.text)
    DMA_Init                                 0x080079f7   Thumb Code   684  stm32f4xx_dma.o(.text)
    DMA_StructInit                           0x08007ca3   Thumb Code    34  stm32f4xx_dma.o(.text)
    DMA_Cmd                                  0x08007cc5   Thumb Code   182  stm32f4xx_dma.o(.text)
    DMA_PeriphIncOffsetSizeConfig            0x08007d7b   Thumb Code   184  stm32f4xx_dma.o(.text)
    DMA_FlowControllerConfig                 0x08007e33   Thumb Code   182  stm32f4xx_dma.o(.text)
    DMA_SetCurrDataCounter                   0x08007ee9   Thumb Code   146  stm32f4xx_dma.o(.text)
    DMA_GetCurrDataCounter                   0x08007f7b   Thumb Code   146  stm32f4xx_dma.o(.text)
    DMA_DoubleBufferModeConfig               0x0800800d   Thumb Code   204  stm32f4xx_dma.o(.text)
    DMA_DoubleBufferModeCmd                  0x080080d9   Thumb Code   182  stm32f4xx_dma.o(.text)
    DMA_MemoryTargetConfig                   0x0800818f   Thumb Code   174  stm32f4xx_dma.o(.text)
    DMA_GetCurrentMemoryTarget               0x0800823d   Thumb Code   160  stm32f4xx_dma.o(.text)
    DMA_GetCmdStatus                         0x080082dd   Thumb Code   160  stm32f4xx_dma.o(.text)
    DMA_GetFIFOStatus                        0x0800837d   Thumb Code   152  stm32f4xx_dma.o(.text)
    DMA_GetFlagStatus                        0x08008415   Thumb Code   486  stm32f4xx_dma.o(.text)
    DMA_ClearFlag                            0x080085fb   Thumb Code   216  stm32f4xx_dma.o(.text)
    DMA_ITConfig                             0x080086d3   Thumb Code   238  stm32f4xx_dma.o(.text)
    DMA_GetITStatus                          0x080087c1   Thumb Code   590  stm32f4xx_dma.o(.text)
    DMA_ClearITPendingBit                    0x08008a0f   Thumb Code   216  stm32f4xx_dma.o(.text)
    EXTI_DeInit                              0x08008b91   Thumb Code    28  stm32f4xx_exti.o(.text)
    EXTI_Init                                0x08008bad   Thumb Code   236  stm32f4xx_exti.o(.text)
    EXTI_StructInit                          0x08008c99   Thumb Code    16  stm32f4xx_exti.o(.text)
    EXTI_GenerateSWInterrupt                 0x08008ca9   Thumb Code    38  stm32f4xx_exti.o(.text)
    EXTI_GetFlagStatus                       0x08008ccf   Thumb Code   158  stm32f4xx_exti.o(.text)
    EXTI_ClearFlag                           0x08008d6d   Thumb Code    30  stm32f4xx_exti.o(.text)
    EXTI_GetITStatus                         0x08008d8b   Thumb Code   172  stm32f4xx_exti.o(.text)
    EXTI_ClearITPendingBit                   0x08008e37   Thumb Code    32  stm32f4xx_exti.o(.text)
    GPIO_DeInit                              0x08008e65   Thumb Code   284  stm32f4xx_gpio.o(.text)
    GPIO_Init                                0x08008f81   Thumb Code   342  stm32f4xx_gpio.o(.text)
    GPIO_StructInit                          0x080090d7   Thumb Code    18  stm32f4xx_gpio.o(.text)
    GPIO_PinLockConfig                       0x080090e9   Thumb Code   122  stm32f4xx_gpio.o(.text)
    GPIO_ReadInputDataBit                    0x08009163   Thumb Code   182  stm32f4xx_gpio.o(.text)
    GPIO_ReadInputData                       0x08009219   Thumb Code   116  stm32f4xx_gpio.o(.text)
    GPIO_ReadOutputDataBit                   0x0800928d   Thumb Code   182  stm32f4xx_gpio.o(.text)
    GPIO_ReadOutputData                      0x08009343   Thumb Code    76  stm32f4xx_gpio.o(.text)
    GPIO_SetBits                             0x0800938f   Thumb Code    94  stm32f4xx_gpio.o(.text)
    GPIO_ResetBits                           0x080093ed   Thumb Code    94  stm32f4xx_gpio.o(.text)
    GPIO_WriteBit                            0x0800944b   Thumb Code   194  stm32f4xx_gpio.o(.text)
    GPIO_Write                               0x0800950d   Thumb Code    76  stm32f4xx_gpio.o(.text)
    GPIO_ToggleBits                          0x08009559   Thumb Code    80  stm32f4xx_gpio.o(.text)
    GPIO_PinAFConfig                         0x080095a9   Thumb Code   382  stm32f4xx_gpio.o(.text)
    RCC_DeInit                               0x0800972d   Thumb Code    60  stm32f4xx_rcc.o(.text)
    RCC_HSEConfig                            0x08009769   Thumb Code    38  stm32f4xx_rcc.o(.text)
    RCC_GetFlagStatus                        0x0800978f   Thumb Code   130  stm32f4xx_rcc.o(.text)
    RCC_WaitForHSEStartUp                    0x08009811   Thumb Code    56  stm32f4xx_rcc.o(.text)
    RCC_AdjustHSICalibrationValue            0x08009849   Thumb Code    38  stm32f4xx_rcc.o(.text)
    RCC_HSICmd                               0x0800986f   Thumb Code    28  stm32f4xx_rcc.o(.text)
    RCC_LSEConfig                            0x0800988b   Thumb Code    72  stm32f4xx_rcc.o(.text)
    RCC_LSICmd                               0x080098d3   Thumb Code    28  stm32f4xx_rcc.o(.text)
    RCC_PLLConfig                            0x080098ef   Thumb Code   156  stm32f4xx_rcc.o(.text)
    RCC_PLLCmd                               0x0800998b   Thumb Code    28  stm32f4xx_rcc.o(.text)
    RCC_PLLI2SConfig                         0x080099a7   Thumb Code    62  stm32f4xx_rcc.o(.text)
    RCC_PLLI2SCmd                            0x080099e5   Thumb Code    28  stm32f4xx_rcc.o(.text)
    RCC_ClockSecuritySystemCmd               0x08009a01   Thumb Code    28  stm32f4xx_rcc.o(.text)
    RCC_MCO1Config                           0x08009a1d   Thumb Code   102  stm32f4xx_rcc.o(.text)
    RCC_MCO2Config                           0x08009a83   Thumb Code   102  stm32f4xx_rcc.o(.text)
    RCC_SYSCLKConfig                         0x08009ae9   Thumb Code    68  stm32f4xx_rcc.o(.text)
    RCC_GetSYSCLKSource                      0x08009b2d   Thumb Code    10  stm32f4xx_rcc.o(.text)
    RCC_HCLKConfig                           0x08009b37   Thumb Code    66  stm32f4xx_rcc.o(.text)
    RCC_PCLK1Config                          0x08009b79   Thumb Code    58  stm32f4xx_rcc.o(.text)
    RCC_PCLK2Config                          0x08009bb3   Thumb Code    60  stm32f4xx_rcc.o(.text)
    RCC_GetClocksFreq                        0x08009bef   Thumb Code   214  stm32f4xx_rcc.o(.text)
    RCC_RTCCLKConfig                         0x08009cc5   Thumb Code   260  stm32f4xx_rcc.o(.text)
    RCC_RTCCLKCmd                            0x08009dc9   Thumb Code    28  stm32f4xx_rcc.o(.text)
    RCC_BackupResetCmd                       0x08009de5   Thumb Code    30  stm32f4xx_rcc.o(.text)
    RCC_I2SCLKConfig                         0x08009e03   Thumb Code    28  stm32f4xx_rcc.o(.text)
    RCC_AHB1PeriphClockCmd                   0x08009e1f   Thumb Code    78  stm32f4xx_rcc.o(.text)
    RCC_AHB2PeriphClockCmd                   0x08009e6d   Thumb Code    78  stm32f4xx_rcc.o(.text)
    RCC_AHB3PeriphClockCmd                   0x08009ebb   Thumb Code   234  stm32f4xx_rcc.o(.text)
    RCC_APB1PeriphClockCmd                   0x08009fa5   Thumb Code    70  stm32f4xx_rcc.o(.text)
    RCC_APB2PeriphClockCmd                   0x08009feb   Thumb Code    78  stm32f4xx_rcc.o(.text)
    RCC_AHB1PeriphResetCmd                   0x0800a039   Thumb Code    78  stm32f4xx_rcc.o(.text)
    RCC_AHB2PeriphResetCmd                   0x0800a087   Thumb Code    78  stm32f4xx_rcc.o(.text)
    RCC_AHB3PeriphResetCmd                   0x0800a0d5   Thumb Code    78  stm32f4xx_rcc.o(.text)
    RCC_APB1PeriphResetCmd                   0x0800a123   Thumb Code    78  stm32f4xx_rcc.o(.text)
    RCC_APB2PeriphResetCmd                   0x0800a171   Thumb Code    78  stm32f4xx_rcc.o(.text)
    RCC_AHB1PeriphClockLPModeCmd             0x0800a1bf   Thumb Code    78  stm32f4xx_rcc.o(.text)
    RCC_AHB2PeriphClockLPModeCmd             0x0800a20d   Thumb Code    78  stm32f4xx_rcc.o(.text)
    RCC_AHB3PeriphClockLPModeCmd             0x0800a25b   Thumb Code    78  stm32f4xx_rcc.o(.text)
    RCC_APB1PeriphClockLPModeCmd             0x0800a2a9   Thumb Code    78  stm32f4xx_rcc.o(.text)
    RCC_APB2PeriphClockLPModeCmd             0x0800a2f7   Thumb Code    78  stm32f4xx_rcc.o(.text)
    RCC_ITConfig                             0x0800a345   Thumb Code   108  stm32f4xx_rcc.o(.text)
    RCC_ClearFlag                            0x0800a3b1   Thumb Code    14  stm32f4xx_rcc.o(.text)
    RCC_GetITStatus                          0x0800a3bf   Thumb Code    66  stm32f4xx_rcc.o(.text)
    RCC_ClearITPendingBit                    0x0800a401   Thumb Code    32  stm32f4xx_rcc.o(.text)
    TIM_DeInit                               0x0800a429   Thumb Code   440  stm32f4xx_tim.o(.text)
    TIM_TimeBaseInit                         0x0800a5e1   Thumb Code   278  stm32f4xx_tim.o(.text)
    TIM_TimeBaseStructInit                   0x0800a6f7   Thumb Code    18  stm32f4xx_tim.o(.text)
    TIM_PrescalerConfig                      0x0800a709   Thumb Code   128  stm32f4xx_tim.o(.text)
    TIM_CounterModeConfig                    0x0800a789   Thumb Code   100  stm32f4xx_tim.o(.text)
    TIM_SetCounter                           0x0800a7ed   Thumb Code   164  stm32f4xx_tim.o(.text)
    TIM_SetAutoreload                        0x0800a891   Thumb Code   106  stm32f4xx_tim.o(.text)
    TIM_GetCounter                           0x0800a8fb   Thumb Code   104  stm32f4xx_tim.o(.text)
    TIM_GetPrescaler                         0x0800a963   Thumb Code   104  stm32f4xx_tim.o(.text)
    TIM_UpdateDisableConfig                  0x0800a9cb   Thumb Code   144  stm32f4xx_tim.o(.text)
    TIM_UpdateRequestConfig                  0x0800aa5b   Thumb Code   144  stm32f4xx_tim.o(.text)
    TIM_ARRPreloadConfig                     0x0800aaeb   Thumb Code   144  stm32f4xx_tim.o(.text)
    TIM_SelectOnePulseMode                   0x0800ab7b   Thumb Code   138  stm32f4xx_tim.o(.text)
    TIM_SetClockDivision                     0x0800ac05   Thumb Code   190  stm32f4xx_tim.o(.text)
    TIM_Cmd                                  0x0800acc3   Thumb Code   144  stm32f4xx_tim.o(.text)
    TIM_OC1Init                              0x0800ad53   Thumb Code   400  stm32f4xx_tim.o(.text)
    TIM_OC2Init                              0x0800aee3   Thumb Code   474  stm32f4xx_tim.o(.text)
    TIM_OC3Init                              0x0800b0bd   Thumb Code   400  stm32f4xx_tim.o(.text)
    TIM_OC4Init                              0x0800b24d   Thumb Code   290  stm32f4xx_tim.o(.text)
    TIM_OCStructInit                         0x0800b36f   Thumb Code    20  stm32f4xx_tim.o(.text)
    TIM_SelectOCxM                           0x0800b383   Thumb Code   250  stm32f4xx_tim.o(.text)
    TIM_SetCompare1                          0x0800b47d   Thumb Code   144  stm32f4xx_tim.o(.text)
    TIM_SetCompare2                          0x0800b50d   Thumb Code    70  stm32f4xx_tim.o(.text)
    TIM_SetCompare3                          0x0800b553   Thumb Code    58  stm32f4xx_tim.o(.text)
    TIM_SetCompare4                          0x0800b58d   Thumb Code    58  stm32f4xx_tim.o(.text)
    TIM_ForcedOC1Config                      0x0800b5c7   Thumb Code   126  stm32f4xx_tim.o(.text)
    TIM_ForcedOC2Config                      0x0800b645   Thumb Code   110  stm32f4xx_tim.o(.text)
    TIM_ForcedOC3Config                      0x0800b6b3   Thumb Code    90  stm32f4xx_tim.o(.text)
    TIM_ForcedOC4Config                      0x0800b70d   Thumb Code    98  stm32f4xx_tim.o(.text)
    TIM_OC1PreloadConfig                     0x0800b76f   Thumb Code   124  stm32f4xx_tim.o(.text)
    TIM_OC2PreloadConfig                     0x0800b7eb   Thumb Code   108  stm32f4xx_tim.o(.text)
    TIM_OC3PreloadConfig                     0x0800b857   Thumb Code    88  stm32f4xx_tim.o(.text)
    TIM_OC4PreloadConfig                     0x0800b8af   Thumb Code   146  stm32f4xx_tim.o(.text)
    TIM_OC1FastConfig                        0x0800b941   Thumb Code   124  stm32f4xx_tim.o(.text)
    TIM_OC2FastConfig                        0x0800b9bd   Thumb Code   108  stm32f4xx_tim.o(.text)
    TIM_OC3FastConfig                        0x0800ba29   Thumb Code    88  stm32f4xx_tim.o(.text)
    TIM_OC4FastConfig                        0x0800ba81   Thumb Code    96  stm32f4xx_tim.o(.text)
    TIM_ClearOC1Ref                          0x0800bae1   Thumb Code   124  stm32f4xx_tim.o(.text)
    TIM_ClearOC2Ref                          0x0800bb5d   Thumb Code   106  stm32f4xx_tim.o(.text)
    TIM_ClearOC3Ref                          0x0800bbc7   Thumb Code    88  stm32f4xx_tim.o(.text)
    TIM_ClearOC4Ref                          0x0800bc1f   Thumb Code    94  stm32f4xx_tim.o(.text)
    TIM_OC1PolarityConfig                    0x0800bc7d   Thumb Code   124  stm32f4xx_tim.o(.text)
    TIM_OC1NPolarityConfig                   0x0800bcf9   Thumb Code   114  stm32f4xx_tim.o(.text)
    TIM_OC2PolarityConfig                    0x0800bd6b   Thumb Code   108  stm32f4xx_tim.o(.text)
    TIM_OC2NPolarityConfig                   0x0800bdd7   Thumb Code    72  stm32f4xx_tim.o(.text)
    TIM_OC3PolarityConfig                    0x0800be1f   Thumb Code    96  stm32f4xx_tim.o(.text)
    TIM_OC3NPolarityConfig                   0x0800be7f   Thumb Code    72  stm32f4xx_tim.o(.text)
    TIM_OC4PolarityConfig                    0x0800bec7   Thumb Code    96  stm32f4xx_tim.o(.text)
    TIM_CCxCmd                               0x0800bf27   Thumb Code   168  stm32f4xx_tim.o(.text)
    TIM_CCxNCmd                              0x0800bfcf   Thumb Code   104  stm32f4xx_tim.o(.text)
    TIM_SetIC4Prescaler                      0x0800c037   Thumb Code   106  stm32f4xx_tim.o(.text)
    TIM_SetIC3Prescaler                      0x0800c0f1   Thumb Code   148  stm32f4xx_tim.o(.text)
    TIM_SetIC2Prescaler                      0x0800c1cd   Thumb Code   118  stm32f4xx_tim.o(.text)
    TIM_SetIC1Prescaler                      0x0800c293   Thumb Code   134  stm32f4xx_tim.o(.text)
    TIM_ICInit                               0x0800c353   Thumb Code   460  stm32f4xx_tim.o(.text)
    TIM_ICStructInit                         0x0800c51f   Thumb Code    18  stm32f4xx_tim.o(.text)
    TIM_PWMIConfig                           0x0800c531   Thumb Code   234  stm32f4xx_tim.o(.text)
    TIM_GetCapture1                          0x0800c61b   Thumb Code    92  stm32f4xx_tim.o(.text)
    TIM_GetCapture2                          0x0800c677   Thumb Code    68  stm32f4xx_tim.o(.text)
    TIM_GetCapture3                          0x0800c6bb   Thumb Code    56  stm32f4xx_tim.o(.text)
    TIM_GetCapture4                          0x0800c6f3   Thumb Code    56  stm32f4xx_tim.o(.text)
    TIM_BDTRConfig                           0x0800c72b   Thumb Code   222  stm32f4xx_tim.o(.text)
    TIM_BDTRStructInit                       0x0800c809   Thumb Code    18  stm32f4xx_tim.o(.text)
    TIM_CtrlPWMOutputs                       0x0800c81b   Thumb Code    78  stm32f4xx_tim.o(.text)
    TIM_SelectCOM                            0x0800c869   Thumb Code    72  stm32f4xx_tim.o(.text)
    TIM_CCPreloadControl                     0x0800c8b1   Thumb Code    72  stm32f4xx_tim.o(.text)
    TIM_ITConfig                             0x0800c8f9   Thumb Code   216  stm32f4xx_tim.o(.text)
    TIM_GenerateEvent                        0x0800c9d1   Thumb Code   126  stm32f4xx_tim.o(.text)
    TIM_GetFlagStatus                        0x0800ca4f   Thumb Code   188  stm32f4xx_tim.o(.text)
    TIM_ClearFlag                            0x0800cb0b   Thumb Code   108  stm32f4xx_tim.o(.text)
    TIM_GetITStatus                          0x0800cb77   Thumb Code   186  stm32f4xx_tim.o(.text)
    TIM_ClearITPendingBit                    0x0800cc31   Thumb Code   108  stm32f4xx_tim.o(.text)
    TIM_DMAConfig                            0x0800cc9d   Thumb Code   328  stm32f4xx_tim.o(.text)
    TIM_DMACmd                               0x0800cde5   Thumb Code   126  stm32f4xx_tim.o(.text)
    TIM_SelectCCDMA                          0x0800ce63   Thumb Code    96  stm32f4xx_tim.o(.text)
    TIM_InternalClockConfig                  0x0800cec3   Thumb Code    76  stm32f4xx_tim.o(.text)
    TIM_SelectInputTrigger                   0x0800cf0f   Thumb Code   148  stm32f4xx_tim.o(.text)
    TIM_ITRxExternalClockConfig              0x0800cfa3   Thumb Code   110  stm32f4xx_tim.o(.text)
    TIM_TIxExternalClockConfig               0x0800d011   Thumb Code   184  stm32f4xx_tim.o(.text)
    TIM_ETRConfig                            0x0800d0c9   Thumb Code   164  stm32f4xx_tim.o(.text)
    TIM_ETRClockMode1Config                  0x0800d16d   Thumb Code   228  stm32f4xx_tim.o(.text)
    TIM_ETRClockMode2Config                  0x0800d251   Thumb Code   152  stm32f4xx_tim.o(.text)
    TIM_SelectOutputTrigger                  0x0800d2e9   Thumb Code   126  stm32f4xx_tim.o(.text)
    TIM_SelectSlaveMode                      0x0800d367   Thumb Code   112  stm32f4xx_tim.o(.text)
    TIM_SelectMasterSlaveMode                0x0800d3d7   Thumb Code   102  stm32f4xx_tim.o(.text)
    TIM_EncoderInterfaceConfig               0x0800d43d   Thumb Code   226  stm32f4xx_tim.o(.text)
    TIM_SelectHallSensor                     0x0800d51f   Thumb Code   108  stm32f4xx_tim.o(.text)
    TIM_RemapConfig                          0x0800d58b   Thumb Code   138  stm32f4xx_tim.o(.text)
    USART_DeInit                             0x0800d615   Thumb Code   202  stm32f4xx_usart.o(.text)
    USART_Init                               0x0800d6df   Thumb Code   456  stm32f4xx_usart.o(.text)
    USART_StructInit                         0x0800d8a7   Thumb Code    24  stm32f4xx_usart.o(.text)
    USART_ClockInit                          0x0800d8bf   Thumb Code   166  stm32f4xx_usart.o(.text)
    USART_ClockStructInit                    0x0800d965   Thumb Code    12  stm32f4xx_usart.o(.text)
    USART_Cmd                                0x0800d971   Thumb Code    96  stm32f4xx_usart.o(.text)
    USART_SetPrescaler                       0x0800d9d1   Thumb Code   102  stm32f4xx_usart.o(.text)
    USART_OverSampling8Cmd                   0x0800da37   Thumb Code    94  stm32f4xx_usart.o(.text)
    USART_OneBitMethodCmd                    0x0800da95   Thumb Code    96  stm32f4xx_usart.o(.text)
    USART_SendData                           0x0800daf5   Thumb Code    80  stm32f4xx_usart.o(.text)
    USART_ReceiveData                        0x0800db45   Thumb Code    60  stm32f4xx_usart.o(.text)
    USART_SetAddress                         0x0800db81   Thumb Code    88  stm32f4xx_usart.o(.text)
    USART_ReceiverWakeUpCmd                  0x0800dbd9   Thumb Code    96  stm32f4xx_usart.o(.text)
    USART_WakeUpConfig                       0x0800dc39   Thumb Code    92  stm32f4xx_usart.o(.text)
    USART_LINBreakDetectLengthConfig         0x0800dc95   Thumb Code    90  stm32f4xx_usart.o(.text)
    USART_LINCmd                             0x0800dcef   Thumb Code    96  stm32f4xx_usart.o(.text)
    USART_SendBreak                          0x0800dd4f   Thumb Code    62  stm32f4xx_usart.o(.text)
    USART_HalfDuplexCmd                      0x0800dd8d   Thumb Code    96  stm32f4xx_usart.o(.text)
    USART_SetGuardTime                       0x0800dded   Thumb Code    86  stm32f4xx_usart.o(.text)
    USART_SmartCardCmd                       0x0800de43   Thumb Code    84  stm32f4xx_usart.o(.text)
    USART_SmartCardNACKCmd                   0x0800de97   Thumb Code    84  stm32f4xx_usart.o(.text)
    USART_IrDAConfig                         0x0800deeb   Thumb Code    90  stm32f4xx_usart.o(.text)
    USART_IrDACmd                            0x0800df45   Thumb Code    96  stm32f4xx_usart.o(.text)
    USART_DMACmd                             0x0800dfa5   Thumb Code   114  stm32f4xx_usart.o(.text)
    USART_ITConfig                           0x0800e017   Thumb Code   260  stm32f4xx_usart.o(.text)
    USART_GetFlagStatus                      0x0800e11b   Thumb Code   170  stm32f4xx_usart.o(.text)
    USART_ClearFlag                          0x0800e1c5   Thumb Code   158  stm32f4xx_usart.o(.text)
    USART_GetITStatus                        0x0800e263   Thumb Code   278  stm32f4xx_usart.o(.text)
    USART_ClearITPendingBit                  0x0800e379   Thumb Code   164  stm32f4xx_usart.o(.text)
    __aeabi_dadd                             0x0800e439   Thumb Code   322  dadd.o(.text)
    __aeabi_dsub                             0x0800e57b   Thumb Code     6  dadd.o(.text)
    __aeabi_drsub                            0x0800e581   Thumb Code     6  dadd.o(.text)
    __aeabi_dmul                             0x0800e587   Thumb Code   228  dmul.o(.text)
    __aeabi_ddiv                             0x0800e66b   Thumb Code   222  ddiv.o(.text)
    __aeabi_i2d                              0x0800e749   Thumb Code    34  dflti.o(.text)
    __aeabi_d2iz                             0x0800e76b   Thumb Code    62  dfixi.o(.text)
    __aeabi_cdcmpeq                          0x0800e7a9   Thumb Code     0  cdcmple.o(.text)
    __aeabi_cdcmple                          0x0800e7a9   Thumb Code    48  cdcmple.o(.text)
    __aeabi_cdrcmple                         0x0800e7d9   Thumb Code    48  cdrcmple.o(.text)
    __aeabi_d2f                              0x0800e809   Thumb Code    56  d2f.o(.text)
    __aeabi_llsl                             0x0800e841   Thumb Code    30  llshl.o(.text)
    _ll_shift_l                              0x0800e841   Thumb Code     0  llshl.o(.text)
    __aeabi_llsr                             0x0800e85f   Thumb Code    32  llushr.o(.text)
    _ll_ushift_r                             0x0800e85f   Thumb Code     0  llushr.o(.text)
    __aeabi_lasr                             0x0800e87f   Thumb Code    36  llsshr.o(.text)
    _ll_sshift_r                             0x0800e87f   Thumb Code     0  llsshr.o(.text)
    __I$use$fp                               0x0800e8a3   Thumb Code     0  iusefp.o(.text)
    _float_round                             0x0800e8a3   Thumb Code    18  fepilogue.o(.text)
    _float_epilogue                          0x0800e8b5   Thumb Code    92  fepilogue.o(.text)
    _double_round                            0x0800e911   Thumb Code    30  depilogue.o(.text)
    _double_epilogue                         0x0800e92f   Thumb Code   156  depilogue.o(.text)
    __scatterload                            0x0800e9cd   Thumb Code    28  init.o(.text)
    __scatterload_rt2                        0x0800e9cd   Thumb Code     0  init.o(.text)
    __decompress                             0x0800e9f1   Thumb Code     0  __dczerorl2.o(.text)
    __decompress1                            0x0800e9f1   Thumb Code    86  __dczerorl2.o(.text)
    __scatterload_copy                       0x0800ea47   Thumb Code    14  handlers.o(i.__scatterload_copy)
    __scatterload_null                       0x0800ea55   Thumb Code     2  handlers.o(i.__scatterload_null)
    __scatterload_zeroinit                   0x0800ea57   Thumb Code    14  handlers.o(i.__scatterload_zeroinit)
    F6x8                                     0x0800ea64   Data         552  oled.o(.constdata)
    F8X16                                    0x0800ec8c   Data        1520  oled.o(.constdata)
    header                                   0x0800f27c   Data           2  mbotlinuxusart.o(.constdata)
    ender                                    0x0800f27e   Data           2  mbotlinuxusart.o(.constdata)
    fast_atan_table                          0x0800f280   Data        1028  ano_math.o(.constdata)
    Region$$Table$$Base                      0x0800f918   Number         0  anon$$obj.o(Region$$Table)
    Region$$Table$$Limit                     0x0800f938   Number         0  anon$$obj.o(Region$$Table)
    cnt                                      0x20000000   Data           4  ano_scheduler.o(.data)
    urst2_Send_data                          0x20000004   Data           4  ano_scheduler.o(.data)
    Send_fire_flag                           0x20000008   Data           4  ano_scheduler.o(.data)
    wait_time                                0x2000000c   Data           4  ano_scheduler.o(.data)
    car_time                                 0x20000010   Data           4  ano_scheduler.o(.data)
    rgb_flag                                 0x20000014   Data           4  ano_scheduler.o(.data)
    rgb_time                                 0x20000018   Data           4  ano_scheduler.o(.data)
    servo_flag                               0x2000001c   Data           4  ano_scheduler.o(.data)
    find_fire_flag                           0x20000074   Data           4  user_task.o(.data)
    task_see                                 0x20000078   Data           4  user_task.o(.data)
    fc_bat                                   0x20000084   Data           4  ano_lx.o(.data)
    fc_att                                   0x20000088   Data           7  ano_lx.o(.data)
    fc_vel                                   0x2000008f   Data           6  ano_lx.o(.data)
    fc_dis                                   0x20000095   Data           8  ano_lx.o(.data)
    sti_fun                                  0x200000aa   Data           2  lx_fc_state.o(.data)
    rol                                      0x200000b0   Data           8  get_data.o(.data)
    pit                                      0x200000b8   Data           8  get_data.o(.data)
    yaw                                      0x200000c0   Data           8  get_data.o(.data)
    yaw_part                                 0x200000c8   Data           8  get_data.o(.data)
    yaw_last                                 0x200000d0   Data           8  get_data.o(.data)
    yaw_round                                0x200000d8   Data           8  get_data.o(.data)
    vel_x                                    0x200000e0   Data           2  get_data.o(.data)
    vel_y                                    0x200000e2   Data           2  get_data.o(.data)
    hight                                    0x200000e4   Data           4  get_data.o(.data)
    dis_x                                    0x200000e8   Data           4  get_data.o(.data)
    dis_y                                    0x200000ec   Data           4  get_data.o(.data)
    dis_x___                                 0x200000f0   Data           4  get_data.o(.data)
    dis_y___                                 0x200000f4   Data           4  get_data.o(.data)
    dx_fix_intergral                         0x200000f8   Data           4  get_data.o(.data)
    dy_fix_intergral                         0x200000fc   Data           4  get_data.o(.data)
    my_code_control_flag                     0x20000100   Data           4  control.o(.data)
    my_give_vel_x                            0x20000104   Data           4  control.o(.data)
    my_give_vel_y                            0x20000108   Data           4  control.o(.data)
    my_give_vel_z                            0x2000010c   Data           4  control.o(.data)
    my_give_vel_yaw                          0x20000110   Data           4  control.o(.data)
    Task_time_dly_cnt_ms                     0x20000114   Data           4  control.o(.data)
    time_cnt_ms                              0x20000118   Data           4  control.o(.data)
    mission_step                             0x2000011c   Data           4  control.o(.data)
    test_data_1                              0x20000120   Data           2  my_uart.o(.data)
    test_data_2                              0x20000122   Data           2  my_uart.o(.data)
    OpenMV_data_0                            0x20000124   Data           2  my_uart.o(.data)
    OpenMV_data_1                            0x20000126   Data           2  my_uart.o(.data)
    OpenMV_data_2                            0x20000128   Data           2  my_uart.o(.data)
    OpenMV_help_fix_x                        0x2000012a   Data           2  my_uart.o(.data)
    OpenMV_help_fix_y                        0x2000012c   Data           2  my_uart.o(.data)
    new_fire_x                               0x2000012e   Data           2  my_uart.o(.data)
    new_fire_y                               0x20000130   Data           2  my_uart.o(.data)
    fire_x                                   0x20000132   Data           2  my_uart.o(.data)
    fire_y                                   0x20000134   Data           2  my_uart.o(.data)
    car_data_0                               0x20000136   Data           1  my_uart.o(.data)
    car_data_1                               0x20000137   Data           1  my_uart.o(.data)
    KP_xy                                    0x20000150   Data           8  pid.o(.data)
    KI_xy                                    0x20000158   Data           8  pid.o(.data)
    KD_xy                                    0x20000160   Data           8  pid.o(.data)
    intrgrate_max                            0x20000168   Data           8  pid.o(.data)
    KP_MV                                    0x20000170   Data           8  pid.o(.data)
    KI_MV                                    0x20000178   Data           8  pid.o(.data)
    KD_MV                                    0x20000180   Data           8  pid.o(.data)
    KP_radar                                 0x20000188   Data           8  pid.o(.data)
    KI_radar                                 0x20000190   Data           8  pid.o(.data)
    KD_radar                                 0x20000198   Data           8  pid.o(.data)
    my_mode                                  0x200001b0   Data           4  mode.o(.data)
    hight_target                             0x200001b4   Data           4  mode.o(.data)
    dis_x_target                             0x200001b8   Data           4  mode.o(.data)
    dis_y_target                             0x200001bc   Data           4  mode.o(.data)
    yaw_target                               0x200001c0   Data           4  mode.o(.data)
    dis_x_zore_fix                           0x200001c4   Data           4  mode.o(.data)
    dis_y_zore_fix                           0x200001c8   Data           4  mode.o(.data)
    dis_x_fix                                0x200001cc   Data           4  mode.o(.data)
    dis_y_fix                                0x200001d0   Data           4  mode.o(.data)
    yaw_zore                                 0x200001d8   Data           8  mode.o(.data)
    yaw_fix                                  0x200001e0   Data           8  mode.o(.data)
    keep_hight_flag                          0x200001e8   Data           4  mode.o(.data)
    keep_yaw_flag                            0x200001ec   Data           4  mode.o(.data)
    keep_dis_x_flag                          0x200001f0   Data           4  mode.o(.data)
    keep_dis_y_flag                          0x200001f4   Data           4  mode.o(.data)
    keep_OpenMV_data_1                       0x200001f8   Data           4  mode.o(.data)
    keep_OpenMV_data_2                       0x200001fc   Data           4  mode.o(.data)
    keep_radar_x_flag                        0x20000200   Data           4  mode.o(.data)
    keep_radar_y_flag                        0x20000204   Data           4  mode.o(.data)
    dis_target_ref                           0x20000208   Data           4  mode.o(.data)
    dis_group                                0x2000020c   Data         160  mode.o(.data)
    KEY_1                                    0x200002ac   Data           1  key.o(.data)
    KEY_2                                    0x200002ad   Data           1  key.o(.data)
    KEY_3                                    0x200002ae   Data           1  key.o(.data)
    KEY_1_last                               0x200002af   Data           1  key.o(.data)
    KEY_2_last                               0x200002b0   Data           1  key.o(.data)
    KEY_3_last                               0x200002b1   Data           1  key.o(.data)
    Hzk                                      0x200002b8   Data         640  oled.o(.data)
    to_radar_data_1                          0x20000540   Data           2  mbotlinuxusart.o(.data)
    to_radar_data_2                          0x20000542   Data           2  mbotlinuxusart.o(.data)
    to_radar_data_3                          0x20000544   Data           2  mbotlinuxusart.o(.data)
    to_radar_data_4                          0x20000546   Data           1  mbotlinuxusart.o(.data)
    radar_data_1                             0x20000548   Data           4  mbotlinuxusart.o(.data)
    radar_data_2                             0x2000054c   Data           4  mbotlinuxusart.o(.data)
    radar_data_1_last                        0x20000550   Data           4  mbotlinuxusart.o(.data)
    radar_data_2_last                        0x20000554   Data           4  mbotlinuxusart.o(.data)
    radar_data_1_original                    0x20000558   Data           4  mbotlinuxusart.o(.data)
    radar_data_2_original                    0x2000055c   Data           4  mbotlinuxusart.o(.data)
    radar_data_3                             0x20000560   Data           1  mbotlinuxusart.o(.data)
    radar_wait_time                          0x20000564   Data           4  mbotlinuxusart.o(.data)
    leftVelNow                               0x20000568   Data           2  mbotlinuxusart.o(.data)
    rightVelNow                              0x2000056a   Data           2  mbotlinuxusart.o(.data)
    angleNow                                 0x2000056c   Data           2  mbotlinuxusart.o(.data)
    leftVelSet                               0x2000056e   Data           2  mbotlinuxusart.o(.data)
    rightVelSet                              0x20000570   Data           2  mbotlinuxusart.o(.data)
    pvt_receive_updata                       0x20000596   Data           1  drv_ubloxgps.o(.data)
    fre_test_cnt                             0x20000598   Data           2  drv_ubloxgps.o(.data)
    Period_Out_H                             0x2000059a   Data          14  drv_ubloxgps.o(.data)
    Period_Out_L                             0x200005a8   Data          14  drv_ubloxgps.o(.data)
    Pulse_Period                             0x200005b6   Data          28  drv_ubloxgps.o(.data)
    Baud115200                               0x200005d2   Data          28  drv_ubloxgps.o(.data)
    Save_Con                                 0x200005ee   Data          21  drv_ubloxgps.o(.data)
    POLLSH_SET                               0x20000603   Data          11  drv_ubloxgps.o(.data)
    SOL_SET                                  0x2000060e   Data          11  drv_ubloxgps.o(.data)
    VELNED_SET                               0x20000619   Data          11  drv_ubloxgps.o(.data)
    TIMEUTC_SET                              0x20000624   Data          11  drv_ubloxgps.o(.data)
    DOP_SET                                  0x2000062f   Data          11  drv_ubloxgps.o(.data)
    PVT_SET                                  0x2000063a   Data          11  drv_ubloxgps.o(.data)
    pvt_recerve_ok_cnt                       0x2000064a   Data           1  drv_ubloxgps.o(.data)
    led                                      0x20000658   Data           4  drv_led.o(.data)
    Tx1Counter                               0x20000668   Data           1  drv_uart.o(.data)
    count1                                   0x20000669   Data           1  drv_uart.o(.data)
    U1RxInCnt                                0x2000066a   Data           1  drv_uart.o(.data)
    U1RxoutCnt                               0x2000066b   Data           1  drv_uart.o(.data)
    TxCounter                                0x2000066c   Data           1  drv_uart.o(.data)
    count                                    0x2000066d   Data           1  drv_uart.o(.data)
    U2RxInCnt                                0x2000066e   Data           1  drv_uart.o(.data)
    U2RxoutCnt                               0x2000066f   Data           1  drv_uart.o(.data)
    Tx3Counter                               0x20000670   Data           1  drv_uart.o(.data)
    count3                                   0x20000671   Data           1  drv_uart.o(.data)
    U3RxInCnt                                0x20000672   Data           1  drv_uart.o(.data)
    U3RxoutCnt                               0x20000673   Data           1  drv_uart.o(.data)
    Tx4Counter                               0x20000674   Data           1  drv_uart.o(.data)
    count4                                   0x20000675   Data           1  drv_uart.o(.data)
    U4RxInCnt                                0x20000676   Data           1  drv_uart.o(.data)
    U4RxoutCnt                               0x20000677   Data           1  drv_uart.o(.data)
    Tx5Counter                               0x20000678   Data           1  drv_uart.o(.data)
    count5                                   0x20000679   Data           1  drv_uart.o(.data)
    U5RxInCnt                                0x2000067a   Data           1  drv_uart.o(.data)
    U5RxoutCnt                               0x2000067b   Data           1  drv_uart.o(.data)
    SystemCoreClock                          0x2000067c   Data           4  system_stm32f4xx.o(.data)
    AHBPrescTable                            0x20000680   Data          16  system_stm32f4xx.o(.data)
    send_buffer                              0x200006a0   Data          50  ano_dt_lx.o(.bss)
    dt                                       0x200006d4   Data        1564  ano_dt_lx.o(.bss)
    rt_tar                                   0x20000df0   Data          14  ano_lx.o(.bss)
    pwm_to_esc                               0x20000dfe   Data          16  ano_lx.o(.bss)
    fc_att_qua                               0x20000e0e   Data           9  ano_lx.o(.bss)
    fc_hight                                 0x20000e17   Data           9  ano_lx.o(.bss)
    ext_sens                                 0x20000e30   Data          48  lx_fc_ext_sensor.o(.bss)
    fc_sta                                   0x20000e60   Data          11  lx_fc_state.o(.bss)
    receiveBuff                              0x20000e6b   Data          16  mbotlinuxusart.o(.bss)
    rc_in                                    0x20000e7c   Data          82  drv_bsp.o(.bss)
    ano_of                                   0x20000ee8   Data          60  drv_anoof.o(.bss)
    ubx                                      0x20000f64   Data         100  drv_ubloxgps.o(.bss)
    AdcValue                                 0x20000fc8   Data         100  drv_adc.o(.bss)
    Tx1Buffer                                0x2000102c   Data         256  drv_uart.o(.bss)
    U1RxDataTmp                              0x2000112c   Data         100  drv_uart.o(.bss)
    TxBuffer                                 0x20001190   Data         256  drv_uart.o(.bss)
    U2RxDataTmp                              0x20001290   Data         100  drv_uart.o(.bss)
    Tx3Buffer                                0x200012f4   Data         256  drv_uart.o(.bss)
    U3RxDataTmp                              0x200013f4   Data         100  drv_uart.o(.bss)
    Tx4Buffer                                0x20001458   Data         256  drv_uart.o(.bss)
    U4RxDataTmp                              0x20001558   Data         100  drv_uart.o(.bss)
    Tx5Buffer                                0x200015bc   Data         256  drv_uart.o(.bss)
    U5RxDataTmp                              0x200016bc   Data         100  drv_uart.o(.bss)
    __initial_sp                             0x20001f20   Data           0  startup_stm32f4xx.o(STACK)



==============================================================================

Memory Map of the image

  Image Entry point : 0x08000189

  Load Region LR_IROM1 (Base: 0x08000000, Size: 0x0000ffd8, Max: 0x00100000, ABSOLUTE, COMPRESSED[0x0000fb58])

    Execution Region ER_IROM1 (Exec base: 0x08000000, Load base: 0x08000000, Size: 0x0000f938, Max: 0x00100000, ABSOLUTE)

    Exec Addr    Load Addr    Size         Type   Attr      Idx    E Section Name        Object

    0x08000000   0x08000000   0x00000188   Data   RO         1422    RESET               startup_stm32f4xx.o
    0x08000188   0x08000188   0x00000000   Code   RO         1621  * .ARM.Collect$$$$00000000  mc_w.l(entry.o)
    0x08000188   0x08000188   0x00000004   Code   RO         1640    .ARM.Collect$$$$00000001  mc_w.l(entry2.o)
    0x0800018c   0x0800018c   0x00000004   Code   RO         1643    .ARM.Collect$$$$00000004  mc_w.l(entry5.o)
    0x08000190   0x08000190   0x00000000   Code   RO         1645    .ARM.Collect$$$$00000008  mc_w.l(entry7b.o)
    0x08000190   0x08000190   0x00000000   Code   RO         1647    .ARM.Collect$$$$0000000A  mc_w.l(entry8b.o)
    0x08000190   0x08000190   0x00000008   Code   RO         1648    .ARM.Collect$$$$0000000B  mc_w.l(entry9a.o)
    0x08000198   0x08000198   0x00000004   Code   RO         1655    .ARM.Collect$$$$0000000E  mc_w.l(entry12b.o)
    0x0800019c   0x0800019c   0x00000000   Code   RO         1650    .ARM.Collect$$$$0000000F  mc_w.l(entry10a.o)
    0x0800019c   0x0800019c   0x00000000   Code   RO         1652    .ARM.Collect$$$$00000011  mc_w.l(entry11a.o)
    0x0800019c   0x0800019c   0x00000004   Code   RO         1641    .ARM.Collect$$$$00002712  mc_w.l(entry2.o)
    0x080001a0   0x080001a0   0x00000014   Code   RO            2    .text               main.o
    0x080001b4   0x080001b4   0x000002bc   Code   RO          122    .text               ano_scheduler.o
    0x08000470   0x08000470   0x0000043c   Code   RO          189    .text               user_task.o
    0x080008ac   0x080008ac   0x000007d4   Code   RO          214    .text               ano_dt_lx.o
    0x08001080   0x08001080   0x00000514   Code   RO          341    .text               ano_lx.o
    0x08001594   0x08001594   0x000000e4   Code   RO          395    .text               lx_fc_ext_sensor.o
    0x08001678   0x08001678   0x0000029c   Code   RO          418    .text               lx_fc_fun.o
    0x08001914   0x08001914   0x00000284   Code   RO          435    .text               lx_fc_state.o
    0x08001b98   0x08001b98   0x000002e4   Code   RO          458    .text               get_data.o
    0x08001e7c   0x08001e7c   0x00000168   Code   RO          581    .text               control.o
    0x08001fe4   0x08001fe4   0x0000044c   Code   RO          600    .text               my_uart.o
    0x08002430   0x08002430   0x00000344   Code   RO          659    .text               pid.o
    0x08002774   0x08002774   0x000001ac   Code   RO          704    .text               mode.o
    0x08002920   0x08002920   0x00000120   Code   RO          723    .text               key.o
    0x08002a40   0x08002a40   0x00000c68   Code   RO          799    .text               oled.o
    0x080036a8   0x080036a8   0x00000088   Code   RO          914    .text               buzzer.o
    0x08003730   0x08003730   0x00000380   Code   RO         1021    .text               mbotlinuxusart.o
    0x08003ab0   0x08003ab0   0x000000a4   Code   RO         1109    .text               pwm.o
    0x08003b54   0x08003b54   0x00000514   Code   RO         1128    .text               drv_bsp.o
    0x08004068   0x08004068   0x0000087c   Code   RO         1167    .text               ano_math.o
    0x080048e4   0x080048e4   0x00000340   Code   RO         1189    .text               drv_anoof.o
    0x08004c24   0x08004c24   0x000003a8   Code   RO         1212    .text               drv_ubloxgps.o
    0x08004fcc   0x08004fcc   0x00000098   Code   RO         1232    .text               stm32f4xx_it.o
    0x08005064   0x08005064   0x00000108   Code   RO         1268    .text               drv_sys.o
    0x0800516c   0x0800516c   0x00000194   Code   RO         1293    .text               drv_adc.o
    0x08005300   0x08005300   0x0000011c   Code   RO         1312    .text               drv_led.o
    0x0800541c   0x0800541c   0x0000037c   Code   RO         1334    .text               drv_pwmout.o
    0x08005798   0x08005798   0x000001e4   Code   RO         1350    .text               drv_rcin.o
    0x0800597c   0x0800597c   0x0000008c   Code   RO         1367    .text               drv_timer.o
    0x08005a08   0x08005a08   0x00000a50   Code   RO         1390    .text               drv_uart.o
    0x08006458   0x08006458   0x00000024   Code   RO         1423    .text               startup_stm32f4xx.o
    0x0800647c   0x0800647c   0x00000210   Code   RO         1428    .text               system_stm32f4xx.o
    0x0800668c   0x0800668c   0x000001c0   Code   RO         1450    .text               misc.o
    0x0800684c   0x0800684c   0x00000fdc   Code   RO         1467    .text               stm32f4xx_adc.o
    0x08007828   0x08007828   0x00001368   Code   RO         1484    .text               stm32f4xx_dma.o
    0x08008b90   0x08008b90   0x000002d4   Code   RO         1501    .text               stm32f4xx_exti.o
    0x08008e64   0x08008e64   0x000008c8   Code   RO         1535    .text               stm32f4xx_gpio.o
    0x0800972c   0x0800972c   0x00000cfc   Code   RO         1552    .text               stm32f4xx_rcc.o
    0x0800a428   0x0800a428   0x000031ec   Code   RO         1588    .text               stm32f4xx_tim.o
    0x0800d614   0x0800d614   0x00000e24   Code   RO         1605    .text               stm32f4xx_usart.o
    0x0800e438   0x0800e438   0x0000014e   Code   RO         1624    .text               mf_w.l(dadd.o)
    0x0800e586   0x0800e586   0x000000e4   Code   RO         1626    .text               mf_w.l(dmul.o)
    0x0800e66a   0x0800e66a   0x000000de   Code   RO         1628    .text               mf_w.l(ddiv.o)
    0x0800e748   0x0800e748   0x00000022   Code   RO         1630    .text               mf_w.l(dflti.o)
    0x0800e76a   0x0800e76a   0x0000003e   Code   RO         1632    .text               mf_w.l(dfixi.o)
    0x0800e7a8   0x0800e7a8   0x00000030   Code   RO         1634    .text               mf_w.l(cdcmple.o)
    0x0800e7d8   0x0800e7d8   0x00000030   Code   RO         1636    .text               mf_w.l(cdrcmple.o)
    0x0800e808   0x0800e808   0x00000038   Code   RO         1638    .text               mf_w.l(d2f.o)
    0x0800e840   0x0800e840   0x0000001e   Code   RO         1656    .text               mc_w.l(llshl.o)
    0x0800e85e   0x0800e85e   0x00000020   Code   RO         1658    .text               mc_w.l(llushr.o)
    0x0800e87e   0x0800e87e   0x00000024   Code   RO         1660    .text               mc_w.l(llsshr.o)
    0x0800e8a2   0x0800e8a2   0x00000000   Code   RO         1662    .text               mc_w.l(iusefp.o)
    0x0800e8a2   0x0800e8a2   0x0000006e   Code   RO         1663    .text               mf_w.l(fepilogue.o)
    0x0800e910   0x0800e910   0x000000ba   Code   RO         1665    .text               mf_w.l(depilogue.o)
    0x0800e9ca   0x0800e9ca   0x00000002   PAD
    0x0800e9cc   0x0800e9cc   0x00000024   Code   RO         1667    .text               mc_w.l(init.o)
    0x0800e9f0   0x0800e9f0   0x00000056   Code   RO         1677    .text               mc_w.l(__dczerorl2.o)
    0x0800ea46   0x0800ea46   0x0000000e   Code   RO         1671    i.__scatterload_copy  mc_w.l(handlers.o)
    0x0800ea54   0x0800ea54   0x00000002   Code   RO         1672    i.__scatterload_null  mc_w.l(handlers.o)
    0x0800ea56   0x0800ea56   0x0000000e   Code   RO         1673    i.__scatterload_zeroinit  mc_w.l(handlers.o)
    0x0800ea64   0x0800ea64   0x00000818   Data   RO          800    .constdata          oled.o
    0x0800f27c   0x0800f27c   0x00000004   Data   RO         1023    .constdata          mbotlinuxusart.o
    0x0800f280   0x0800f280   0x00000404   Data   RO         1168    .constdata          ano_math.o
    0x0800f684   0x0800f684   0x00000048   Data   RO         1451    .conststring        misc.o
    0x0800f6cc   0x0800f6cc   0x00000051   Data   RO         1468    .conststring        stm32f4xx_adc.o
    0x0800f71d   0x0800f71d   0x00000003   PAD
    0x0800f720   0x0800f720   0x00000051   Data   RO         1485    .conststring        stm32f4xx_dma.o
    0x0800f771   0x0800f771   0x00000003   PAD
    0x0800f774   0x0800f774   0x00000052   Data   RO         1502    .conststring        stm32f4xx_exti.o
    0x0800f7c6   0x0800f7c6   0x00000002   PAD
    0x0800f7c8   0x0800f7c8   0x00000052   Data   RO         1536    .conststring        stm32f4xx_gpio.o
    0x0800f81a   0x0800f81a   0x00000002   PAD
    0x0800f81c   0x0800f81c   0x00000051   Data   RO         1553    .conststring        stm32f4xx_rcc.o
    0x0800f86d   0x0800f86d   0x00000003   PAD
    0x0800f870   0x0800f870   0x00000051   Data   RO         1589    .conststring        stm32f4xx_tim.o
    0x0800f8c1   0x0800f8c1   0x00000003   PAD
    0x0800f8c4   0x0800f8c4   0x00000053   Data   RO         1606    .conststring        stm32f4xx_usart.o
    0x0800f917   0x0800f917   0x00000001   PAD
    0x0800f918   0x0800f918   0x00000020   Data   RO         1669    Region$$Table       anon$$obj.o


    Execution Region RW_IRAM1 (Exec base: 0x20000000, Load base: 0x0800f938, Size: 0x00001f20, Max: 0x00020000, ABSOLUTE, COMPRESSED[0x00000220])

    Exec Addr    Load Addr    Size         Type   Attr      Idx    E Section Name        Object

    0x20000000   COMPRESSED   0x00000074   Data   RW          123    .data               ano_scheduler.o
    0x20000074   COMPRESSED   0x0000000a   Data   RW          190    .data               user_task.o
    0x2000007e   COMPRESSED   0x00000006   Data   RW          216    .data               ano_dt_lx.o
    0x20000084   COMPRESSED   0x00000020   Data   RW          343    .data               ano_lx.o
    0x200000a4   COMPRESSED   0x00000004   Data   RW          397    .data               lx_fc_ext_sensor.o
    0x200000a8   COMPRESSED   0x00000001   Data   RW          419    .data               lx_fc_fun.o
    0x200000a9   COMPRESSED   0x00000001   PAD
    0x200000aa   COMPRESSED   0x00000006   Data   RW          437    .data               lx_fc_state.o
    0x200000b0   COMPRESSED   0x00000050   Data   RW          459    .data               get_data.o
    0x20000100   COMPRESSED   0x00000020   Data   RW          582    .data               control.o
    0x20000120   COMPRESSED   0x0000002d   Data   RW          601    .data               my_uart.o
    0x2000014d   COMPRESSED   0x00000003   PAD
    0x20000150   COMPRESSED   0x00000060   Data   RW          660    .data               pid.o
    0x200001b0   COMPRESSED   0x000000fc   Data   RW          705    .data               mode.o
    0x200002ac   COMPRESSED   0x00000009   Data   RW          724    .data               key.o
    0x200002b5   COMPRESSED   0x00000003   PAD
    0x200002b8   COMPRESSED   0x00000288   Data   RW          801    .data               oled.o
    0x20000540   COMPRESSED   0x00000040   Data   RW         1024    .data               mbotlinuxusart.o
    0x20000580   COMPRESSED   0x00000013   Data   RW         1130    .data               drv_bsp.o
    0x20000593   COMPRESSED   0x00000003   Data   RW         1191    .data               drv_anoof.o
    0x20000596   COMPRESSED   0x000000b6   Data   RW         1214    .data               drv_ubloxgps.o
    0x2000064c   COMPRESSED   0x00000004   PAD
    0x20000650   COMPRESSED   0x00000008   Data   RW         1269    .data               drv_sys.o
    0x20000658   COMPRESSED   0x0000000c   Data   RW         1313    .data               drv_led.o
    0x20000664   COMPRESSED   0x00000004   Data   RW         1351    .data               drv_rcin.o
    0x20000668   COMPRESSED   0x00000014   Data   RW         1392    .data               drv_uart.o
    0x2000067c   COMPRESSED   0x00000014   Data   RW         1429    .data               system_stm32f4xx.o
    0x20000690   COMPRESSED   0x00000010   Data   RW         1554    .data               stm32f4xx_rcc.o
    0x200006a0        -       0x00000750   Zero   RW          215    .bss                ano_dt_lx.o
    0x20000df0        -       0x00000040   Zero   RW          342    .bss                ano_lx.o
    0x20000e30        -       0x00000030   Zero   RW          396    .bss                lx_fc_ext_sensor.o
    0x20000e60        -       0x0000000b   Zero   RW          436    .bss                lx_fc_state.o
    0x20000e6b        -       0x00000010   Zero   RW         1022    .bss                mbotlinuxusart.o
    0x20000e7b   COMPRESSED   0x00000001   PAD
    0x20000e7c        -       0x0000006b   Zero   RW         1129    .bss                drv_bsp.o
    0x20000ee7   COMPRESSED   0x00000001   PAD
    0x20000ee8        -       0x0000007c   Zero   RW         1190    .bss                drv_anoof.o
    0x20000f64        -       0x00000064   Zero   RW         1213    .bss                drv_ubloxgps.o
    0x20000fc8        -       0x00000064   Zero   RW         1294    .bss                drv_adc.o
    0x2000102c        -       0x000006f4   Zero   RW         1391    .bss                drv_uart.o
    0x20001720        -       0x00000800   Zero   RW         1420    STACK               startup_stm32f4xx.o


==============================================================================

Image component sizes


      Code (inc. data)   RO Data    RW Data    ZI Data      Debug   Object Name

      2004         98          0          6       1872     298214   ano_dt_lx.o
      1300        114          0         32         64       5614   ano_lx.o
      2172        142       1028          0          0       7730   ano_math.o
       700         94          0        116          0       3217   ano_scheduler.o
       136          6          0          0          0       7272   buzzer.o
       360         28          0         32          0       1975   control.o
       404         36          0          0        100       1853   drv_adc.o
       832         36          0          3        124       3042   drv_anoof.o
      1300         62          0         19        107       3606   drv_bsp.o
       284         12          0         12          0       2482   drv_led.o
       892         38          0          0          0       1803   drv_pwmout.o
       484         20          0          4          0       1440   drv_rcin.o
       264         12          0          8          0      20305   drv_sys.o
       140          4          0          0          0        915   drv_timer.o
      2640        170          0         20       1780       8991   drv_uart.o
       936         82          0        182        100       3383   drv_ubloxgps.o
       740        150          0         80          0       1524   get_data.o
       288         18          0          9          0     224041   key.o
       228         30          0          4         48       2579   lx_fc_ext_sensor.o
       668         12          0          1          0       2724   lx_fc_fun.o
       644         30          0          6         11       2003   lx_fc_state.o
        20          0          0          0          0     249305   main.o
       896        108          4         64         16     233663   mbotlinuxusart.o
       448         30         72          0          0       2265   misc.o
       428         58          0        252          0       2520   mode.o
      1100        154          0         45          0       3033   my_uart.o
      3176        270       2072        648          0     231971   oled.o
       836        140          0         96          0       3113   pid.o
       164          8          0          0          0        760   pwm.o
        36          8        392          0       2048        948   startup_stm32f4xx.o
      4060        104         81          0          0      13578   stm32f4xx_adc.o
      4968        316         81          0          0       9197   stm32f4xx_dma.o
       724         14         82          0          0       2943   stm32f4xx_exti.o
      2248         86         82          0          0       5645   stm32f4xx_gpio.o
       152         10          0          0          0       2330   stm32f4xx_it.o
      3324        218         81         16          0      13775   stm32f4xx_rcc.o
     12780        628         81          0          0      31440   stm32f4xx_tim.o
      3620        116         83          0          0      10312   stm32f4xx_usart.o
       528         46          0         20          0       2171   system_stm32f4xx.o
      1084        118          0         10          0       1427   user_task.o

    ----------------------------------------------------------------------
     58008       3626       4188       1696       6272    1425109   Object Totals
         0          0         32          0          0          0   (incl. Generated)
         0          0         17         11          2          0   (incl. Padding)

    ----------------------------------------------------------------------

      Code (inc. data)   RO Data    RW Data    ZI Data      Debug   Library Member Name

        86          0          0          0          0          0   __dczerorl2.o
         0          0          0          0          0          0   entry.o
         0          0          0          0          0          0   entry10a.o
         0          0          0          0          0          0   entry11a.o
         4          0          0          0          0          0   entry12b.o
         8          4          0          0          0          0   entry2.o
         4          0          0          0          0          0   entry5.o
         0          0          0          0          0          0   entry7b.o
         0          0          0          0          0          0   entry8b.o
         8          4          0          0          0          0   entry9a.o
        30          0          0          0          0          0   handlers.o
        36          8          0          0          0         68   init.o
         0          0          0          0          0          0   iusefp.o
        30          0          0          0          0         68   llshl.o
        36          0          0          0          0         68   llsshr.o
        32          0          0          0          0         68   llushr.o
        48          0          0          0          0         68   cdcmple.o
        48          0          0          0          0         68   cdrcmple.o
        56          0          0          0          0         88   d2f.o
       334          0          0          0          0        148   dadd.o
       222          0          0          0          0        100   ddiv.o
       186          0          0          0          0        176   depilogue.o
        62          0          0          0          0         80   dfixi.o
        34          0          0          0          0         76   dflti.o
       228          0          0          0          0         96   dmul.o
       110          0          0          0          0        168   fepilogue.o

    ----------------------------------------------------------------------
      1604         16          0          0          0       1340   Library Totals
         2          0          0          0          0          0   (incl. Padding)

    ----------------------------------------------------------------------

      Code (inc. data)   RO Data    RW Data    ZI Data      Debug   Library Name

       274         16          0          0          0        272   mc_w.l
      1328          0          0          0          0       1068   mf_w.l

    ----------------------------------------------------------------------
      1604         16          0          0          0       1340   Library Totals

    ----------------------------------------------------------------------

==============================================================================


      Code (inc. data)   RO Data    RW Data    ZI Data      Debug   

     59612       3642       4188       1696       6272    1419009   Grand Totals
     59612       3642       4188        544       6272    1419009   ELF Image Totals (compressed)
     59612       3642       4188        544          0          0   ROM Totals

==============================================================================

    Total RO  Size (Code + RO Data)                63800 (  62.30kB)
    Total RW  Size (RW Data + ZI Data)              7968 (   7.78kB)
    Total ROM Size (Code + RO Data + RW Data)      64344 (  62.84kB)

==============================================================================

