Component: ARM Compiler 5.06 update 7 (build 960) Tool: armlink [4d3601]

==============================================================================

Section Cross References

    main.o(.text) refers to drv_bsp.o(.text) for All_Init
    main.o(.text) refers to ano_scheduler.o(.text) for Scheduler_Setup
    ano_scheduler.o(.text) refers to get_data.o(.text) for get_data
    ano_scheduler.o(.text) refers to niming_upperconputer.o(.text) for ANODT_SendF4
    ano_scheduler.o(.text) refers to pid.o(.text) for PID
    ano_scheduler.o(.text) refers to key.o(.text) for KEY_Scan_1
    ano_scheduler.o(.text) refers to user_task.o(.text) for UserTask_OneKeyCmd
    ano_scheduler.o(.text) refers to oled.o(.text) for my_oled_show
    ano_scheduler.o(.text) refers to buzzer.o(.text) for beep_bsp
    ano_scheduler.o(.text) refers to drv_sys.o(.text) for GetSysRunTimeMs
    ano_scheduler.o(.text) refers to get_data.o(.data) for dis_y
    ano_scheduler.o(.text) refers to mode.o(.data) for dis_y_now
    ano_scheduler.o(.text) refers to control.o(.data) for time_cnt_ms
    ano_scheduler.o(.text) refers to key.o(.data) for KEY_1
    ano_scheduler.o(.text) refers to ano_scheduler.o(.data) for sched_tasks
    ano_scheduler.o(.data) refers to ano_scheduler.o(.text) for Loop_1000Hz
    user_task.o(.text) refers to lx_fc_fun.o(.text) for OneKey_Land
    user_task.o(.text) refers to control.o(.text) for all_data_init
    user_task.o(.text) refers to mode.o(.text) for mode_select
    user_task.o(.text) refers to dfixi.o(.text) for __aeabi_d2iz
    user_task.o(.text) refers to drv_bsp.o(.bss) for rc_in
    user_task.o(.text) refers to user_task.o(.data) for one_key_land_f
    user_task.o(.text) refers to control.o(.data) for mission_step
    user_task.o(.text) refers to get_data.o(.data) for yaw
    user_task.o(.text) refers to mode.o(.data) for yaw_now
    ano_dt_lx.o(.text) refers to drv_uart.o(.text) for DrvUart5SendBuf
    ano_dt_lx.o(.text) refers to ano_dt_lx.o(.bss) for dt
    ano_dt_lx.o(.text) refers to ano_lx.o(.bss) for pwm_to_esc
    ano_dt_lx.o(.text) refers to drv_led.o(.data) for led
    ano_dt_lx.o(.text) refers to lx_fc_state.o(.bss) for fc_sta
    ano_dt_lx.o(.text) refers to ano_lx.o(.data) for fc_vel
    ano_dt_lx.o(.text) refers to ano_dt_lx.o(.data) for rxstate
    ano_dt_lx.o(.text) refers to lx_fc_ext_sensor.o(.bss) for ext_sens
    ano_dt_lx.o(.text) refers to drv_bsp.o(.bss) for rc_in
    ano_lx.o(.text) refers to lx_fc_fun.o(.text) for LX_Change_Mode
    ano_lx.o(.text) refers to ano_math.o(.text) for my_deadzone
    ano_lx.o(.text) refers to drv_pwmout.o(.text) for DrvMotorPWMSet
    ano_lx.o(.text) refers to drv_bsp.o(.bss) for rc_in
    ano_lx.o(.text) refers to control.o(.data) for my_code_control_flag
    ano_lx.o(.text) refers to lx_fc_state.o(.data) for sti_fun
    ano_lx.o(.text) refers to ano_lx.o(.bss) for rt_tar
    ano_lx.o(.text) refers to ano_dt_lx.o(.bss) for dt
    ano_lx.o(.text) refers to ano_lx.o(.data) for fail_safe_change_mod
    ano_lx.o(.text) refers to lx_fc_state.o(.bss) for fc_sta
    ano_lx.o(.text) refers to drv_adc.o(.text) for Drv_AdcGetBatVot
    ano_lx.o(.text) refers to drv_bsp.o(.text) for DrvRcInputTask
    ano_lx.o(.text) refers to lx_fc_state.o(.text) for LX_FC_State_Task
    ano_lx.o(.text) refers to drv_anoof.o(.text) for AnoOF_Check_State
    ano_lx.o(.text) refers to drv_uart.o(.text) for DrvUartDataCheck
    ano_lx.o(.text) refers to drv_ubloxgps.o(.text) for GPS_Data_Prepare_Task
    ano_lx.o(.text) refers to lx_fc_ext_sensor.o(.text) for LX_FC_EXT_Sensor_Task
    ano_lx.o(.text) refers to ano_dt_lx.o(.text) for ANO_LX_Data_Exchange_Task
    ano_lx.o(.text) refers to drv_led.o(.text) for LED_1ms_DRV
    lx_fc_ext_sensor.o(.text) refers to drv_anoof.o(.bss) for ano_of
    lx_fc_ext_sensor.o(.text) refers to lx_fc_ext_sensor.o(.data) for of_alt_update_cnt
    lx_fc_ext_sensor.o(.text) refers to lx_fc_ext_sensor.o(.bss) for ext_sens
    lx_fc_ext_sensor.o(.text) refers to ano_dt_lx.o(.bss) for dt
    lx_fc_fun.o(.text) refers to ano_dt_lx.o(.text) for CMD_Send
    lx_fc_fun.o(.text) refers to lx_fc_state.o(.bss) for fc_sta
    lx_fc_fun.o(.text) refers to ano_dt_lx.o(.bss) for dt
    lx_fc_fun.o(.text) refers to lx_fc_fun.o(.data) for old_mode
    lx_fc_state.o(.text) refers to lx_fc_fun.o(.text) for FC_Unlock
    lx_fc_state.o(.text) refers to drv_bsp.o(.bss) for rc_in
    lx_fc_state.o(.text) refers to lx_fc_state.o(.data) for sti_fun
    lx_fc_state.o(.text) refers to lx_fc_state.o(.bss) for fc_sta
    get_data.o(.text) refers to dflti.o(.text) for __aeabi_i2d
    get_data.o(.text) refers to ddiv.o(.text) for __aeabi_ddiv
    get_data.o(.text) refers to cdrcmple.o(.text) for __aeabi_cdrcmple
    get_data.o(.text) refers to cdcmple.o(.text) for __aeabi_cdcmple
    get_data.o(.text) refers to dadd.o(.text) for __aeabi_dadd
    get_data.o(.text) refers to dmul.o(.text) for __aeabi_dmul
    get_data.o(.text) refers to ano_lx.o(.data) for fc_att
[...]
    .text                                    0x0800d6b8   Section        0  depilogue.o(.text)
    .text                                    0x0800d774   Section       36  init.o(.text)
    .text                                    0x0800d798   Section        0  __dczerorl2.o(.text)
    i.__scatterload_copy                     0x0800d7ee   Section       14  handlers.o(i.__scatterload_copy)
    i.__scatterload_null                     0x0800d7fc   Section        2  handlers.o(i.__scatterload_null)
    i.__scatterload_zeroinit                 0x0800d7fe   Section       14  handlers.o(i.__scatterload_zeroinit)
    .constdata                               0x0800d80c   Section     2072  oled.o(.constdata)
    .constdata                               0x0800e024   Section     1028  ano_math.o(.constdata)
    .conststring                             0x0800e428   Section       72  misc.o(.conststring)
    .conststring                             0x0800e470   Section       81  stm32f4xx_adc.o(.conststring)
    .conststring                             0x0800e4c4   Section       81  stm32f4xx_dma.o(.conststring)
    .conststring                             0x0800e518   Section       82  stm32f4xx_exti.o(.conststring)
    .conststring                             0x0800e56c   Section       82  stm32f4xx_gpio.o(.conststring)
    .conststring                             0x0800e5c0   Section       81  stm32f4xx_rcc.o(.conststring)
    .conststring                             0x0800e614   Section       81  stm32f4xx_tim.o(.conststring)
    .conststring                             0x0800e668   Section       83  stm32f4xx_usart.o(.conststring)
    .data                                    0x20000000   Section       84  ano_scheduler.o(.data)
    sched_tasks                              0x20000000   Data          84  ano_scheduler.o(.data)
    .data                                    0x20000054   Section        2  user_task.o(.data)
    one_key_land_f                           0x20000054   Data           1  user_task.o(.data)
    one_key_mission_f                        0x20000055   Data           1  user_task.o(.data)
    .data                                    0x20000056   Section        6  ano_dt_lx.o(.data)
    DT_data_cnt                              0x20000056   Data           1  ano_dt_lx.o(.data)
    repeat_cnt                               0x20000057   Data           1  ano_dt_lx.o(.data)
    _data_len                                0x20000058   Data           1  ano_dt_lx.o(.data)
    _data_cnt                                0x20000059   Data           1  ano_dt_lx.o(.data)
    rxstate                                  0x2000005a   Data           1  ano_dt_lx.o(.data)
    time_dly                                 0x2000005b   Data           1  ano_dt_lx.o(.data)
    .data                                    0x2000005c   Section       32  ano_lx.o(.data)
    fail_safe_change_mod                     0x20000075   Data           1  ano_lx.o(.data)
    fail_safe_return_home                    0x20000076   Data           1  ano_lx.o(.data)
    esc_calibrated                           0x20000077   Data           1  ano_lx.o(.data)
    tmp_cnt                                  0x20000078   Data           4  ano_lx.o(.data)
    .data                                    0x2000007c   Section        4  lx_fc_ext_sensor.o(.data)
    of_update_cnt                            0x2000007c   Data           1  lx_fc_ext_sensor.o(.data)
    of_alt_update_cnt                        0x2000007d   Data           1  lx_fc_ext_sensor.o(.data)
    dT_ms                                    0x2000007e   Data           1  lx_fc_ext_sensor.o(.data)
    of_alt_update_cnt                        0x2000007f   Data           1  lx_fc_ext_sensor.o(.data)
    .data                                    0x20000080   Section        1  lx_fc_fun.o(.data)
    old_mode                                 0x20000080   Data           1  lx_fc_fun.o(.data)
    .data                                    0x20000082   Section        6  lx_fc_state.o(.data)
    time_dly_cnt_ms                          0x20000084   Data           2  lx_fc_state.o(.data)
    unlock_lock_flag                         0x20000086   Data           1  lx_fc_state.o(.data)
    cali_f                                   0x20000087   Data           1  lx_fc_state.o(.data)
    .data                                    0x20000088   Section       72  get_data.o(.data)
    .data                                    0x200000d0   Section       32  control.o(.data)
    .data                                    0x200000f0   Section       29  my_uart.o(.data)
    data_cnt                                 0x200000fc   Data           4  my_uart.o(.data)
    data_1                                   0x20000100   Data           1  my_uart.o(.data)
    data_2                                   0x20000101   Data           1  my_uart.o(.data)
    data_3                                   0x20000102   Data           1  my_uart.o(.data)
    data_4                                   0x20000103   Data           1  my_uart.o(.data)
    data_cnt                                 0x20000104   Data           4  my_uart.o(.data)
    data_1                                   0x20000108   Data           1  my_uart.o(.data)
    data_2                                   0x20000109   Data           1  my_uart.o(.data)
    data_3                                   0x2000010a   Data           1  my_uart.o(.data)
    data_4                                   0x2000010b   Data           1  my_uart.o(.data)
    data_5                                   0x2000010c   Data           1  my_uart.o(.data)
    .data                                    0x20000110   Section       64  mode.o(.data)
    .data                                    0x20000150   Section        6  key.o(.data)
    key_up                                   0x20000153   Data           1  key.o(.data)
    key_up                                   0x20000154   Data           1  key.o(.data)
    key_up                                   0x20000155   Data           1  key.o(.data)
    .data                                    0x20000158   Section      648  oled.o(.data)
    GPIO_InitStructure                       0x200003d8   Data           8  oled.o(.data)
    .data                                    0x200003e0   Section       19  drv_bsp.o(.data)
    ch_sta                                   0x200003e0   Data           1  drv_bsp.o(.data)
    sbus_time                                0x200003e4   Data           8  drv_bsp.o(.data)
    cnt                                      0x200003ec   Data           1  drv_bsp.o(.data)
    frame_cnt                                0x200003ed   Data           1  drv_bsp.o(.data)
    cnt_tmp                                  0x200003ee   Data           1  drv_bsp.o(.data)
    time_dly                                 0x200003f0   Data           2  drv_bsp.o(.data)
    failsafe                                 0x200003f2   Data           1  drv_bsp.o(.data)
    .data                                    0x200003f3   Section        3  drv_anoof.o(.data)
    _data_len                                0x200003f3   Data           1  drv_anoof.o(.data)
    _data_cnt                                0x200003f4   Data           1  drv_anoof.o(.data)
    rxstate                                  0x200003f5   Data           1  drv_anoof.o(.data)
    .data                                    0x200003f6   Section      182  drv_ubloxgps.o(.data)
    protocol_class                           0x200004a5   Data           1  drv_ubloxgps.o(.data)
    protocol_id                              0x200004a6   Data           1  drv_ubloxgps.o(.data)
    protocol_length_t                        0x200004a7   Data           1  drv_ubloxgps.o(.data)
    protocol_length                          0x200004a8   Data           2  drv_ubloxgps.o(.data)
    state                                    0x200004ab   Data           1  drv_ubloxgps.o(.data)
    .data                                    0x200004b0   Section        8  drv_sys.o(.data)
    SysRunTimeMs                             0x200004b0   Data           8  drv_sys.o(.data)
    .data                                    0x200004b8   Section       12  drv_led.o(.data)
    led_cnt                                  0x200004bc   Data           8  drv_led.o(.data)
    .data                                    0x200004c4   Section        4  drv_rcin.o(.data)
    temp_cnt                                 0x200004c4   Data           4  drv_rcin.o(.data)
    .data                                    0x200004c8   Section       20  drv_uart.o(.data)
    .data                                    0x200004dc   Section       20  system_stm32f4xx.o(.data)
    .data                                    0x200004f0   Section       16  stm32f4xx_rcc.o(.data)
    APBAHBPrescTable                         0x200004f0   Data          16  stm32f4xx_rcc.o(.data)
    .bss                                     0x20000500   Section     1872  ano_dt_lx.o(.bss)
    DT_RxBuffer                              0x20000b50   Data         256  ano_dt_lx.o(.bss)
    .bss                                     0x20000c50   Section       64  ano_lx.o(.bss)
    pwm                                      0x20000c80   Data          16  ano_lx.o(.bss)
    .bss                                     0x20000c90   Section       48  lx_fc_ext_sensor.o(.bss)
    .bss                                     0x20000cc0   Section       11  lx_fc_state.o(.bss)
    .bss                                     0x20000ccb   Section       30  niming_upperconputer.o(.bss)
    .bss                                     0x20000cea   Section      107  drv_bsp.o(.bss)
    datatmp                                  0x20000d3c   Data          25  drv_bsp.o(.bss)
    .bss                                     0x20000d58   Section      124  drv_anoof.o(.bss)
    _datatemp                                0x20000d94   Data          50  drv_anoof.o(.bss)
    check_time_ms                            0x20000dc8   Data          12  drv_anoof.o(.bss)
    .bss                                     0x20000dd4   Section      100  drv_ubloxgps.o(.bss)
    .bss                                     0x20000e38   Section      100  drv_adc.o(.bss)
    .bss                                     0x20000e9c   Section     1780  drv_uart.o(.bss)
    STACK                                    0x20001590   Section     2048  startup_stm32f4xx.o(STACK)

    Global Symbols

    Symbol Name                              Value     Ov Type        Size  Object(Section)

    BuildAttributes$$THM_ISAv4$E$P$D$K$B$S$7EM$VFPi3$EXTD16$VFPS$VFMA$PE$A:L22UL41UL21$X:L11$S22US41US21$IEEE1$IW$USESV6$~STKCKD$USESV7$~SHL$OTIME$ROPI$EBA8$MICROLIB$REQ8$PRES8$EABIv2 0x00000000   Number         0  anon$$obj.o ABSOLUTE
    __ARM_use_no_argv                        0x00000000   Number         0  main.o ABSOLUTE
    __arm_fini_                               - Undefined Weak Reference
    __cpp_initialize__aeabi_                  - Undefined Weak Reference
    __cxa_finalize                            - Undefined Weak Reference
    _clock_init                               - Undefined Weak Reference
    _microlib_exit                            - Undefined Weak Reference
    __Vectors_Size                           0x00000188   Number         0  startup_stm32f4xx.o ABSOLUTE
    __Vectors                                0x08000000   Data           4  startup_stm32f4xx.o(RESET)
    __Vectors_End                            0x08000188   Data           0  startup_stm32f4xx.o(RESET)
    __main                                   0x08000189   Thumb Code     0  entry.o(.ARM.Collect$$$$00000000)
    _main_stk                                0x08000189   Thumb Code     0  entry2.o(.ARM.Collect$$$$00000001)
    _main_scatterload                        0x0800018d   Thumb Code     0  entry5.o(.ARM.Collect$$$$00000004)
    __main_after_scatterload                 0x08000191   Thumb Code     0  entry5.o(.ARM.Collect$$$$00000004)
    _main_clock                              0x08000191   Thumb Code     0  entry7b.o(.ARM.Collect$$$$00000008)
    _main_cpp_init                           0x08000191   Thumb Code     0  entry8b.o(.ARM.Collect$$$$0000000A)
    _main_init                               0x08000191   Thumb Code     0  entry9a.o(.ARM.Collect$$$$0000000B)
    __rt_lib_shutdown_fini                   0x08000199   Thumb Code     0  entry12b.o(.ARM.Collect$$$$0000000E)
    __rt_final_cpp                           0x0800019d   Thumb Code     0  entry10a.o(.ARM.Collect$$$$0000000F)
    __rt_final_exit                          0x0800019d   Thumb Code     0  entry11a.o(.ARM.Collect$$$$00000011)
    assert_failed                            0x080001a1   Thumb Code     4  main.o(.text)
    main                                     0x080001a5   Thumb Code    16  main.o(.text)
    Scheduler_Setup                          0x08000247   Thumb Code    76  ano_scheduler.o(.text)
    Scheduler_Run                            0x08000293   Thumb Code    76  ano_scheduler.o(.text)
    UserTask_OneKeyCmd                       0x0800030d   Thumb Code   404  user_task.o(.text)
    ANO_DT_Init                              0x080004e1   Thumb Code   166  ano_dt_lx.o(.text)
    CK_Back                                  0x08000597   Thumb Code    12  ano_dt_lx.o(.text)
    PAR_Back                                 0x080005a3   Thumb Code    14  ano_dt_lx.o(.text)
    ANO_DT_LX_Data_Receive_Prepare           0x080007cf   Thumb Code   314  ano_dt_lx.o(.text)
    CMD_Send                                 0x08000bd7   Thumb Code    22  ano_dt_lx.o(.text)
    ANO_LX_Data_Exchange_Task                0x08000bed   Thumb Code    68  ano_dt_lx.o(.text)
    ANO_LX_Task                              0x0800111d   Thumb Code   144  ano_lx.o(.text)
    LX_FC_EXT_Sensor_Task                    0x080011c1   Thumb Code    78  lx_fc_ext_sensor.o(.text)
    FC_Unlock                                0x080012a5   Thumb Code    56  lx_fc_fun.o(.text)
    FC_Lock                                  0x080012dd   Thumb Code    56  lx_fc_fun.o(.text)
    LX_Change_Mode                           0x08001315   Thumb Code    80  lx_fc_fun.o(.text)
    OneKey_Return_Home                       0x08001365   Thumb Code    50  lx_fc_fun.o(.text)
    OneKey_Takeoff                           0x08001397   Thumb Code    66  lx_fc_fun.o(.text)
    OneKey_Land                              0x080013d9   Thumb Code    50  lx_fc_fun.o(.text)
    Horizontal_Move                          0x0800140b   Thumb Code    98  lx_fc_fun.o(.text)
    Horizontal_Calibrate                     0x0800146d   Thumb Code    50  lx_fc_fun.o(.text)
    Mag_Calibrate                            0x0800149f   Thumb Code    50  lx_fc_fun.o(.text)
    ACC_Calibrate                            0x080014d1   Thumb Code    50  lx_fc_fun.o(.text)
    GYR_Calibrate                            0x08001503   Thumb Code    50  lx_fc_fun.o(.text)
    LX_Cali_Trig_Check                       0x080016f7   Thumb Code   150  lx_fc_state.o(.text)
    LX_FC_State_Task                         0x0800178d   Thumb Code    26  lx_fc_state.o(.text)
    get_data                                 0x080017c5   Thumb Code   354  get_data.o(.text)
    all_data_init                            0x0800198d   Thumb Code    12  control.o(.text)
    User_Task_Delay                          0x08001999   Thumb Code    38  control.o(.text)
    square_wave                              0x080019bf   Thumb Code    60  control.o(.text)
    triangualr_wave                          0x080019fb   Thumb Code   222  control.o(.text)
    MY_urst1_Receive                         0x08001af5   Thumb Code   174  my_uart.o(.text)
    MY_urst2_Send                            0x08001ba3   Thumb Code    18  my_uart.o(.text)
    MY_urst2_Receive                         0x08001bb5   Thumb Code   314  my_uart.o(.text)
    ANODT_SendF4                             0x08001d3d   Thumb Code   208  niming_upperconputer.o(.text)
    ANODT_SendF1                             0x08001e0d   Thumb Code   128  niming_upperconputer.o(.text)
    Limit_max_int                            0x08001e91   Thumb Code    18  pid.o(.text)
    keep_hight                               0x08001ea3   Thumb Code    32  pid.o(.text)
    keep_dis_x                               0x08001ec3   Thumb Code    32  pid.o(.text)
    keep_dis_y                               0x08001ee3   Thumb Code    32  pid.o(.text)
    keep_yaw                                 0x08001f03   Thumb Code    30  pid.o(.text)
    PID                                      0x08001f21   Thumb Code   242  pid.o(.text)
    mode_select                              0x08002069   Thumb Code   170  mode.o(.text)
    KEY_Init                                 0x08002131   Thumb Code    58  key.o(.text)
    KEY_Scan_1                               0x0800216b   Thumb Code    70  key.o(.text)
    KEY_Scan_2                               0x080021b1   Thumb Code    70  key.o(.text)
    KEY_Scan_3                               0x080021f7   Thumb Code    70  key.o(.text)
    sda_pin_mode                             0x0800224d   Thumb Code    34  oled.o(.text)
    IIC_Start                                0x0800226f   Thumb Code    56  oled.o(.text)
    IIC_Stop                                 0x080022a7   Thumb Code    44  oled.o(.text)
    IIC_Wait_Ack                             0x080022d3   Thumb Code    52  oled.o(.text)
    Write_IIC_Byte                           0x08002307   Thumb Code    98  oled.o(.text)
    Write_IIC_Command                        0x08002369   Thumb Code    44  oled.o(.text)
    Write_IIC_Data                           0x08002395   Thumb Code    44  oled.o(.text)
    OLED_WR_Byte                             0x080023c1   Thumb Code    24  oled.o(.text)
    fill_picture                             0x080023d9   Thumb Code    64  oled.o(.text)
    Delay_50ms                               0x08002419   Thumb Code    22  oled.o(.text)
    Delay_1ms                                0x0800242f   Thumb Code    26  oled.o(.text)
    OLED_Set_Pos                             0x08002449   Thumb Code    40  oled.o(.text)
    OLED_Display_On                          0x08002471   Thumb Code    28  oled.o(.text)
    OLED_Display_Off                         0x0800248d   Thumb Code    28  oled.o(.text)
    OLED_Clear                               0x080024a9   Thumb Code    62  oled.o(.text)
    OLED_On                                  0x080024e7   Thumb Code    62  oled.o(.text)
    OLED_ShowChar                            0x08002525   Thumb Code   154  oled.o(.text)
    oled_pow                                 0x080025bf   Thumb Code    22  oled.o(.text)
    OLED_ShowNum                             0x080025d5   Thumb Code   148  oled.o(.text)
    OLED_ShowString                          0x08002669   Thumb Code    58  oled.o(.text)
    OLED_ShowCHinese                         0x080026a3   Thumb Code    98  oled.o(.text)
    OLED_DrawBMP                             0x08002705   Thumb Code   118  oled.o(.text)
    OLED_Init                                0x0800277b   Thumb Code   276  oled.o(.text)
    my_oled_show                             0x0800288f   Thumb Code    44  oled.o(.text)
    beep_init                                0x080028d9   Thumb Code    56  buzzer.o(.text)
    beep_bsp                                 0x08002911   Thumb Code    32  buzzer.o(.text)
    beep_delay                               0x08002931   Thumb Code    42  buzzer.o(.text)
    DrvRcInputInit                           0x08002961   Thumb Code    20  drv_bsp.o(.text)
    All_Init                                 0x08002975   Thumb Code    90  drv_bsp.o(.text)
    DrvPpmGetOneCh                           0x080029cf   Thumb Code    92  drv_bsp.o(.text)
    DrvSbusGetOneByte                        0x08002a2b   Thumb Code   560  drv_bsp.o(.text)
    DrvRcInputTask                           0x08002d03   Thumb Code   280  drv_bsp.o(.text)
    my_abs                                   0x08002e2d   Thumb Code    26  ano_math.o(.text)
    fast_atan2                               0x08002e47   Thumb Code   350  ano_math.o(.text)
    my_atan                                  0x08002fa5   Thumb Code    24  ano_math.o(.text)
    my_sqrt_reciprocal                       0x08002fbd   Thumb Code    76  ano_math.o(.text)
    my_sqrt                                  0x08003009   Thumb Code    20  ano_math.o(.text)
    mx_sin                                   0x0800301d   Thumb Code   292  ano_math.o(.text)
    my_sin                                   0x08003141   Thumb Code   108  ano_math.o(.text)
    my_cos                                   0x080031ad   Thumb Code   136  ano_math.o(.text)
    my_deadzone                              0x08003235   Thumb Code   152  ano_math.o(.text)
    my_deadzone_2                            0x080032cd   Thumb Code    48  ano_math.o(.text)
    my_HPF                                   0x080032fd   Thumb Code   346  ano_math.o(.text)
    To_180_degrees_db                        0x08003457   Thumb Code   108  ano_math.o(.text)
    length_limit                             0x080034c3   Thumb Code   140  ano_math.o(.text)
    fifo                                     0x0800354f   Thumb Code    42  ano_math.o(.text)
    rot_vec_2                                0x08003579   Thumb Code    84  ano_math.o(.text)
    vec_2_cross_product                      0x080035cd   Thumb Code    26  ano_math.o(.text)
    vec_2_dot_product                        0x080035e7   Thumb Code    26  ano_math.o(.text)
    vec_3_cross_product_err_sinx             0x08003601   Thumb Code    86  ano_math.o(.text)
    vec_3_dot_product                        0x08003657   Thumb Code    38  ano_math.o(.text)
    AnoOF_Check_State                        0x080036a9   Thumb Code   180  drv_anoof.o(.text)
    AnoOF_GetOneByte                         0x080038c9   Thumb Code   252  drv_anoof.o(.text)
    GPS_Data_Prepare_Task                    0x080039e9   Thumb Code   306  drv_ubloxgps.o(.text)
    GPS_Rate_H                               0x08003b1b   Thumb Code    12  drv_ubloxgps.o(.text)
    GPS_Rate_L                               0x08003b27   Thumb Code    12  drv_ubloxgps.o(.text)
    Init_GPS                                 0x08003b33   Thumb Code   196  drv_ubloxgps.o(.text)
    UBLOX_M8_GPS_Data_Receive                0x08003bf7   Thumb Code   328  drv_ubloxgps.o(.text)
    NMI_Handler                              0x08003d91   Thumb Code     2  stm32f4xx_it.o(.text)
    MemManage_Handler                        0x08003d93   Thumb Code     4  stm32f4xx_it.o(.text)
    BusFault_Handler                         0x08003d97   Thumb Code     4  stm32f4xx_it.o(.text)
    UsageFault_Handler                       0x08003d9b   Thumb Code     4  stm32f4xx_it.o(.text)
    SVC_Handler                              0x08003d9f   Thumb Code     2  stm32f4xx_it.o(.text)
    DebugMon_Handler                         0x08003da1   Thumb Code     2  stm32f4xx_it.o(.text)
    EXTI9_5_IRQHandler                       0x08003da3   Thumb Code    18  stm32f4xx_it.o(.text)
    TIM3_IRQHandler                          0x08003db5   Thumb Code     8  stm32f4xx_it.o(.text)
    TIM4_IRQHandler                          0x08003dbd   Thumb Code     2  stm32f4xx_it.o(.text)
    TIM7_IRQHandler                          0x08003dbf   Thumb Code    26  stm32f4xx_it.o(.text)
    USART1_IRQHandler                        0x08003dd9   Thumb Code     8  stm32f4xx_it.o(.text)
    USART2_IRQHandler                        0x08003de1   Thumb Code     8  stm32f4xx_it.o(.text)
    USART3_IRQHandler                        0x08003de9   Thumb Code     8  stm32f4xx_it.o(.text)
    UART4_IRQHandler                         0x08003df1   Thumb Code     8  stm32f4xx_it.o(.text)
    UART5_IRQHandler                         0x08003df9   Thumb Code     8  stm32f4xx_it.o(.text)
    USART6_IRQHandler                        0x08003e01   Thumb Code     8  stm32f4xx_it.o(.text)
    SysTick_Init                             0x08003e0d   Thumb Code   100  drv_sys.o(.text)
    SysTick_Handler                          0x08003e71   Thumb Code    20  drv_sys.o(.text)
    GetSysRunTimeMs                          0x08003e85   Thumb Code     6  drv_sys.o(.text)
    GetSysRunTimeUs                          0x08003e8b   Thumb Code    62  drv_sys.o(.text)
    MyDelayUs                                0x08003ec9   Thumb Code    24  drv_sys.o(.text)
    MyDelayMs                                0x08003ee1   Thumb Code    24  drv_sys.o(.text)
    DrvSysInit                               0x08003ef9   Thumb Code    16  drv_sys.o(.text)
    DrvAdcInit                               0x08003f81   Thumb Code   168  drv_adc.o(.text)
    Drv_AdcGetBatVot                         0x08004029   Thumb Code    92  drv_adc.o(.text)
    DvrLedInit                               0x080040a9   Thumb Code   112  drv_led.o(.text)
    LED_On_Off                               0x08004119   Thumb Code    82  drv_led.o(.text)
    LED_1ms_DRV                              0x0800416b   Thumb Code    78  drv_led.o(.text)
    DrvPwmOutInit                            0x080041c5   Thumb Code   742  drv_pwmout.o(.text)
    DrvMotorPWMSet                           0x080044ab   Thumb Code   112  drv_pwmout.o(.text)
    DrvRcPpmInit                             0x08004541   Thumb Code   176  drv_rcin.o(.text)
    PPM_IRQH                                 0x080045f1   Thumb Code    82  drv_rcin.o(.text)
    DrvRcSbusInit                            0x08004643   Thumb Code   166  drv_rcin.o(.text)
    Sbus_IRQH                                0x080046e9   Thumb Code    40  drv_rcin.o(.text)
    TIM_CONF                                 0x08004725   Thumb Code    80  drv_timer.o(.text)
    TIM_NVIC                                 0x08004775   Thumb Code    32  drv_timer.o(.text)
    DrvTimerFcInit                           0x08004795   Thumb Code    24  drv_timer.o(.text)
    NoUse                                    0x080047b1   Thumb Code     2  drv_uart.o(.text)
    DrvUart1Init                             0x080047b3   Thumb Code   246  drv_uart.o(.text)
    DrvUart1SendBuf                          0x080048a9   Thumb Code    60  drv_uart.o(.text)
    drvU1GetByte                             0x080048e5   Thumb Code    32  drv_uart.o(.text)
    drvU1DataCheck                           0x08004905   Thumb Code    52  drv_uart.o(.text)
    Usart1_IRQ                               0x08004939   Thumb Code   110  drv_uart.o(.text)
    DrvUart2Init                             0x080049a7   Thumb Code   234  drv_uart.o(.text)
    DrvUart2SendBuf                          0x08004a91   Thumb Code    62  drv_uart.o(.text)
    drvU2GetByte                             0x08004acf   Thumb Code    32  drv_uart.o(.text)
    drvU2DataCheck                           0x08004aef   Thumb Code    52  drv_uart.o(.text)
    Usart2_IRQ                               0x08004b23   Thumb Code   120  drv_uart.o(.text)
    DrvUart3Init                             0x08004b9b   Thumb Code   312  drv_uart.o(.text)
    DrvUart3SendBuf                          0x08004cd3   Thumb Code    62  drv_uart.o(.text)
    drvU3GetByte                             0x08004d11   Thumb Code    32  drv_uart.o(.text)
    drvU3DataCheck                           0x08004d31   Thumb Code    52  drv_uart.o(.text)
    Usart3_IRQ                               0x08004d65   Thumb Code   120  drv_uart.o(.text)
    DrvUart4Init                             0x08004ddd   Thumb Code   200  drv_uart.o(.text)
    DrvUart4SendBuf                          0x08004ea5   Thumb Code    62  drv_uart.o(.text)
    drvU4GetByte                             0x08004ee3   Thumb Code    32  drv_uart.o(.text)
    drvU4DataCheck                           0x08004f03   Thumb Code    52  drv_uart.o(.text)
    Uart4_IRQ                                0x08004f37   Thumb Code   120  drv_uart.o(.text)
    DrvUart5Init                             0x08004faf   Thumb Code   288  drv_uart.o(.text)
    DrvUart5SendBuf                          0x080050cf   Thumb Code    60  drv_uart.o(.text)
    drvU5GetByte                             0x0800510b   Thumb Code    32  drv_uart.o(.text)
    drvU5DataCheck                           0x0800512b   Thumb Code    52  drv_uart.o(.text)
    Uart5_IRQ                                0x0800515f   Thumb Code   110  drv_uart.o(.text)
    DrvUartDataCheck                         0x080051cd   Thumb Code    24  drv_uart.o(.text)
    Reset_Handler                            0x08005201   Thumb Code     8  startup_stm32f4xx.o(.text)
    HardFault_Handler                        0x0800520b   Thumb Code     2  startup_stm32f4xx.o(.text)
    PendSV_Handler                           0x08005217   Thumb Code     2  startup_stm32f4xx.o(.text)
    ADC_IRQHandler                           0x0800521b   Thumb Code     0  startup_stm32f4xx.o(.text)
    CAN1_RX0_IRQHandler                      0x0800521b   Thumb Code     0  startup_stm32f4xx.o(.text)
    CAN1_RX1_IRQHandler                      0x0800521b   Thumb Code     0  startup_stm32f4xx.o(.text)
    CAN1_SCE_IRQHandler                      0x0800521b   Thumb Code     0  startup_stm32f4xx.o(.text)
    CAN1_TX_IRQHandler                       0x0800521b   Thumb Code     0  startup_stm32f4xx.o(.text)
    CAN2_RX0_IRQHandler                      0x0800521b   Thumb Code     0  startup_stm32f4xx.o(.text)
    CAN2_RX1_IRQHandler                      0x0800521b   Thumb Code     0  startup_stm32f4xx.o(.text)
    CAN2_SCE_IRQHandler                      0x0800521b   Thumb Code     0  startup_stm32f4xx.o(.text)
    CAN2_TX_IRQHandler                       0x0800521b   Thumb Code     0  startup_stm32f4xx.o(.text)
    CRYP_IRQHandler                          0x0800521b   Thumb Code     0  startup_stm32f4xx.o(.text)
    DCMI_IRQHandler                          0x0800521b   Thumb Code     0  startup_stm32f4xx.o(.text)
    DMA1_Stream0_IRQHandler                  0x0800521b   Thumb Code     0  startup_stm32f4xx.o(.text)
    DMA1_Stream1_IRQHandler                  0x0800521b   Thumb Code     0  startup_stm32f4xx.o(.text)
    DMA1_Stream2_IRQHandler                  0x0800521b   Thumb Code     0  startup_stm32f4xx.o(.text)
    DMA1_Stream3_IRQHandler                  0x0800521b   Thumb Code     0  startup_stm32f4xx.o(.text)
    DMA1_Stream4_IRQHandler                  0x0800521b   Thumb Code     0  startup_stm32f4xx.o(.text)
    DMA1_Stream5_IRQHandler                  0x0800521b   Thumb Code     0  startup_stm32f4xx.o(.text)
    DMA1_Stream6_IRQHandler                  0x0800521b   Thumb Code     0  startup_stm32f4xx.o(.text)
    DMA1_Stream7_IRQHandler                  0x0800521b   Thumb Code     0  startup_stm32f4xx.o(.text)
    DMA2_Stream0_IRQHandler                  0x0800521b   Thumb Code     0  startup_stm32f4xx.o(.text)
    DMA2_Stream1_IRQHandler                  0x0800521b   Thumb Code     0  startup_stm32f4xx.o(.text)
    DMA2_Stream2_IRQHandler                  0x0800521b   Thumb Code     0  startup_stm32f4xx.o(.text)
    DMA2_Stream3_IRQHandler                  0x0800521b   Thumb Code     0  startup_stm32f4xx.o(.text)
    DMA2_Stream4_IRQHandler                  0x0800521b   Thumb Code     0  startup_stm32f4xx.o(.text)
    DMA2_Stream5_IRQHandler                  0x0800521b   Thumb Code     0  startup_stm32f4xx.o(.text)
    DMA2_Stream6_IRQHandler                  0x0800521b   Thumb Code     0  startup_stm32f4xx.o(.text)
    DMA2_Stream7_IRQHandler                  0x0800521b   Thumb Code     0  startup_stm32f4xx.o(.text)
    ETH_IRQHandler                           0x0800521b   Thumb Code     0  startup_stm32f4xx.o(.text)
    ETH_WKUP_IRQHandler                      0x0800521b   Thumb Code     0  startup_stm32f4xx.o(.text)
    EXTI0_IRQHandler                         0x0800521b   Thumb Code     0  startup_stm32f4xx.o(.text)
    EXTI15_10_IRQHandler                     0x0800521b   Thumb Code     0  startup_stm32f4xx.o(.text)
    EXTI1_IRQHandler                         0x0800521b   Thumb Code     0  startup_stm32f4xx.o(.text)
    EXTI2_IRQHandler                         0x0800521b   Thumb Code     0  startup_stm32f4xx.o(.text)
    EXTI3_IRQHandler                         0x0800521b   Thumb Code     0  startup_stm32f4xx.o(.text)
    EXTI4_IRQHandler                         0x0800521b   Thumb Code     0  startup_stm32f4xx.o(.text)
    FLASH_IRQHandler                         0x0800521b   Thumb Code     0  startup_stm32f4xx.o(.text)
    FPU_IRQHandler                           0x0800521b   Thumb Code     0  startup_stm32f4xx.o(.text)
    FSMC_IRQHandler                          0x0800521b   Thumb Code     0  startup_stm32f4xx.o(.text)
    HASH_RNG_IRQHandler                      0x0800521b   Thumb Code     0  startup_stm32f4xx.o(.text)
    I2C1_ER_IRQHandler                       0x0800521b   Thumb Code     0  startup_stm32f4xx.o(.text)
    I2C1_EV_IRQHandler                       0x0800521b   Thumb Code     0  startup_stm32f4xx.o(.text)
    I2C2_ER_IRQHandler                       0x0800521b   Thumb Code     0  startup_stm32f4xx.o(.text)
    I2C2_EV_IRQHandler                       0x0800521b   Thumb Code     0  startup_stm32f4xx.o(.text)
    I2C3_ER_IRQHandler                       0x0800521b   Thumb Code     0  startup_stm32f4xx.o(.text)
    I2C3_EV_IRQHandler                       0x0800521b   Thumb Code     0  startup_stm32f4xx.o(.text)
    OTG_FS_IRQHandler                        0x0800521b   Thumb Code     0  startup_stm32f4xx.o(.text)
    OTG_FS_WKUP_IRQHandler                   0x0800521b   Thumb Code     0  startup_stm32f4xx.o(.text)
    OTG_HS_EP1_IN_IRQHandler                 0x0800521b   Thumb Code     0  startup_stm32f4xx.o(.text)
    OTG_HS_EP1_OUT_IRQHandler                0x0800521b   Thumb Code     0  startup_stm32f4xx.o(.text)
    OTG_HS_IRQHandler                        0x0800521b   Thumb Code     0  startup_stm32f4xx.o(.text)
    OTG_HS_WKUP_IRQHandler                   0x0800521b   Thumb Code     0  startup_stm32f4xx.o(.text)
    PVD_IRQHandler                           0x0800521b   Thumb Code     0  startup_stm32f4xx.o(.text)
    RCC_IRQHandler                           0x0800521b   Thumb Code     0  startup_stm32f4xx.o(.text)
    RTC_Alarm_IRQHandler                     0x0800521b   Thumb Code     0  startup_stm32f4xx.o(.text)
    RTC_WKUP_IRQHandler                      0x0800521b   Thumb Code     0  startup_stm32f4xx.o(.text)
    SDIO_IRQHandler                          0x0800521b   Thumb Code     0  startup_stm32f4xx.o(.text)
    SPI1_IRQHandler                          0x0800521b   Thumb Code     0  startup_stm32f4xx.o(.text)
    SPI2_IRQHandler                          0x0800521b   Thumb Code     0  startup_stm32f4xx.o(.text)
    SPI3_IRQHandler                          0x0800521b   Thumb Code     0  startup_stm32f4xx.o(.text)
    TAMP_STAMP_IRQHandler                    0x0800521b   Thumb Code     0  startup_stm32f4xx.o(.text)
    TIM1_BRK_TIM9_IRQHandler                 0x0800521b   Thumb Code     0  startup_stm32f4xx.o(.text)
    TIM1_CC_IRQHandler                       0x0800521b   Thumb Code     0  startup_stm32f4xx.o(.text)
    TIM1_TRG_COM_TIM11_IRQHandler            0x0800521b   Thumb Code     0  startup_stm32f4xx.o(.text)
    TIM1_UP_TIM10_IRQHandler                 0x0800521b   Thumb Code     0  startup_stm32f4xx.o(.text)
    TIM2_IRQHandler                          0x0800521b   Thumb Code     0  startup_stm32f4xx.o(.text)
    TIM5_IRQHandler                          0x0800521b   Thumb Code     0  startup_stm32f4xx.o(.text)
    TIM6_DAC_IRQHandler                      0x0800521b   Thumb Code     0  startup_stm32f4xx.o(.text)
    TIM8_BRK_TIM12_IRQHandler                0x0800521b   Thumb Code     0  startup_stm32f4xx.o(.text)
    TIM8_CC_IRQHandler                       0x0800521b   Thumb Code     0  startup_stm32f4xx.o(.text)
    TIM8_TRG_COM_TIM14_IRQHandler            0x0800521b   Thumb Code     0  startup_stm32f4xx.o(.text)
    TIM8_UP_TIM13_IRQHandler                 0x0800521b   Thumb Code     0  startup_stm32f4xx.o(.text)
    WWDG_IRQHandler                          0x0800521b   Thumb Code     0  startup_stm32f4xx.o(.text)
    SystemInit                               0x08005301   Thumb Code    88  system_stm32f4xx.o(.text)
    SystemCoreClockUpdate                    0x08005359   Thumb Code   174  system_stm32f4xx.o(.text)
    NVIC_PriorityGroupConfig                 0x08005435   Thumb Code    54  misc.o(.text)
    NVIC_Init                                0x0800546b   Thumb Code   164  misc.o(.text)
    NVIC_SetVectorTable                      0x0800550f   Thumb Code    60  misc.o(.text)
    NVIC_SystemLPConfig                      0x0800554b   Thumb Code    78  misc.o(.text)
    SysTick_CLKSourceConfig                  0x08005599   Thumb Code    62  misc.o(.text)
    ADC_DeInit                               0x080055f5   Thumb Code    22  stm32f4xx_adc.o(.text)
    ADC_Init                                 0x0800560b   Thumb Code   402  stm32f4xx_adc.o(.text)
    ADC_StructInit                           0x0800579d   Thumb Code    20  stm32f4xx_adc.o(.text)
    ADC_CommonInit                           0x080057b1   Thumb Code   342  stm32f4xx_adc.o(.text)
    ADC_CommonStructInit                     0x08005907   Thumb Code    12  stm32f4xx_adc.o(.text)
    ADC_Cmd                                  0x08005913   Thumb Code    76  stm32f4xx_adc.o(.text)
    ADC_AnalogWatchdogCmd                    0x0800595f   Thumb Code   102  stm32f4xx_adc.o(.text)
    ADC_AnalogWatchdogThresholdsConfig       0x080059c5   Thumb Code   126  stm32f4xx_adc.o(.text)
    ADC_AnalogWatchdogSingleChannelConfig    0x08005a43   Thumb Code   136  stm32f4xx_adc.o(.text)
    ADC_TempSensorVrefintCmd                 0x08005acb   Thumb Code    56  stm32f4xx_adc.o(.text)
    ADC_VBATCmd                              0x08005b03   Thumb Code    56  stm32f4xx_adc.o(.text)
    ADC_RegularChannelConfig                 0x08005b3b   Thumb Code   408  stm32f4xx_adc.o(.text)
    ADC_SoftwareStartConv                    0x08005cd3   Thumb Code    44  stm32f4xx_adc.o(.text)
    ADC_GetSoftwareStartConvStatus           0x08005cff   Thumb Code    54  stm32f4xx_adc.o(.text)
    ADC_EOCOnEachRegularChannelCmd           0x08005d35   Thumb Code    76  stm32f4xx_adc.o(.text)
    ADC_ContinuousModeCmd                    0x08005d81   Thumb Code    76  stm32f4xx_adc.o(.text)
    ADC_DiscModeChannelCountConfig           0x08005dcd   Thumb Code   100  stm32f4xx_adc.o(.text)
    ADC_DiscModeCmd                          0x08005e31   Thumb Code    76  stm32f4xx_adc.o(.text)
    ADC_GetConversionValue                   0x08005e7d   Thumb Code    40  stm32f4xx_adc.o(.text)
    ADC_GetMultiModeConversionValue          0x08005ea5   Thumb Code     6  stm32f4xx_adc.o(.text)
    ADC_DMACmd                               0x08005eab   Thumb Code    76  stm32f4xx_adc.o(.text)
    ADC_DMARequestAfterLastTransferCmd       0x08005ef7   Thumb Code    76  stm32f4xx_adc.o(.text)
    ADC_MultiModeDMARequestAfterLastTransferCmd 0x08005f43   Thumb Code    60  stm32f4xx_adc.o(.text)
    ADC_InjectedChannelConfig                0x08005f7f   Thumb Code   332  stm32f4xx_adc.o(.text)
    ADC_InjectedSequencerLengthConfig        0x080060cb   Thumb Code    80  stm32f4xx_adc.o(.text)
    ADC_SetInjectedOffset                    0x0800611b   Thumb Code   102  stm32f4xx_adc.o(.text)
    ADC_ExternalTrigInjectedConvConfig       0x08006181   Thumb Code   176  stm32f4xx_adc.o(.text)
    ADC_ExternalTrigInjectedConvEdgeConfig   0x08006231   Thumb Code    82  stm32f4xx_adc.o(.text)
    ADC_SoftwareStartInjectedConv            0x08006283   Thumb Code    44  stm32f4xx_adc.o(.text)
    ADC_GetSoftwareStartInjectedConvCmdStatus 0x080062af   Thumb Code    54  stm32f4xx_adc.o(.text)
    ADC_AutoInjectedConvCmd                  0x080062e5   Thumb Code    76  stm32f4xx_adc.o(.text)
    ADC_InjectedDiscModeCmd                  0x08006331   Thumb Code    76  stm32f4xx_adc.o(.text)
    ADC_GetInjectedConversionValue           0x0800637d   Thumb Code    88  stm32f4xx_adc.o(.text)
    ADC_ITConfig                             0x080063d5   Thumb Code   130  stm32f4xx_adc.o(.text)
    ADC_GetFlagStatus                        0x08006457   Thumb Code    90  stm32f4xx_adc.o(.text)
    ADC_ClearFlag                            0x080064b1   Thumb Code    62  stm32f4xx_adc.o(.text)
    ADC_GetITStatus                          0x080064ef   Thumb Code   122  stm32f4xx_adc.o(.text)
    ADC_ClearITPendingBit                    0x08006569   Thumb Code    88  stm32f4xx_adc.o(.text)
    DMA_DeInit                               0x080065d1   Thumb Code   462  stm32f4xx_dma.o(.text)
    DMA_Init                                 0x0800679f   Thumb Code   684  stm32f4xx_dma.o(.text)
    DMA_StructInit                           0x08006a4b   Thumb Code    34  stm32f4xx_dma.o(.text)
    DMA_Cmd                                  0x08006a6d   Thumb Code   182  stm32f4xx_dma.o(.text)
    DMA_PeriphIncOffsetSizeConfig            0x08006b23   Thumb Code   184  stm32f4xx_dma.o(.text)
    DMA_FlowControllerConfig                 0x08006bdb   Thumb Code   182  stm32f4xx_dma.o(.text)
    DMA_SetCurrDataCounter                   0x08006c91   Thumb Code   146  stm32f4xx_dma.o(.text)
    DMA_GetCurrDataCounter                   0x08006d23   Thumb Code   146  stm32f4xx_dma.o(.text)
    DMA_DoubleBufferModeConfig               0x08006db5   Thumb Code   204  stm32f4xx_dma.o(.text)
    DMA_DoubleBufferModeCmd                  0x08006e81   Thumb Code   182  stm32f4xx_dma.o(.text)
    DMA_MemoryTargetConfig                   0x08006f37   Thumb Code   174  stm32f4xx_dma.o(.text)
    DMA_GetCurrentMemoryTarget               0x08006fe5   Thumb Code   160  stm32f4xx_dma.o(.text)
    DMA_GetCmdStatus                         0x08007085   Thumb Code   160  stm32f4xx_dma.o(.text)
    DMA_GetFIFOStatus                        0x08007125   Thumb Code   152  stm32f4xx_dma.o(.text)
    DMA_GetFlagStatus                        0x080071bd   Thumb Code   486  stm32f4xx_dma.o(.text)
    DMA_ClearFlag                            0x080073a3   Thumb Code   216  stm32f4xx_dma.o(.text)
    DMA_ITConfig                             0x0800747b   Thumb Code   238  stm32f4xx_dma.o(.text)
    DMA_GetITStatus                          0x08007569   Thumb Code   590  stm32f4xx_dma.o(.text)
    DMA_ClearITPendingBit                    0x080077b7   Thumb Code   216  stm32f4xx_dma.o(.text)
    EXTI_DeInit                              0x08007939   Thumb Code    28  stm32f4xx_exti.o(.text)
    EXTI_Init                                0x08007955   Thumb Code   236  stm32f4xx_exti.o(.text)
    EXTI_StructInit                          0x08007a41   Thumb Code    16  stm32f4xx_exti.o(.text)
    EXTI_GenerateSWInterrupt                 0x08007a51   Thumb Code    38  stm32f4xx_exti.o(.text)
    EXTI_GetFlagStatus                       0x08007a77   Thumb Code   158  stm32f4xx_exti.o(.text)
    EXTI_ClearFlag                           0x08007b15   Thumb Code    30  stm32f4xx_exti.o(.text)
    EXTI_GetITStatus                         0x08007b33   Thumb Code   172  stm32f4xx_exti.o(.text)
    EXTI_ClearITPendingBit                   0x08007bdf   Thumb Code    32  stm32f4xx_exti.o(.text)
    GPIO_DeInit                              0x08007c0d   Thumb Code   284  stm32f4xx_gpio.o(.text)
    GPIO_Init                                0x08007d29   Thumb Code   342  stm32f4xx_gpio.o(.text)
    GPIO_StructInit                          0x08007e7f   Thumb Code    18  stm32f4xx_gpio.o(.text)
    GPIO_PinLockConfig                       0x08007e91   Thumb Code   122  stm32f4xx_gpio.o(.text)
    GPIO_ReadInputDataBit                    0x08007f0b   Thumb Code   182  stm32f4xx_gpio.o(.text)
    GPIO_ReadInputData                       0x08007fc1   Thumb Code   116  stm32f4xx_gpio.o(.text)
    GPIO_ReadOutputDataBit                   0x08008035   Thumb Code   182  stm32f4xx_gpio.o(.text)
    GPIO_ReadOutputData                      0x080080eb   Thumb Code    76  stm32f4xx_gpio.o(.text)
    GPIO_SetBits                             0x08008137   Thumb Code    94  stm32f4xx_gpio.o(.text)
    GPIO_ResetBits                           0x08008195   Thumb Code    94  stm32f4xx_gpio.o(.text)
    GPIO_WriteBit                            0x080081f3   Thumb Code   194  stm32f4xx_gpio.o(.text)
    GPIO_Write                               0x080082b5   Thumb Code    76  stm32f4xx_gpio.o(.text)
    GPIO_ToggleBits                          0x08008301   Thumb Code    80  stm32f4xx_gpio.o(.text)
    GPIO_PinAFConfig                         0x08008351   Thumb Code   382  stm32f4xx_gpio.o(.text)
    RCC_DeInit                               0x080084d5   Thumb Code    60  stm32f4xx_rcc.o(.text)
    RCC_HSEConfig                            0x08008511   Thumb Code    38  stm32f4xx_rcc.o(.text)
    RCC_GetFlagStatus                        0x08008537   Thumb Code   130  stm32f4xx_rcc.o(.text)
    RCC_WaitForHSEStartUp                    0x080085b9   Thumb Code    56  stm32f4xx_rcc.o(.text)
    RCC_AdjustHSICalibrationValue            0x080085f1   Thumb Code    38  stm32f4xx_rcc.o(.text)
    RCC_HSICmd                               0x08008617   Thumb Code    28  stm32f4xx_rcc.o(.text)
    RCC_LSEConfig                            0x08008633   Thumb Code    72  stm32f4xx_rcc.o(.text)
    RCC_LSICmd                               0x0800867b   Thumb Code    28  stm32f4xx_rcc.o(.text)
    RCC_PLLConfig                            0x08008697   Thumb Code   156  stm32f4xx_rcc.o(.text)
    RCC_PLLCmd                               0x08008733   Thumb Code    28  stm32f4xx_rcc.o(.text)
    RCC_PLLI2SConfig                         0x0800874f   Thumb Code    62  stm32f4xx_rcc.o(.text)
    RCC_PLLI2SCmd                            0x0800878d   Thumb Code    28  stm32f4xx_rcc.o(.text)
    RCC_ClockSecuritySystemCmd               0x080087a9   Thumb Code    28  stm32f4xx_rcc.o(.text)
    RCC_MCO1Config                           0x080087c5   Thumb Code   102  stm32f4xx_rcc.o(.text)
    RCC_MCO2Config                           0x0800882b   Thumb Code   102  stm32f4xx_rcc.o(.text)
    RCC_SYSCLKConfig                         0x08008891   Thumb Code    68  stm32f4xx_rcc.o(.text)
    RCC_GetSYSCLKSource                      0x080088d5   Thumb Code    10  stm32f4xx_rcc.o(.text)
    RCC_HCLKConfig                           0x080088df   Thumb Code    66  stm32f4xx_rcc.o(.text)
    RCC_PCLK1Config                          0x08008921   Thumb Code    58  stm32f4xx_rcc.o(.text)
    RCC_PCLK2Config                          0x0800895b   Thumb Code    60  stm32f4xx_rcc.o(.text)
    RCC_GetClocksFreq                        0x08008997   Thumb Code   214  stm32f4xx_rcc.o(.text)
    RCC_RTCCLKConfig                         0x08008a6d   Thumb Code   260  stm32f4xx_rcc.o(.text)
    RCC_RTCCLKCmd                            0x08008b71   Thumb Code    28  stm32f4xx_rcc.o(.text)
    RCC_BackupResetCmd                       0x08008b8d   Thumb Code    30  stm32f4xx_rcc.o(.text)
    RCC_I2SCLKConfig                         0x08008bab   Thumb Code    28  stm32f4xx_rcc.o(.text)
    RCC_AHB1PeriphClockCmd                   0x08008bc7   Thumb Code    78  stm32f4xx_rcc.o(.text)
    RCC_AHB2PeriphClockCmd                   0x08008c15   Thumb Code    78  stm32f4xx_rcc.o(.text)
    RCC_AHB3PeriphClockCmd                   0x08008c63   Thumb Code   234  stm32f4xx_rcc.o(.text)
    RCC_APB1PeriphClockCmd                   0x08008d4d   Thumb Code    70  stm32f4xx_rcc.o(.text)
    RCC_APB2PeriphClockCmd                   0x08008d93   Thumb Code    78  stm32f4xx_rcc.o(.text)
    RCC_AHB1PeriphResetCmd                   0x08008de1   Thumb Code    78  stm32f4xx_rcc.o(.text)
    RCC_AHB2PeriphResetCmd                   0x08008e2f   Thumb Code    78  stm32f4xx_rcc.o(.text)
    RCC_AHB3PeriphResetCmd                   0x08008e7d   Thumb Code    78  stm32f4xx_rcc.o(.text)
    RCC_APB1PeriphResetCmd                   0x08008ecb   Thumb Code    78  stm32f4xx_rcc.o(.text)
    RCC_APB2PeriphResetCmd                   0x08008f19   Thumb Code    78  stm32f4xx_rcc.o(.text)
    RCC_AHB1PeriphClockLPModeCmd             0x08008f67   Thumb Code    78  stm32f4xx_rcc.o(.text)
    RCC_AHB2PeriphClockLPModeCmd             0x08008fb5   Thumb Code    78  stm32f4xx_rcc.o(.text)
    RCC_AHB3PeriphClockLPModeCmd             0x08009003   Thumb Code    78  stm32f4xx_rcc.o(.text)
    RCC_APB1PeriphClockLPModeCmd             0x08009051   Thumb Code    78  stm32f4xx_rcc.o(.text)
    RCC_APB2PeriphClockLPModeCmd             0x0800909f   Thumb Code    78  stm32f4xx_rcc.o(.text)
    RCC_ITConfig                             0x080090ed   Thumb Code   108  stm32f4xx_rcc.o(.text)
    RCC_ClearFlag                            0x08009159   Thumb Code    14  stm32f4xx_rcc.o(.text)
    RCC_GetITStatus                          0x08009167   Thumb Code    66  stm32f4xx_rcc.o(.text)
    RCC_ClearITPendingBit                    0x080091a9   Thumb Code    32  stm32f4xx_rcc.o(.text)
    TIM_DeInit                               0x080091d1   Thumb Code   440  stm32f4xx_tim.o(.text)
    TIM_TimeBaseInit                         0x08009389   Thumb Code   278  stm32f4xx_tim.o(.text)
    TIM_TimeBaseStructInit                   0x0800949f   Thumb Code    18  stm32f4xx_tim.o(.text)
    TIM_PrescalerConfig                      0x080094b1   Thumb Code   128  stm32f4xx_tim.o(.text)
    TIM_CounterModeConfig                    0x08009531   Thumb Code   100  stm32f4xx_tim.o(.text)
    TIM_SetCounter                           0x08009595   Thumb Code   164  stm32f4xx_tim.o(.text)
    TIM_SetAutoreload                        0x08009639   Thumb Code   106  stm32f4xx_tim.o(.text)
    TIM_GetCounter                           0x080096a3   Thumb Code   104  stm32f4xx_tim.o(.text)
    TIM_GetPrescaler                         0x0800970b   Thumb Code   104  stm32f4xx_tim.o(.text)
    TIM_UpdateDisableConfig                  0x08009773   Thumb Code   144  stm32f4xx_tim.o(.text)
    TIM_UpdateRequestConfig                  0x08009803   Thumb Code   144  stm32f4xx_tim.o(.text)
    TIM_ARRPreloadConfig                     0x08009893   Thumb Code   144  stm32f4xx_tim.o(.text)
    TIM_SelectOnePulseMode                   0x08009923   Thumb Code   138  stm32f4xx_tim.o(.text)
    TIM_SetClockDivision                     0x080099ad   Thumb Code   190  stm32f4xx_tim.o(.text)
    TIM_Cmd                                  0x08009a6b   Thumb Code   144  stm32f4xx_tim.o(.text)
    TIM_OC1Init                              0x08009afb   Thumb Code   400  stm32f4xx_tim.o(.text)
    TIM_OC2Init                              0x08009c8b   Thumb Code   474  stm32f4xx_tim.o(.text)
    TIM_OC3Init                              0x08009e65   Thumb Code   400  stm32f4xx_tim.o(.text)
    TIM_OC4Init                              0x08009ff5   Thumb Code   290  stm32f4xx_tim.o(.text)
    TIM_OCStructInit                         0x0800a117   Thumb Code    20  stm32f4xx_tim.o(.text)
    TIM_SelectOCxM                           0x0800a12b   Thumb Code   250  stm32f4xx_tim.o(.text)
    TIM_SetCompare1                          0x0800a225   Thumb Code   144  stm32f4xx_tim.o(.text)
    TIM_SetCompare2                          0x0800a2b5   Thumb Code    70  stm32f4xx_tim.o(.text)
    TIM_SetCompare3                          0x0800a2fb   Thumb Code    58  stm32f4xx_tim.o(.text)
    TIM_SetCompare4                          0x0800a335   Thumb Code    58  stm32f4xx_tim.o(.text)
    TIM_ForcedOC1Config                      0x0800a36f   Thumb Code   126  stm32f4xx_tim.o(.text)
    TIM_ForcedOC2Config                      0x0800a3ed   Thumb Code   110  stm32f4xx_tim.o(.text)
    TIM_ForcedOC3Config                      0x0800a45b   Thumb Code    90  stm32f4xx_tim.o(.text)
    TIM_ForcedOC4Config                      0x0800a4b5   Thumb Code    98  stm32f4xx_tim.o(.text)
    TIM_OC1PreloadConfig                     0x0800a517   Thumb Code   124  stm32f4xx_tim.o(.text)
    TIM_OC2PreloadConfig                     0x0800a593   Thumb Code   108  stm32f4xx_tim.o(.text)
    TIM_OC3PreloadConfig                     0x0800a5ff   Thumb Code    88  stm32f4xx_tim.o(.text)
    TIM_OC4PreloadConfig                     0x0800a657   Thumb Code   146  stm32f4xx_tim.o(.text)
    TIM_OC1FastConfig                        0x0800a6e9   Thumb Code   124  stm32f4xx_tim.o(.text)
    TIM_OC2FastConfig                        0x0800a765   Thumb Code   108  stm32f4xx_tim.o(.text)
    TIM_OC3FastConfig                        0x0800a7d1   Thumb Code    88  stm32f4xx_tim.o(.text)
    TIM_OC4FastConfig                        0x0800a829   Thumb Code    96  stm32f4xx_tim.o(.text)
    TIM_ClearOC1Ref                          0x0800a889   Thumb Code   124  stm32f4xx_tim.o(.text)
    TIM_ClearOC2Ref                          0x0800a905   Thumb Code   106  stm32f4xx_tim.o(.text)
    TIM_ClearOC3Ref                          0x0800a96f   Thumb Code    88  stm32f4xx_tim.o(.text)
    TIM_ClearOC4Ref                          0x0800a9c7   Thumb Code    94  stm32f4xx_tim.o(.text)
    TIM_OC1PolarityConfig                    0x0800aa25   Thumb Code   124  stm32f4xx_tim.o(.text)
    TIM_OC1NPolarityConfig                   0x0800aaa1   Thumb Code   114  stm32f4xx_tim.o(.text)
    TIM_OC2PolarityConfig                    0x0800ab13   Thumb Code   108  stm32f4xx_tim.o(.text)
    TIM_OC2NPolarityConfig                   0x0800ab7f   Thumb Code    72  stm32f4xx_tim.o(.text)
    TIM_OC3PolarityConfig                    0x0800abc7   Thumb Code    96  stm32f4xx_tim.o(.text)
    TIM_OC3NPolarityConfig                   0x0800ac27   Thumb Code    72  stm32f4xx_tim.o(.text)
    TIM_OC4PolarityConfig                    0x0800ac6f   Thumb Code    96  stm32f4xx_tim.o(.text)
    TIM_CCxCmd                               0x0800accf   Thumb Code   168  stm32f4xx_tim.o(.text)
    TIM_CCxNCmd                              0x0800ad77   Thumb Code   104  stm32f4xx_tim.o(.text)
    TIM_SetIC4Prescaler                      0x0800addf   Thumb Code   106  stm32f4xx_tim.o(.text)
    TIM_SetIC3Prescaler                      0x0800ae99   Thumb Code   148  stm32f4xx_tim.o(.text)
    TIM_SetIC2Prescaler                      0x0800af75   Thumb Code   118  stm32f4xx_tim.o(.text)
    TIM_SetIC1Prescaler                      0x0800b03b   Thumb Code   134  stm32f4xx_tim.o(.text)
    TIM_ICInit                               0x0800b0fb   Thumb Code   460  stm32f4xx_tim.o(.text)
    TIM_ICStructInit                         0x0800b2c7   Thumb Code    18  stm32f4xx_tim.o(.text)
    TIM_PWMIConfig                           0x0800b2d9   Thumb Code   234  stm32f4xx_tim.o(.text)
    TIM_GetCapture1                          0x0800b3c3   Thumb Code    92  stm32f4xx_tim.o(.text)
    TIM_GetCapture2                          0x0800b41f   Thumb Code    68  stm32f4xx_tim.o(.text)
    TIM_GetCapture3                          0x0800b463   Thumb Code    56  stm32f4xx_tim.o(.text)
    TIM_GetCapture4                          0x0800b49b   Thumb Code    56  stm32f4xx_tim.o(.text)
    TIM_BDTRConfig                           0x0800b4d3   Thumb Code   222  stm32f4xx_tim.o(.text)
    TIM_BDTRStructInit                       0x0800b5b1   Thumb Code    18  stm32f4xx_tim.o(.text)
    TIM_CtrlPWMOutputs                       0x0800b5c3   Thumb Code    78  stm32f4xx_tim.o(.text)
    TIM_SelectCOM                            0x0800b611   Thumb Code    72  stm32f4xx_tim.o(.text)
    TIM_CCPreloadControl                     0x0800b659   Thumb Code    72  stm32f4xx_tim.o(.text)
    TIM_ITConfig                             0x0800b6a1   Thumb Code   216  stm32f4xx_tim.o(.text)
    TIM_GenerateEvent                        0x0800b779   Thumb Code   126  stm32f4xx_tim.o(.text)
    TIM_GetFlagStatus                        0x0800b7f7   Thumb Code   188  stm32f4xx_tim.o(.text)
    TIM_ClearFlag                            0x0800b8b3   Thumb Code   108  stm32f4xx_tim.o(.text)
    TIM_GetITStatus                          0x0800b91f   Thumb Code   186  stm32f4xx_tim.o(.text)
    TIM_ClearITPendingBit                    0x0800b9d9   Thumb Code   108  stm32f4xx_tim.o(.text)
    TIM_DMAConfig                            0x0800ba45   Thumb Code   328  stm32f4xx_tim.o(.text)
    TIM_DMACmd                               0x0800bb8d   Thumb Code   126  stm32f4xx_tim.o(.text)
    TIM_SelectCCDMA                          0x0800bc0b   Thumb Code    96  stm32f4xx_tim.o(.text)
    TIM_InternalClockConfig                  0x0800bc6b   Thumb Code    76  stm32f4xx_tim.o(.text)
    TIM_SelectInputTrigger                   0x0800bcb7   Thumb Code   148  stm32f4xx_tim.o(.text)
    TIM_ITRxExternalClockConfig              0x0800bd4b   Thumb Code   110  stm32f4xx_tim.o(.text)
    TIM_TIxExternalClockConfig               0x0800bdb9   Thumb Code   184  stm32f4xx_tim.o(.text)
    TIM_ETRConfig                            0x0800be71   Thumb Code   164  stm32f4xx_tim.o(.text)
    TIM_ETRClockMode1Config                  0x0800bf15   Thumb Code   228  stm32f4xx_tim.o(.text)
    TIM_ETRClockMode2Config                  0x0800bff9   Thumb Code   152  stm32f4xx_tim.o(.text)
    TIM_SelectOutputTrigger                  0x0800c091   Thumb Code   126  stm32f4xx_tim.o(.text)
    TIM_SelectSlaveMode                      0x0800c10f   Thumb Code   112  stm32f4xx_tim.o(.text)
    TIM_SelectMasterSlaveMode                0x0800c17f   Thumb Code   102  stm32f4xx_tim.o(.text)
    TIM_EncoderInterfaceConfig               0x0800c1e5   Thumb Code   226  stm32f4xx_tim.o(.text)
    TIM_SelectHallSensor                     0x0800c2c7   Thumb Code   108  stm32f4xx_tim.o(.text)
    TIM_RemapConfig                          0x0800c333   Thumb Code   138  stm32f4xx_tim.o(.text)
    USART_DeInit                             0x0800c3bd   Thumb Code   202  stm32f4xx_usart.o(.text)
    USART_Init                               0x0800c487   Thumb Code   456  stm32f4xx_usart.o(.text)
    USART_StructInit                         0x0800c64f   Thumb Code    24  stm32f4xx_usart.o(.text)
    USART_ClockInit                          0x0800c667   Thumb Code   166  stm32f4xx_usart.o(.text)
    USART_ClockStructInit                    0x0800c70d   Thumb Code    12  stm32f4xx_usart.o(.text)
    USART_Cmd                                0x0800c719   Thumb Code    96  stm32f4xx_usart.o(.text)
    USART_SetPrescaler                       0x0800c779   Thumb Code   102  stm32f4xx_usart.o(.text)
    USART_OverSampling8Cmd                   0x0800c7df   Thumb Code    94  stm32f4xx_usart.o(.text)
    USART_OneBitMethodCmd                    0x0800c83d   Thumb Code    96  stm32f4xx_usart.o(.text)
    USART_SendData                           0x0800c89d   Thumb Code    80  stm32f4xx_usart.o(.text)
    USART_ReceiveData                        0x0800c8ed   Thumb Code    60  stm32f4xx_usart.o(.text)
    USART_SetAddress                         0x0800c929   Thumb Code    88  stm32f4xx_usart.o(.text)
    USART_ReceiverWakeUpCmd                  0x0800c981   Thumb Code    96  stm32f4xx_usart.o(.text)
    USART_WakeUpConfig                       0x0800c9e1   Thumb Code    92  stm32f4xx_usart.o(.text)
    USART_LINBreakDetectLengthConfig         0x0800ca3d   Thumb Code    90  stm32f4xx_usart.o(.text)
    USART_LINCmd                             0x0800ca97   Thumb Code    96  stm32f4xx_usart.o(.text)
    USART_SendBreak                          0x0800caf7   Thumb Code    62  stm32f4xx_usart.o(.text)
    USART_HalfDuplexCmd                      0x0800cb35   Thumb Code    96  stm32f4xx_usart.o(.text)
    USART_SetGuardTime                       0x0800cb95   Thumb Code    86  stm32f4xx_usart.o(.text)
    USART_SmartCardCmd                       0x0800cbeb   Thumb Code    84  stm32f4xx_usart.o(.text)
    USART_SmartCardNACKCmd                   0x0800cc3f   Thumb Code    84  stm32f4xx_usart.o(.text)
    USART_IrDAConfig                         0x0800cc93   Thumb Code    90  stm32f4xx_usart.o(.text)
    USART_IrDACmd                            0x0800cced   Thumb Code    96  stm32f4xx_usart.o(.text)
    USART_DMACmd                             0x0800cd4d   Thumb Code   114  stm32f4xx_usart.o(.text)
    USART_ITConfig                           0x0800cdbf   Thumb Code   260  stm32f4xx_usart.o(.text)
    USART_GetFlagStatus                      0x0800cec3   Thumb Code   170  stm32f4xx_usart.o(.text)
    USART_ClearFlag                          0x0800cf6d   Thumb Code   158  stm32f4xx_usart.o(.text)
    USART_GetITStatus                        0x0800d00b   Thumb Code   278  stm32f4xx_usart.o(.text)
    USART_ClearITPendingBit                  0x0800d121   Thumb Code   164  stm32f4xx_usart.o(.text)
    __aeabi_dadd                             0x0800d1e1   Thumb Code   322  dadd.o(.text)
    __aeabi_dsub                             0x0800d323   Thumb Code     6  dadd.o(.text)
    __aeabi_drsub                            0x0800d329   Thumb Code     6  dadd.o(.text)
    __aeabi_dmul                             0x0800d32f   Thumb Code   228  dmul.o(.text)
    __aeabi_ddiv                             0x0800d413   Thumb Code   222  ddiv.o(.text)
    __aeabi_i2d                              0x0800d4f1   Thumb Code    34  dflti.o(.text)
    __aeabi_d2iz                             0x0800d513   Thumb Code    62  dfixi.o(.text)
    __aeabi_cdcmpeq                          0x0800d551   Thumb Code     0  cdcmple.o(.text)
    __aeabi_cdcmple                          0x0800d551   Thumb Code    48  cdcmple.o(.text)
    __aeabi_cdrcmple                         0x0800d581   Thumb Code    48  cdrcmple.o(.text)
    __aeabi_d2f                              0x0800d5b1   Thumb Code    56  d2f.o(.text)
    __aeabi_llsl                             0x0800d5e9   Thumb Code    30  llshl.o(.text)
    _ll_shift_l                              0x0800d5e9   Thumb Code     0  llshl.o(.text)
    __aeabi_llsr                             0x0800d607   Thumb Code    32  llushr.o(.text)
    _ll_ushift_r                             0x0800d607   Thumb Code     0  llushr.o(.text)
    __aeabi_lasr                             0x0800d627   Thumb Code    36  llsshr.o(.text)
    _ll_sshift_r                             0x0800d627   Thumb Code     0  llsshr.o(.text)
    __I$use$fp                               0x0800d64b   Thumb Code     0  iusefp.o(.text)
    _float_round                             0x0800d64b   Thumb Code    18  fepilogue.o(.text)
    _float_epilogue                          0x0800d65d   Thumb Code    92  fepilogue.o(.text)
    _double_round                            0x0800d6b9   Thumb Code    30  depilogue.o(.text)
    _double_epilogue                         0x0800d6d7   Thumb Code   156  depilogue.o(.text)
    __scatterload                            0x0800d775   Thumb Code    28  init.o(.text)
    __scatterload_rt2                        0x0800d775   Thumb Code     0  init.o(.text)
    __decompress                             0x0800d799   Thumb Code     0  __dczerorl2.o(.text)
    __decompress1                            0x0800d799   Thumb Code    86  __dczerorl2.o(.text)
    __scatterload_copy                       0x0800d7ef   Thumb Code    14  handlers.o(i.__scatterload_copy)
    __scatterload_null                       0x0800d7fd   Thumb Code     2  handlers.o(i.__scatterload_null)
    __scatterload_zeroinit                   0x0800d7ff   Thumb Code    14  handlers.o(i.__scatterload_zeroinit)
    F6x8                                     0x0800d80c   Data         552  oled.o(.constdata)
    F8X16                                    0x0800da34   Data        1520  oled.o(.constdata)
    fast_atan_table                          0x0800e024   Data        1028  ano_math.o(.constdata)
    Region$$Table$$Base                      0x0800e6bc   Number         0  anon$$obj.o(Region$$Table)
    Region$$Table$$Limit                     0x0800e6dc   Number         0  anon$$obj.o(Region$$Table)
    fc_bat                                   0x2000005c   Data           4  ano_lx.o(.data)
    fc_att                                   0x20000060   Data           7  ano_lx.o(.data)
    fc_vel                                   0x20000067   Data           6  ano_lx.o(.data)
    fc_dis                                   0x2000006d   Data           8  ano_lx.o(.data)
    sti_fun                                  0x20000082   Data           2  lx_fc_state.o(.data)
    rol                                      0x20000088   Data           8  get_data.o(.data)
    pit                                      0x20000090   Data           8  get_data.o(.data)
    yaw                                      0x20000098   Data           8  get_data.o(.data)
    yaw_part                                 0x200000a0   Data           8  get_data.o(.data)
    yaw_last                                 0x200000a8   Data           8  get_data.o(.data)
    yaw_round                                0x200000b0   Data           8  get_data.o(.data)
    vel_x                                    0x200000b8   Data           2  get_data.o(.data)
    vel_y                                    0x200000ba   Data           2  get_data.o(.data)
    hight                                    0x200000bc   Data           4  get_data.o(.data)
    dis_x                                    0x200000c0   Data           4  get_data.o(.data)
    dis_y                                    0x200000c4   Data           4  get_data.o(.data)
    dis_x___                                 0x200000c8   Data           4  get_data.o(.data)
    dis_y___                                 0x200000cc   Data           4  get_data.o(.data)
    my_code_control_flag                     0x200000d0   Data           4  control.o(.data)
    my_give_vel_x                            0x200000d4   Data           4  control.o(.data)
    my_give_vel_y                            0x200000d8   Data           4  control.o(.data)
    my_give_vel_z                            0x200000dc   Data           4  control.o(.data)
    my_give_vel_yaw                          0x200000e0   Data           4  control.o(.data)
    Task_time_dly_cnt_ms                     0x200000e4   Data           4  control.o(.data)
    time_cnt_ms                              0x200000e8   Data           4  control.o(.data)
    mission_step                             0x200000ec   Data           4  control.o(.data)
    test_data_1                              0x200000f0   Data           2  my_uart.o(.data)
    test_data_2                              0x200000f2   Data           2  my_uart.o(.data)
    OpenMV_data_0                            0x200000f4   Data           2  my_uart.o(.data)
    OpenMV_data_1                            0x200000f6   Data           2  my_uart.o(.data)
    OpenMV_data_2                            0x200000f8   Data           2  my_uart.o(.data)
    my_mode                                  0x20000110   Data           4  mode.o(.data)
    hight_target                             0x20000114   Data           4  mode.o(.data)
    dis_x_target                             0x20000118   Data           4  mode.o(.data)
    dis_y_target                             0x2000011c   Data           4  mode.o(.data)
    yaw_target                               0x20000120   Data           4  mode.o(.data)
    hight_now                                0x20000124   Data           4  mode.o(.data)
    dis_x_now                                0x20000128   Data           4  mode.o(.data)
    dis_y_now                                0x2000012c   Data           4  mode.o(.data)
    yaw_now                                  0x20000130   Data           4  mode.o(.data)
    test_flag                                0x20000134   Data           4  mode.o(.data)
    keep_hight_flag                          0x20000138   Data           4  mode.o(.data)
    keep_dis_x_flag                          0x2000013c   Data           4  mode.o(.data)
    keep_dis_y_flag                          0x20000140   Data           4  mode.o(.data)
    keep_yaw_flag                            0x20000144   Data           4  mode.o(.data)
    keep_OpenMV_data_1                       0x20000148   Data           4  mode.o(.data)
    keep_OpenMV_data_2                       0x2000014c   Data           4  mode.o(.data)
    KEY_1                                    0x20000150   Data           1  key.o(.data)
    KEY_2                                    0x20000151   Data           1  key.o(.data)
    KEY_3                                    0x20000152   Data           1  key.o(.data)
    Hzk                                      0x20000158   Data         640  oled.o(.data)
    pvt_receive_updata                       0x200003f6   Data           1  drv_ubloxgps.o(.data)
    fre_test_cnt                             0x200003f8   Data           2  drv_ubloxgps.o(.data)
    Period_Out_H                             0x200003fa   Data          14  drv_ubloxgps.o(.data)
    Period_Out_L                             0x20000408   Data          14  drv_ubloxgps.o(.data)
    Pulse_Period                             0x20000416   Data          28  drv_ubloxgps.o(.data)
    Baud115200                               0x20000432   Data          28  drv_ubloxgps.o(.data)
    Save_Con                                 0x2000044e   Data          21  drv_ubloxgps.o(.data)
    POLLSH_SET                               0x20000463   Data          11  drv_ubloxgps.o(.data)
    SOL_SET                                  0x2000046e   Data          11  drv_ubloxgps.o(.data)
    VELNED_SET                               0x20000479   Data          11  drv_ubloxgps.o(.data)
    TIMEUTC_SET                              0x20000484   Data          11  drv_ubloxgps.o(.data)
    DOP_SET                                  0x2000048f   Data          11  drv_ubloxgps.o(.data)
    PVT_SET                                  0x2000049a   Data          11  drv_ubloxgps.o(.data)
    pvt_recerve_ok_cnt                       0x200004aa   Data           1  drv_ubloxgps.o(.data)
    led                                      0x200004b8   Data           4  drv_led.o(.data)
    Tx1Counter                               0x200004c8   Data           1  drv_uart.o(.data)
    count1                                   0x200004c9   Data           1  drv_uart.o(.data)
    U1RxInCnt                                0x200004ca   Data           1  drv_uart.o(.data)
    U1RxoutCnt                               0x200004cb   Data           1  drv_uart.o(.data)
    TxCounter                                0x200004cc   Data           1  drv_uart.o(.data)
    count                                    0x200004cd   Data           1  drv_uart.o(.data)
    U2RxInCnt                                0x200004ce   Data           1  drv_uart.o(.data)
    U2RxoutCnt                               0x200004cf   Data           1  drv_uart.o(.data)
    Tx3Counter                               0x200004d0   Data           1  drv_uart.o(.data)
    count3                                   0x200004d1   Data           1  drv_uart.o(.data)
    U3RxInCnt                                0x200004d2   Data           1  drv_uart.o(.data)
    U3RxoutCnt                               0x200004d3   Data           1  drv_uart.o(.data)
    Tx4Counter                               0x200004d4   Data           1  drv_uart.o(.data)
    count4                                   0x200004d5   Data           1  drv_uart.o(.data)
    U4RxInCnt                                0x200004d6   Data           1  drv_uart.o(.data)
    U4RxoutCnt                               0x200004d7   Data           1  drv_uart.o(.data)
    Tx5Counter                               0x200004d8   Data           1  drv_uart.o(.data)
    count5                                   0x200004d9   Data           1  drv_uart.o(.data)
    U5RxInCnt                                0x200004da   Data           1  drv_uart.o(.data)
    U5RxoutCnt                               0x200004db   Data           1  drv_uart.o(.data)
    SystemCoreClock                          0x200004dc   Data           4  system_stm32f4xx.o(.data)
    AHBPrescTable                            0x200004e0   Data          16  system_stm32f4xx.o(.data)
    send_buffer                              0x20000500   Data          50  ano_dt_lx.o(.bss)
    dt                                       0x20000534   Data        1564  ano_dt_lx.o(.bss)
    rt_tar                                   0x20000c50   Data          14  ano_lx.o(.bss)
    pwm_to_esc                               0x20000c5e   Data          16  ano_lx.o(.bss)
    fc_att_qua                               0x20000c6e   Data           9  ano_lx.o(.bss)
    fc_hight                                 0x20000c77   Data           9  ano_lx.o(.bss)
    ext_sens                                 0x20000c90   Data          48  lx_fc_ext_sensor.o(.bss)
    fc_sta                                   0x20000cc0   Data          11  lx_fc_state.o(.bss)
    DataSend                                 0x20000ccb   Data          30  niming_upperconputer.o(.bss)
    rc_in                                    0x20000cea   Data          82  drv_bsp.o(.bss)
    ano_of                                   0x20000d58   Data          60  drv_anoof.o(.bss)
    ubx                                      0x20000dd4   Data         100  drv_ubloxgps.o(.bss)
    AdcValue                                 0x20000e38   Data         100  drv_adc.o(.bss)
    Tx1Buffer                                0x20000e9c   Data         256  drv_uart.o(.bss)
    U1RxDataTmp                              0x20000f9c   Data         100  drv_uart.o(.bss)
    TxBuffer                                 0x20001000   Data         256  drv_uart.o(.bss)
    U2RxDataTmp                              0x20001100   Data         100  drv_uart.o(.bss)
    Tx3Buffer                                0x20001164   Data         256  drv_uart.o(.bss)
    U3RxDataTmp                              0x20001264   Data         100  drv_uart.o(.bss)
    Tx4Buffer                                0x200012c8   Data         256  drv_uart.o(.bss)
    U4RxDataTmp                              0x200013c8   Data         100  drv_uart.o(.bss)
    Tx5Buffer                                0x2000142c   Data         256  drv_uart.o(.bss)
    U5RxDataTmp                              0x2000152c   Data         100  drv_uart.o(.bss)
    __initial_sp                             0x20001d90   Data           0  startup_stm32f4xx.o(STACK)



==============================================================================

Memory Map of the image

  Image Entry point : 0x08000189

  Load Region LR_IROM1 (Base: 0x08000000, Size: 0x0000ebdc, Max: 0x00100000, ABSOLUTE, COMPRESSED[0x0000e8b0])

    Execution Region ER_IROM1 (Exec base: 0x08000000, Load base: 0x08000000, Size: 0x0000e6dc, Max: 0x00100000, ABSOLUTE)

    Exec Addr    Load Addr    Size         Type   Attr      Idx    E Section Name        Object

    0x08000000   0x08000000   0x00000188   Data   RO         1132    RESET               startup_stm32f4xx.o
    0x08000188   0x08000188   0x00000000   Code   RO         1331  * .ARM.Collect$$$$00000000  mc_w.l(entry.o)
    0x08000188   0x08000188   0x00000004   Code   RO         1350    .ARM.Collect$$$$00000001  mc_w.l(entry2.o)
    0x0800018c   0x0800018c   0x00000004   Code   RO         1353    .ARM.Collect$$$$00000004  mc_w.l(entry5.o)
    0x08000190   0x08000190   0x00000000   Code   RO         1355    .ARM.Collect$$$$00000008  mc_w.l(entry7b.o)
    0x08000190   0x08000190   0x00000000   Code   RO         1357    .ARM.Collect$$$$0000000A  mc_w.l(entry8b.o)
    0x08000190   0x08000190   0x00000008   Code   RO         1358    .ARM.Collect$$$$0000000B  mc_w.l(entry9a.o)
    0x08000198   0x08000198   0x00000004   Code   RO         1365    .ARM.Collect$$$$0000000E  mc_w.l(entry12b.o)
    0x0800019c   0x0800019c   0x00000000   Code   RO         1360    .ARM.Collect$$$$0000000F  mc_w.l(entry10a.o)
    0x0800019c   0x0800019c   0x00000000   Code   RO         1362    .ARM.Collect$$$$00000011  mc_w.l(entry11a.o)
    0x0800019c   0x0800019c   0x00000004   Code   RO         1351    .ARM.Collect$$$$00002712  mc_w.l(entry2.o)
    0x080001a0   0x080001a0   0x00000014   Code   RO            2    .text               main.o
    0x080001b4   0x080001b4   0x00000158   Code   RO          121    .text               ano_scheduler.o
    0x0800030c   0x0800030c   0x000001d4   Code   RO          265    .text               user_task.o
    0x080004e0   0x080004e0   0x000007d4   Code   RO          392    .text               ano_dt_lx.o
    0x08000cb4   0x08000cb4   0x0000050c   Code   RO          434    .text               ano_lx.o
    0x080011c0   0x080011c0   0x000000e4   Code   RO          484    .text               lx_fc_ext_sensor.o
    0x080012a4   0x080012a4   0x0000029c   Code   RO          515    .text               lx_fc_fun.o
    0x08001540   0x08001540   0x00000284   Code   RO          536    .text               lx_fc_state.o
    0x080017c4   0x080017c4   0x000001c8   Code   RO          559    .text               get_data.o
    0x0800198c   0x0800198c   0x00000168   Code   RO          585    .text               control.o
    0x08001af4   0x08001af4   0x00000248   Code   RO          604    .text               my_uart.o
    0x08001d3c   0x08001d3c   0x00000154   Code   RO          636    .text               niming_upperconputer.o
    0x08001e90   0x08001e90   0x000001d8   Code   RO          657    .text               pid.o
    0x08002068   0x08002068   0x000000c8   Code   RO          672    .text               mode.o
    0x08002130   0x08002130   0x0000011c   Code   RO          691    .text               key.o
    0x0800224c   0x0800224c   0x0000068c   Code   RO          767    .text               oled.o
    0x080028d8   0x080028d8   0x00000088   Code   RO          844    .text               buzzer.o
    0x08002960   0x08002960   0x000004cc   Code   RO          866    .text               drv_bsp.o
    0x08002e2c   0x08002e2c   0x0000087c   Code   RO          892    .text               ano_math.o
    0x080036a8   0x080036a8   0x00000340   Code   RO          914    .text               drv_anoof.o
    0x080039e8   0x080039e8   0x000003a8   Code   RO          937    .text               drv_ubloxgps.o
    0x08003d90   0x08003d90   0x0000007c   Code   RO          963    .text               stm32f4xx_it.o
    0x08003e0c   0x08003e0c   0x00000108   Code   RO          979    .text               drv_sys.o
    0x08003f14   0x08003f14   0x00000194   Code   RO         1004    .text               drv_adc.o
    0x080040a8   0x080040a8   0x0000011c   Code   RO         1026    .text               drv_led.o
    0x080041c4   0x080041c4   0x0000037c   Code   RO         1051    .text               drv_pwmout.o
    0x08004540   0x08004540   0x000001e4   Code   RO         1070    .text               drv_rcin.o
    0x08004724   0x08004724   0x0000008c   Code   RO         1087    .text               drv_timer.o
    0x080047b0   0x080047b0   0x00000a50   Code   RO         1107    .text               drv_uart.o
    0x08005200   0x08005200   0x00000024   Code   RO         1133    .text               startup_stm32f4xx.o
    0x08005224   0x08005224   0x00000210   Code   RO         1138    .text               system_stm32f4xx.o
    0x08005434   0x08005434   0x000001c0   Code   RO         1160    .text               misc.o
    0x080055f4   0x080055f4   0x00000fdc   Code   RO         1177    .text               stm32f4xx_adc.o
    0x080065d0   0x080065d0   0x00001368   Code   RO         1194    .text               stm32f4xx_dma.o
    0x08007938   0x08007938   0x000002d4   Code   RO         1211    .text               stm32f4xx_exti.o
    0x08007c0c   0x08007c0c   0x000008c8   Code   RO         1245    .text               stm32f4xx_gpio.o
    0x080084d4   0x080084d4   0x00000cfc   Code   RO         1262    .text               stm32f4xx_rcc.o
    0x080091d0   0x080091d0   0x000031ec   Code   RO         1298    .text               stm32f4xx_tim.o
    0x0800c3bc   0x0800c3bc   0x00000e24   Code   RO         1315    .text               stm32f4xx_usart.o
    0x0800d1e0   0x0800d1e0   0x0000014e   Code   RO         1334    .text               mf_w.l(dadd.o)
    0x0800d32e   0x0800d32e   0x000000e4   Code   RO         1336    .text               mf_w.l(dmul.o)
    0x0800d412   0x0800d412   0x000000de   Code   RO         1338    .text               mf_w.l(ddiv.o)
    0x0800d4f0   0x0800d4f0   0x00000022   Code   RO         1340    .text               mf_w.l(dflti.o)
    0x0800d512   0x0800d512   0x0000003e   Code   RO         1342    .text               mf_w.l(dfixi.o)
    0x0800d550   0x0800d550   0x00000030   Code   RO         1344    .text               mf_w.l(cdcmple.o)
    0x0800d580   0x0800d580   0x00000030   Code   RO         1346    .text               mf_w.l(cdrcmple.o)
    0x0800d5b0   0x0800d5b0   0x00000038   Code   RO         1348    .text               mf_w.l(d2f.o)
    0x0800d5e8   0x0800d5e8   0x0000001e   Code   RO         1366    .text               mc_w.l(llshl.o)
    0x0800d606   0x0800d606   0x00000020   Code   RO         1368    .text               mc_w.l(llushr.o)
    0x0800d626   0x0800d626   0x00000024   Code   RO         1370    .text               mc_w.l(llsshr.o)
    0x0800d64a   0x0800d64a   0x00000000   Code   RO         1372    .text               mc_w.l(iusefp.o)
    0x0800d64a   0x0800d64a   0x0000006e   Code   RO         1373    .text               mf_w.l(fepilogue.o)
    0x0800d6b8   0x0800d6b8   0x000000ba   Code   RO         1375    .text               mf_w.l(depilogue.o)
    0x0800d772   0x0800d772   0x00000002   PAD
    0x0800d774   0x0800d774   0x00000024   Code   RO         1377    .text               mc_w.l(init.o)
    0x0800d798   0x0800d798   0x00000056   Code   RO         1387    .text               mc_w.l(__dczerorl2.o)
    0x0800d7ee   0x0800d7ee   0x0000000e   Code   RO         1381    i.__scatterload_copy  mc_w.l(handlers.o)
    0x0800d7fc   0x0800d7fc   0x00000002   Code   RO         1382    i.__scatterload_null  mc_w.l(handlers.o)
    0x0800d7fe   0x0800d7fe   0x0000000e   Code   RO         1383    i.__scatterload_zeroinit  mc_w.l(handlers.o)
    0x0800d80c   0x0800d80c   0x00000818   Data   RO          768    .constdata          oled.o
    0x0800e024   0x0800e024   0x00000404   Data   RO          893    .constdata          ano_math.o
    0x0800e428   0x0800e428   0x00000048   Data   RO         1161    .conststring        misc.o
    0x0800e470   0x0800e470   0x00000051   Data   RO         1178    .conststring        stm32f4xx_adc.o
    0x0800e4c1   0x0800e4c1   0x00000003   PAD
    0x0800e4c4   0x0800e4c4   0x00000051   Data   RO         1195    .conststring        stm32f4xx_dma.o
    0x0800e515   0x0800e515   0x00000003   PAD
    0x0800e518   0x0800e518   0x00000052   Data   RO         1212    .conststring        stm32f4xx_exti.o
    0x0800e56a   0x0800e56a   0x00000002   PAD
    0x0800e56c   0x0800e56c   0x00000052   Data   RO         1246    .conststring        stm32f4xx_gpio.o
    0x0800e5be   0x0800e5be   0x00000002   PAD
    0x0800e5c0   0x0800e5c0   0x00000051   Data   RO         1263    .conststring        stm32f4xx_rcc.o
    0x0800e611   0x0800e611   0x00000003   PAD
    0x0800e614   0x0800e614   0x00000051   Data   RO         1299    .conststring        stm32f4xx_tim.o
    0x0800e665   0x0800e665   0x00000003   PAD
    0x0800e668   0x0800e668   0x00000053   Data   RO         1316    .conststring        stm32f4xx_usart.o
    0x0800e6bb   0x0800e6bb   0x00000001   PAD
    0x0800e6bc   0x0800e6bc   0x00000020   Data   RO         1379    Region$$Table       anon$$obj.o


    Execution Region RW_IRAM1 (Exec base: 0x20000000, Load base: 0x0800e6dc, Size: 0x00001d90, Max: 0x00020000, ABSOLUTE, COMPRESSED[0x000001d4])

    Exec Addr    Load Addr    Size         Type   Attr      Idx    E Section Name        Object

    0x20000000   COMPRESSED   0x00000054   Data   RW          122    .data               ano_scheduler.o
    0x20000054   COMPRESSED   0x00000002   Data   RW          266    .data               user_task.o
    0x20000056   COMPRESSED   0x00000006   Data   RW          394    .data               ano_dt_lx.o
    0x2000005c   COMPRESSED   0x00000020   Data   RW          436    .data               ano_lx.o
    0x2000007c   COMPRESSED   0x00000004   Data   RW          486    .data               lx_fc_ext_sensor.o
    0x20000080   COMPRESSED   0x00000001   Data   RW          516    .data               lx_fc_fun.o
    0x20000081   COMPRESSED   0x00000001   PAD
    0x20000082   COMPRESSED   0x00000006   Data   RW          538    .data               lx_fc_state.o
    0x20000088   COMPRESSED   0x00000048   Data   RW          560    .data               get_data.o
    0x200000d0   COMPRESSED   0x00000020   Data   RW          586    .data               control.o
    0x200000f0   COMPRESSED   0x0000001d   Data   RW          605    .data               my_uart.o
    0x2000010d   COMPRESSED   0x00000003   PAD
    0x20000110   COMPRESSED   0x00000040   Data   RW          673    .data               mode.o
    0x20000150   COMPRESSED   0x00000006   Data   RW          692    .data               key.o
    0x20000156   COMPRESSED   0x00000002   PAD
    0x20000158   COMPRESSED   0x00000288   Data   RW          769    .data               oled.o
    0x200003e0   COMPRESSED   0x00000013   Data   RW          868    .data               drv_bsp.o
    0x200003f3   COMPRESSED   0x00000003   Data   RW          916    .data               drv_anoof.o
    0x200003f6   COMPRESSED   0x000000b6   Data   RW          939    .data               drv_ubloxgps.o
    0x200004ac   COMPRESSED   0x00000004   PAD
    0x200004b0   COMPRESSED   0x00000008   Data   RW          980    .data               drv_sys.o
    0x200004b8   COMPRESSED   0x0000000c   Data   RW         1027    .data               drv_led.o
    0x200004c4   COMPRESSED   0x00000004   Data   RW         1071    .data               drv_rcin.o
    0x200004c8   COMPRESSED   0x00000014   Data   RW         1109    .data               drv_uart.o
    0x200004dc   COMPRESSED   0x00000014   Data   RW         1139    .data               system_stm32f4xx.o
    0x200004f0   COMPRESSED   0x00000010   Data   RW         1264    .data               stm32f4xx_rcc.o
    0x20000500        -       0x00000750   Zero   RW          393    .bss                ano_dt_lx.o
    0x20000c50        -       0x00000040   Zero   RW          435    .bss                ano_lx.o
    0x20000c90        -       0x00000030   Zero   RW          485    .bss                lx_fc_ext_sensor.o
    0x20000cc0        -       0x0000000b   Zero   RW          537    .bss                lx_fc_state.o
    0x20000ccb        -       0x0000001e   Zero   RW          637    .bss                niming_upperconputer.o
    0x20000ce9   COMPRESSED   0x00000001   PAD
    0x20000cea        -       0x0000006b   Zero   RW          867    .bss                drv_bsp.o
    0x20000d55   COMPRESSED   0x00000003   PAD
    0x20000d58        -       0x0000007c   Zero   RW          915    .bss                drv_anoof.o
    0x20000dd4        -       0x00000064   Zero   RW          938    .bss                drv_ubloxgps.o
    0x20000e38        -       0x00000064   Zero   RW         1005    .bss                drv_adc.o
    0x20000e9c        -       0x000006f4   Zero   RW         1108    .bss                drv_uart.o
    0x20001590        -       0x00000800   Zero   RW         1130    STACK               startup_stm32f4xx.o


==============================================================================

Image component sizes


      Code (inc. data)   RO Data    RW Data    ZI Data      Debug   Object Name

      2004         98          0          6       1872       6326   ano_dt_lx.o
      1292        112          0         32         64       3850   ano_lx.o
      2172        142       1028          0          0       7758   ano_math.o
       344         46          0         84          0     248148   ano_scheduler.o
       136          6          0          0          0        824   buzzer.o
       360         28          0         32          0       1995   control.o
       404         36          0          0        100       1885   drv_adc.o
       832         36          0          3        124       3086   drv_anoof.o
      1228         58          0         19        107       3570   drv_bsp.o
       284         12          0         12          0       2482   drv_led.o
       892         38          0          0          0       1823   drv_pwmout.o
       484         20          0          4          0       1448   drv_rcin.o
       264         12          0          8          0      20329   drv_sys.o
       140          4          0          0          0        915   drv_timer.o
      2640        170          0         20       1780       9019   drv_uart.o
       936         82          0        182        100       5187   drv_ubloxgps.o
       456        102          0         72          0       1165   get_data.o
       284         16          0          6          0     223960   key.o
       228         30          0          4         48       2619   lx_fc_ext_sensor.o
       668         12          0          1          0       2732   lx_fc_fun.o
       644         30          0          6         11       2035   lx_fc_state.o
        20          0          0          0          0       5517   main.o
       448         30         72          0          0       2285   misc.o
       200         30          0         64          0       1534   mode.o
       584         78          0         29          0       1850   my_uart.o
       340          4          0          0         30       1635   niming_upperconputer.o
      1676         54       2072        648          0     229569   oled.o
       472         86          0          0          0       1942   pid.o
        36          8        392          0       2048        956   startup_stm32f4xx.o
      4060        104         81          0          0      13602   stm32f4xx_adc.o
      4968        316         81          0          0       9213   stm32f4xx_dma.o
       724         14         82          0          0       2963   stm32f4xx_exti.o
      2248         86         82          0          0       5665   stm32f4xx_gpio.o
       124          4          0          0          0       2326   stm32f4xx_it.o
      3324        218         81         16          0      13807   stm32f4xx_rcc.o
     12780        628         81          0          0      31456   stm32f4xx_tim.o
      3620        116         83          0          0      10336   stm32f4xx_usart.o
       528         46          0         20          0       2203   system_stm32f4xx.o
       468         70          0          2          0     292789   user_task.o

    ----------------------------------------------------------------------
     53312       2982       4184       1280       6288    1180804   Object Totals
         0          0         32          0          0          0   (incl. Generated)
         0          0         17         10          4          0   (incl. Padding)

    ----------------------------------------------------------------------

      Code (inc. data)   RO Data    RW Data    ZI Data      Debug   Library Member Name

        86          0          0          0          0          0   __dczerorl2.o
         0          0          0          0          0          0   entry.o
         0          0          0          0          0          0   entry10a.o
         0          0          0          0          0          0   entry11a.o
         4          0          0          0          0          0   entry12b.o
         8          4          0          0          0          0   entry2.o
         4          0          0          0          0          0   entry5.o
         0          0          0          0          0          0   entry7b.o
         0          0          0          0          0          0   entry8b.o
         8          4          0          0          0          0   entry9a.o
        30          0          0          0          0          0   handlers.o
        36          8          0          0          0         68   init.o
         0          0          0          0          0          0   iusefp.o
        30          0          0          0          0         68   llshl.o
        36          0          0          0          0         68   llsshr.o
        32          0          0          0          0         68   llushr.o
        48          0          0          0          0         68   cdcmple.o
        48          0          0          0          0         68   cdrcmple.o
        56          0          0          0          0         88   d2f.o
       334          0          0          0          0        148   dadd.o
       222          0          0          0          0        100   ddiv.o
       186          0          0          0          0        176   depilogue.o
        62          0          0          0          0         80   dfixi.o
        34          0          0          0          0         76   dflti.o
       228          0          0          0          0         96   dmul.o
       110          0          0          0          0        168   fepilogue.o

    ----------------------------------------------------------------------
      1604         16          0          0          0       1340   Library Totals
         2          0          0          0          0          0   (incl. Padding)

    ----------------------------------------------------------------------

      Code (inc. data)   RO Data    RW Data    ZI Data      Debug   Library Name

       274         16          0          0          0        272   mc_w.l
      1328          0          0          0          0       1068   mf_w.l

    ----------------------------------------------------------------------
      1604         16          0          0          0       1340   Library Totals

    ----------------------------------------------------------------------

==============================================================================


      Code (inc. data)   RO Data    RW Data    ZI Data      Debug   

     54916       2998       4184       1280       6288    1175104   Grand Totals
     54916       2998       4184        468       6288    1175104   ELF Image Totals (compressed)
     54916       2998       4184        468          0          0   ROM Totals

==============================================================================

    Total RO  Size (Code + RO Data)                59100 (  57.71kB)
    Total RW  Size (RW Data + ZI Data)              7568 (   7.39kB)
    Total ROM Size (Code + RO Data + RW Data)      59568 (  58.17kB)

==============================================================================

