<html>
<body>
<pre>
<h1>礦ision Build Log</h1>
<h2>Tool Versions:</h2>
IDE-Version: μVision V5.36.0.0
Copyright (C) 2021 ARM Ltd and ARM Germany GmbH. All rights reserved.
License Information: 1 1, 1, LIC=4ZLZX-HNDF1-17YRR-KRWIM-AWNZL-D22CX
 
Tool Versions:
Toolchain:       MDK-ARM Professional  Version: 5.36.0.0
Toolchain Path:  D:\D02_learn\keil\ARM\ARMCC\Bin
C Compiler:      Armcc.exe V5.06 update 7 (build 960)
Assembler:       Armasm.exe V5.06 update 7 (build 960)
Linker/Locator:  ArmLink.exe V5.06 update 7 (build 960)
Library Manager: ArmAr.exe V5.06 update 7 (build 960)
Hex Converter:   FromElf.exe V5.06 update 7 (build 960)
CPU DLL:         SARMCM3.DLL V5.36.0.0
Dialog DLL:      DCM.DLL V1.17.3.0
Target DLL:      CMSIS_AGDI.dll V1.33.0.0
Dialog DLL:      TCM.DLL V1.53.0.0
 
<h2>Project:</h2>
D:\D02_learn\00电赛\5.飞控MCU源码工程-202011232059\5.飞控MCU源码工程\ANO_LX_FC_F407-20201011\ANO_LX_FC_F407\ProjectSTM32F407\ANO_LX_STM32F407.uvprojx
Project File Date:  11/30/2025

<h2>Output:</h2>
*** Using Compiler 'V5.06 update 7 (build 960)', folder: 'D:\D02_learn\keil\ARM\ARMCC\Bin'
Rebuild target 'Ano_LX'
compiling LX_FC_EXT_Sensor.c...
compiling Drv_AnoOf.c...
compiling LX_FC_Fun.c...
compiling ANO_DT_LX.c...
compiling User_Task.c...
compiling main.c...
compiling LX_FC_State.c...
compiling Ano_Scheduler.c...
compiling Drv_BSP.c...
compiling Ano_Math.c...
compiling ANO_LX.c...
assembling startup_stm32f4xx.s...
compiling Drv_UbloxGPS.c...
compiling stm32f4xx_it.c...
compiling Drv_Sys.c...
compiling Drv_adc.c...
compiling Drv_led.c...
compiling Drv_Timer.c...
compiling Drv_RcIn.c...
compiling Drv_PwmOut.c...
compiling system_stm32f4xx.c...
compiling Drv_Uart.c...
compiling misc.c...
compiling stm32f4xx_exti.c...
compiling stm32f4xx_dma.c...
compiling stm32f4xx_adc.c...
compiling stm32f4xx_gpio.c...
compiling stm32f4xx_flash.c...
compiling stm32f4xx_spi.c...
compiling stm32f4xx_rcc.c...
compiling stm32f4xx_usart.c...
compiling stm32f4xx_tim.c...
linking...
Program Size: Code=49812 RO-data=2112 RW-data=416 ZI-data=6240  
FromELF: creating hex file...
After Build - User command #1: fromelf.exe --bin -o ./ANO-LX.bin ./build/Ano_LX.axf
".\build\ANO_LX.axf" - 0 Error(s), 0 Warning(s).

<h2>Software Packages used:</h2>

Package Vendor: Keil
                http://www.keil.com/pack/Keil.STM32F4xx_DFP.2.2.0.pack
                Keil.STM32F4xx_DFP.2.2.0
                STMicroelectronics STM32F4 Series Device Support, Drivers and Examples

<h2>Collection of Component include folders:</h2>
  D:\D02_learn\keil\Keil\STM32F4xx_DFP\2.2.0\Drivers\CMSIS\Device\ST\STM32F4xx\Include

<h2>Collection of Component Files used:</h2>
Build Time Elapsed:  00:00:02
</pre>
</body>
</html>
